Archive member included because of file (symbol)

c:/users/vu/appdata/local/arduino15/packages/arduino/tools/arm-none-eabi-gcc/4.8.3-2014q1/bin/../lib/gcc/arm-none-eabi/4.8.3/../../../../arm-none-eabi/lib/armv6-m\libm.a(lib_a-sf_fpclassify.o)
                              VentusVentFirmware.cpp.o (__fpclassifyf)
c:/users/vu/appdata/local/arduino15/packages/arduino/tools/arm-none-eabi-gcc/4.8.3-2014q1/bin/../lib/gcc/arm-none-eabi/4.8.3/../../../../arm-none-eabi/lib/armv6-m\libm.a(lib_a-w_sqrt.o)
                              DHT_sensor_library\DHT.cpp.o (sqrt)
c:/users/vu/appdata/local/arduino15/packages/arduino/tools/arm-none-eabi-gcc/4.8.3-2014q1/bin/../lib/gcc/arm-none-eabi/4.8.3/../../../../arm-none-eabi/lib/armv6-m\libm.a(lib_a-e_sqrt.o)
                              c:/users/vu/appdata/local/arduino15/packages/arduino/tools/arm-none-eabi-gcc/4.8.3-2014q1/bin/../lib/gcc/arm-none-eabi/4.8.3/../../../../arm-none-eabi/lib/armv6-m\libm.a(lib_a-w_sqrt.o) (__ieee754_sqrt)
c:/users/vu/appdata/local/arduino15/packages/arduino/tools/arm-none-eabi-gcc/4.8.3-2014q1/bin/../lib/gcc/arm-none-eabi/4.8.3/../../../../arm-none-eabi/lib/armv6-m\libm.a(lib_a-s_fpclassify.o)
                              c:/users/vu/appdata/local/arduino15/packages/arduino/tools/arm-none-eabi-gcc/4.8.3-2014q1/bin/../lib/gcc/arm-none-eabi/4.8.3/../../../../arm-none-eabi/lib/armv6-m\libm.a(lib_a-w_sqrt.o) (__fpclassifyd)
c:/users/vu/appdata/local/arduino15/packages/arduino/tools/arm-none-eabi-gcc/4.8.3-2014q1/bin/../lib/gcc/arm-none-eabi/4.8.3/../../../../arm-none-eabi/lib/armv6-m\libm.a(lib_a-s_lib_ver.o)
                              c:/users/vu/appdata/local/arduino15/packages/arduino/tools/arm-none-eabi-gcc/4.8.3-2014q1/bin/../lib/gcc/arm-none-eabi/4.8.3/../../../../arm-none-eabi/lib/armv6-m\libm.a(lib_a-w_sqrt.o) (__fdlib_version)
c:/users/vu/appdata/local/arduino15/packages/arduino/tools/arm-none-eabi-gcc/4.8.3-2014q1/bin/../lib/gcc/arm-none-eabi/4.8.3/../../../../arm-none-eabi/lib/armv6-m\libm.a(lib_a-s_matherr.o)
                              c:/users/vu/appdata/local/arduino15/packages/arduino/tools/arm-none-eabi-gcc/4.8.3-2014q1/bin/../lib/gcc/arm-none-eabi/4.8.3/../../../../arm-none-eabi/lib/armv6-m\libm.a(lib_a-w_sqrt.o) (matherr)
C:\Users\Vu\AppData\Local\Temp\VMBuilds\VentusVentFirmware\adafruit_adafruit_feather_m0\Debug/core.a(cortex_handlers.c.o)
                              (Reset_Handler)
C:\Users\Vu\AppData\Local\Temp\VMBuilds\VentusVentFirmware\adafruit_adafruit_feather_m0\Debug/core.a(delay.c.o)
                              VentusVentFirmware.cpp.o (millis)
C:\Users\Vu\AppData\Local\Temp\VMBuilds\VentusVentFirmware\adafruit_adafruit_feather_m0\Debug/core.a(hooks.c.o)
                              C:\Users\Vu\AppData\Local\Temp\VMBuilds\VentusVentFirmware\adafruit_adafruit_feather_m0\Debug/core.a(delay.c.o) (yield)
C:\Users\Vu\AppData\Local\Temp\VMBuilds\VentusVentFirmware\adafruit_adafruit_feather_m0\Debug/core.a(startup.c.o)
                              C:\Users\Vu\AppData\Local\Temp\VMBuilds\VentusVentFirmware\adafruit_adafruit_feather_m0\Debug/core.a(cortex_handlers.c.o) (SystemInit)
C:\Users\Vu\AppData\Local\Temp\VMBuilds\VentusVentFirmware\adafruit_adafruit_feather_m0\Debug/core.a(WInterrupts.c.o)
                              WiFi101\bsp\source\nm_bsp_arduino.c.o (attachInterrupt)
C:\Users\Vu\AppData\Local\Temp\VMBuilds\VentusVentFirmware\adafruit_adafruit_feather_m0\Debug/core.a(wiring.c.o)
                              DHT_sensor_library\DHT.cpp.o (SystemCoreClock)
C:\Users\Vu\AppData\Local\Temp\VMBuilds\VentusVentFirmware\adafruit_adafruit_feather_m0\Debug/core.a(wiring_analog.c.o)
                              C:\Users\Vu\AppData\Local\Temp\VMBuilds\VentusVentFirmware\adafruit_adafruit_feather_m0\Debug/core.a(wiring.c.o) (analogReference)
C:\Users\Vu\AppData\Local\Temp\VMBuilds\VentusVentFirmware\adafruit_adafruit_feather_m0\Debug/core.a(wiring_digital.c.o)
                              VentusVentFirmware.cpp.o (pinMode)
C:\Users\Vu\AppData\Local\Temp\VMBuilds\VentusVentFirmware\adafruit_adafruit_feather_m0\Debug/core.a(wiring_private.c.o)
                              SPI\SPI.cpp.o (pinPeripheral)
C:\Users\Vu\AppData\Local\Temp\VMBuilds\VentusVentFirmware\adafruit_adafruit_feather_m0\Debug/core.a(abi.cpp.o)
                              VentusVentFirmware.cpp.o (__cxa_pure_virtual)
C:\Users\Vu\AppData\Local\Temp\VMBuilds\VentusVentFirmware\adafruit_adafruit_feather_m0\Debug/core.a(IPAddress.cpp.o)
                              WiFi101\WiFi.cpp.o (IPAddress::IPAddress())
C:\Users\Vu\AppData\Local\Temp\VMBuilds\VentusVentFirmware\adafruit_adafruit_feather_m0\Debug/core.a(main.cpp.o)
                              c:/users/vu/appdata/local/arduino15/packages/arduino/tools/arm-none-eabi-gcc/4.8.3-2014q1/bin/../lib/gcc/arm-none-eabi/4.8.3/../../../../arm-none-eabi/lib/armv6-m/crt0.o (main)
C:\Users\Vu\AppData\Local\Temp\VMBuilds\VentusVentFirmware\adafruit_adafruit_feather_m0\Debug/core.a(new.cpp.o)
[...]
Memory Configuration

Name             Origin             Length             Attributes
FLASH            0x00002000         0x0003e000         xr
RAM              0x20000000         0x00008000         xrw
*default*        0x00000000         0xffffffff

Linker script and memory map

LOAD c:/users/vu/appdata/local/arduino15/packages/arduino/tools/arm-none-eabi-gcc/4.8.3-2014q1/bin/../lib/gcc/arm-none-eabi/4.8.3/armv6-m/crti.o
LOAD c:/users/vu/appdata/local/arduino15/packages/arduino/tools/arm-none-eabi-gcc/4.8.3-2014q1/bin/../lib/gcc/arm-none-eabi/4.8.3/armv6-m/crtbegin.o
LOAD c:/users/vu/appdata/local/arduino15/packages/arduino/tools/arm-none-eabi-gcc/4.8.3-2014q1/bin/../lib/gcc/arm-none-eabi/4.8.3/../../../../arm-none-eabi/lib/armv6-m/crt0.o
LOAD VentusVentFirmware.cpp.o
LOAD DHT_sensor_library\DHT.cpp.o
LOAD DHT_sensor_library\DHT_U.cpp.o
LOAD Servo\avr\Servo.cpp.o
LOAD Servo\megaavr\Servo.cpp.o
LOAD Servo\nrf52\Servo.cpp.o
LOAD Servo\sam\Servo.cpp.o
LOAD Servo\samd\Servo.cpp.o
LOAD Servo\stm32f4\Servo.cpp.o
LOAD SPI\SPI.cpp.o
LOAD WiFi101\WiFi.cpp.o
LOAD WiFi101\WiFiClient.cpp.o
LOAD WiFi101\WiFiMDNSResponder.cpp.o
LOAD WiFi101\WiFiServer.cpp.o
LOAD WiFi101\WiFiSSLClient.cpp.o
LOAD WiFi101\WiFiUdp.cpp.o
LOAD WiFi101\bsp\source\nm_bsp_arduino.c.o
LOAD WiFi101\bsp\source\nm_bsp_arduino_avr.c.o
LOAD WiFi101\bus_wrapper\source\nm_bus_wrapper_samd21.cpp.o
LOAD WiFi101\common\source\nm_common.c.o
LOAD WiFi101\driver\source\m2m_ate_mode.c.o
LOAD WiFi101\driver\source\m2m_crypto.c.o
LOAD WiFi101\driver\source\m2m_hif.c.o
LOAD WiFi101\driver\source\m2m_ota.c.o
LOAD WiFi101\driver\source\m2m_periph.c.o
LOAD WiFi101\driver\source\m2m_ssl.c.o
LOAD WiFi101\driver\source\m2m_wifi.c.o
LOAD WiFi101\driver\source\nmasic.c.o
LOAD WiFi101\driver\source\nmbus.c.o
LOAD WiFi101\driver\source\nmdrv.c.o
LOAD WiFi101\driver\source\nmi2c.c.o
LOAD WiFi101\driver\source\nmspi.c.o
LOAD WiFi101\driver\source\nmuart.c.o
LOAD WiFi101\socket\source\socket.c.o
LOAD WiFi101\spi_flash\source\spi_flash.c.o
LOAD WiFi101\utility\WiFiSocket.cpp.o
LOAD VM_DBG\VM_DBG.cpp.o
LOAD VM_DBG\VM_mem_check_sam.cpp.o
LOAD C:\Users\Vu\AppData\Local\Temp\VMBCore\arduino16x\c969064e9e83f8761415029af19c2463\variant\variant.cpp.o
START GROUP
LOAD C:\Users\Vu\AppData\Local\arduino15\packages\arduino\tools\CMSIS\4.5.0/CMSIS/Lib/GCC/\libarm_cortexM0l_math.a
LOAD c:/users/vu/appdata/local/arduino15/packages/arduino/tools/arm-none-eabi-gcc/4.8.3-2014q1/bin/../lib/gcc/arm-none-eabi/4.8.3/../../../../arm-none-eabi/lib/armv6-m\libm.a
LOAD C:\Users\Vu\AppData\Local\Temp\VMBuilds\VentusVentFirmware\adafruit_adafruit_feather_m0\Debug/core.a
END GROUP
START GROUP
LOAD c:/users/vu/appdata/local/arduino15/packages/arduino/tools/arm-none-eabi-gcc/4.8.3-2014q1/bin/../lib/gcc/arm-none-eabi/4.8.3/armv6-m\libgcc.a
LOAD c:/users/vu/appdata/local/arduino15/packages/arduino/tools/arm-none-eabi-gcc/4.8.3-2014q1/bin/../lib/gcc/arm-none-eabi/4.8.3/../../../../arm-none-eabi/lib/armv6-m\libc_s.a
END GROUP
START GROUP
LOAD c:/users/vu/appdata/local/arduino15/packages/arduino/tools/arm-none-eabi-gcc/4.8.3-2014q1/bin/../lib/gcc/arm-none-eabi/4.8.3/armv6-m\libgcc.a
LOAD c:/users/vu/appdata/local/arduino15/packages/arduino/tools/arm-none-eabi-gcc/4.8.3-2014q1/bin/../lib/gcc/arm-none-eabi/4.8.3/../../../../arm-none-eabi/lib/armv6-m\libc_s.a
LOAD c:/users/vu/appdata/local/arduino15/packages/arduino/tools/arm-none-eabi-gcc/4.8.3-2014q1/bin/../lib/gcc/arm-none-eabi/4.8.3/../../../../arm-none-eabi/lib/armv6-m\libnosys.a
END GROUP
START GROUP
LOAD c:/users/vu/appdata/local/arduino15/packages/arduino/tools/arm-none-eabi-gcc/4.8.3-2014q1/bin/../lib/gcc/arm-none-eabi/4.8.3/armv6-m\libgcc.a
LOAD c:/users/vu/appdata/local/arduino15/packages/arduino/tools/arm-none-eabi-gcc/4.8.3-2014q1/bin/../lib/gcc/arm-none-eabi/4.8.3/../../../../arm-none-eabi/lib/armv6-m\libc_s.a
LOAD c:/users/vu/appdata/local/arduino15/packages/arduino/tools/arm-none-eabi-gcc/4.8.3-2014q1/bin/../lib/gcc/arm-none-eabi/4.8.3/../../../../arm-none-eabi/lib/armv6-m\libnosys.a
END GROUP
LOAD c:/users/vu/appdata/local/arduino15/packages/arduino/tools/arm-none-eabi-gcc/4.8.3-2014q1/bin/../lib/gcc/arm-none-eabi/4.8.3/armv6-m/crtend.o
LOAD c:/users/vu/appdata/local/arduino15/packages/arduino/tools/arm-none-eabi-gcc/4.8.3-2014q1/bin/../lib/gcc/arm-none-eabi/4.8.3/armv6-m/crtn.o

.text           0x00002000     0xcf90
                0x00002000                __text_start__ = .
 *(.sketch_boot)
                0x00002000                . = ALIGN (0x2000)
 *(.isr_vector)
 .isr_vector    0x00002000       0xb4 C:\Users\Vu\AppData\Local\Temp\VMBuilds\VentusVentFirmware\adafruit_adafruit_feather_m0\Debug/core.a(cortex_handlers.c.o)
                0x00002000                exception_table
 *(.text*)
 .text          0x000020b4       0x60 c:/users/vu/appdata/local/arduino15/packages/arduino/tools/arm-none-eabi-gcc/4.8.3-2014q1/bin/../lib/gcc/arm-none-eabi/4.8.3/armv6-m/crtbegin.o
 .text._ZN15Adafruit_SensorD2Ev
                0x00002114        0xc VentusVentFirmware.cpp.o
                0x00002114                Adafruit_Sensor::~Adafruit_Sensor()
                0x00002114                Adafruit_Sensor::~Adafruit_Sensor()
 .text._ZN15Adafruit_Sensor15enableAutoRangeEb
                0x00002120        0x2 VentusVentFirmware.cpp.o
                0x00002120                Adafruit_Sensor::enableAutoRange(bool)
 *fill*         0x00002122        0x2 
 .text._ZN11DHT_UnifiedD2Ev
                0x00002124        0xc VentusVentFirmware.cpp.o
                0x00002124                DHT_Unified::~DHT_Unified()
                0x00002124                DHT_Unified::~DHT_Unified()
 .text._ZN15Adafruit_SensorD0Ev
                0x00002130       0x14 VentusVentFirmware.cpp.o
                0x00002130                Adafruit_Sensor::~Adafruit_Sensor()
 .text._Z11connectWiFiv
                0x00002144       0x50 VentusVentFirmware.cpp.o
                0x00002144                connectWiFi()
 .text._Z9calibrate5Servoiii
                0x00002194       0x58 VentusVentFirmware.cpp.o
                0x00002194                calibrate(Servo, int, int, int)
 .text.setup    0x000021ec       0xc4 VentusVentFirmware.cpp.o
                0x000021ec                setup
 .text._Z7readBatv
                0x000022b0       0x60 VentusVentFirmware.cpp.o
                0x000022b0                readBat()
 .text._Z14readBatPercentv
                0x00002310       0x98 VentusVentFirmware.cpp.o
                0x00002310                readBatPercent()
 .text.startup._GLOBAL__sub_I___VisualMicro_DEBUG_1_HITCOUNTER__
                0x000023a8       0x58 VentusVentFirmware.cpp.o
 .text._Z11httpRequestv
                0x00002400      0x3b0 VentusVentFirmware.cpp.o
                0x00002400                httpRequest()
 .text.loop     0x000027b0      0x1c4 VentusVentFirmware.cpp.o
                0x000027b0                loop
 .text._ZN3DHTC2Ehhh
                0x00002974       0x28 DHT_sensor_library\DHT.cpp.o
                0x00002974                DHT::DHT(unsigned char, unsigned char, unsigned char)
                0x00002974                DHT::DHT(unsigned char, unsigned char, unsigned char)
 .text._ZN3DHT5beginEh
                0x0000299c       0x20 DHT_sensor_library\DHT.cpp.o
                0x0000299c                DHT::begin(unsigned char)
 .text._ZN3DHT11expectPulseEb
                0x000029bc       0x28 DHT_sensor_library\DHT.cpp.o
                0x000029bc                DHT::expectPulse(bool)
 .text._ZN3DHT4readEb
                0x000029e4      0x120 DHT_sensor_library\DHT.cpp.o
                0x000029e4                DHT::read(bool)
 *fill*         0x00002b04        0x4 
 .text._ZN3DHT15readTemperatureEbb
                0x00002b08      0x120 DHT_sensor_library\DHT.cpp.o
                0x00002b08                DHT::readTemperature(bool, bool)
 .text._ZN3DHT12readHumidityEb
                0x00002c28       0x80 DHT_sensor_library\DHT.cpp.o
                0x00002c28                DHT::readHumidity(bool)
 .text._ZN11DHT_Unified8HumidityD2Ev
                0x00002ca8        0xc DHT_sensor_library\DHT_U.cpp.o
                0x00002ca8                DHT_Unified::Humidity::~Humidity()
                0x00002ca8                DHT_Unified::Humidity::~Humidity()
 .text._ZN11DHT_Unified11TemperatureD2Ev
                0x00002cb4        0xc DHT_sensor_library\DHT_U.cpp.o
                0x00002cb4                DHT_Unified::Temperature::~Temperature()
                0x00002cb4                DHT_Unified::Temperature::~Temperature()
 .text._ZN11DHT_Unified8HumidityD0Ev
                0x00002cc0       0x14 DHT_sensor_library\DHT_U.cpp.o
                0x00002cc0                DHT_Unified::Humidity::~Humidity()
 .text._ZN11DHT_Unified11TemperatureD0Ev
                0x00002cd4       0x14 DHT_sensor_library\DHT_U.cpp.o
                0x00002cd4                DHT_Unified::Temperature::~Temperature()
 .text._ZN11DHT_Unified11Temperature8getEventEP15sensors_event_t
                0x00002ce8       0x32 DHT_sensor_library\DHT_U.cpp.o
                0x00002ce8                DHT_Unified::Temperature::getEvent(sensors_event_t*)
 .text._ZN11DHT_Unified8Humidity8getEventEP15sensors_event_t
                0x00002d1a       0x30 DHT_sensor_library\DHT_U.cpp.o
                0x00002d1a                DHT_Unified::Humidity::getEvent(sensors_event_t*)
 *fill*         0x00002d4a        0x2 
 .text._ZN11DHT_UnifiedC2Ehhhll
                0x00002d4c       0x30 DHT_sensor_library\DHT_U.cpp.o
                0x00002d4c                DHT_Unified::DHT_Unified(unsigned char, unsigned char, unsigned char, long, long)
                0x00002d4c                DHT_Unified::DHT_Unified(unsigned char, unsigned char, unsigned char, long, long)
 .text._ZN11DHT_Unified5beginEv
                0x00002d7c        0xa DHT_sensor_library\DHT_U.cpp.o
                0x00002d7c                DHT_Unified::begin()
 *fill*         0x00002d86        0x2 
 .text._ZN11DHT_Unified7setNameEP8sensor_t
                0x00002d88       0x58 DHT_sensor_library\DHT_U.cpp.o
                0x00002d88                DHT_Unified::setName(sensor_t*)
 .text._ZN11DHT_Unified11setMinDelayEP8sensor_t
                0x00002de0       0x2c DHT_sensor_library\DHT_U.cpp.o
                0x00002de0                DHT_Unified::setMinDelay(sensor_t*)
 .text._ZN11DHT_Unified11Temperature9getSensorEP8sensor_t
                0x00002e0c       0x98 DHT_sensor_library\DHT_U.cpp.o
                0x00002e0c                DHT_Unified::Temperature::getSensor(sensor_t*)
 .text._ZN11DHT_Unified8Humidity9getSensorEP8sensor_t
                0x00002ea4       0x84 DHT_sensor_library\DHT_U.cpp.o
                0x00002ea4                DHT_Unified::Humidity::getSensor(sensor_t*)
 .text._Z13Servo_Handler18timer16_Sequence_tP2Tchh
                0x00002f28      0x128 Servo\samd\Servo.cpp.o
                0x00002f28                Servo_Handler(timer16_Sequence_t, Tc*, unsigned char, unsigned char)
 .text.TC4_Handler
                0x00003050       0x14 Servo\samd\Servo.cpp.o
                0x00003050                TC4_Handler
 .text._ZN5ServoC2Ev
                0x00003064       0x48 Servo\samd\Servo.cpp.o
                0x00003064                Servo::Servo()
                0x00003064                Servo::Servo()
 .text._ZN5Servo6attachEiii
                0x000030ac      0x14c Servo\samd\Servo.cpp.o
                0x000030ac                Servo::attach(int, int, int)
 .text._ZN5Servo6attachEi
                0x000031f8       0x10 Servo\samd\Servo.cpp.o
                0x000031f8                Servo::attach(int)
 .text._ZN5Servo17writeMicrosecondsEi
                0x00003208       0x50 Servo\samd\Servo.cpp.o
                0x00003208                Servo::writeMicroseconds(int)
 .text._ZN5Servo5writeEi
                0x00003258       0x44 Servo\samd\Servo.cpp.o
                0x00003258                Servo::write(int)
 .text._ZN8SPIClass4initEv
                0x0000329c       0x12 SPI\SPI.cpp.o
                0x0000329c                SPIClass::init()
 .text._ZN8SPIClass6configE11SPISettings
                0x000032ae       0x36 SPI\SPI.cpp.o
                0x000032ae                SPIClass::config(SPISettings)
 .text._ZN8SPIClass5beginEv
                0x000032e4       0x50 SPI\SPI.cpp.o
                0x000032e4                SPIClass::begin()
 .text._ZN8SPIClass3endEv
                0x00003334       0x10 SPI\SPI.cpp.o
                0x00003334                SPIClass::end()
 .text._ZN8SPIClass16beginTransactionE11SPISettings
                0x00003344       0x38 SPI\SPI.cpp.o
                0x00003344                SPIClass::beginTransaction(SPISettings)
 .text._ZN8SPIClass14endTransactionEv
                0x0000337c       0x24 SPI\SPI.cpp.o
                0x0000337c                SPIClass::endTransaction()
 .text._ZN8SPIClass8transferEh
                0x000033a0        0xa SPI\SPI.cpp.o
                0x000033a0                SPIClass::transfer(unsigned char)
 *fill*         0x000033aa        0x2 
 .text.startup._GLOBAL__sub_I__ZN8SPIClassC2EP6SERCOMhhh14SercomSpiTXPad11SercomRXPad
                0x000033ac       0x38 SPI\SPI.cpp.o
 .text._ZL10resolve_cbPhm
                0x000033e4        0xc WiFi101\WiFi.cpp.o
 .text._ZL9socket_cbahPv
                0x000033f0        0x8 WiFi101\WiFi.cpp.o
 .text._ZN9WiFiClass7setPinsEaaaa
                0x000033f8       0x2c WiFi101\WiFi.cpp.o
                0x000033f8                WiFiClass::setPins(signed char, signed char, signed char, signed char)
 .text._ZN9WiFiClass4initEv
                0x00003424       0xe0 WiFi101\WiFi.cpp.o
                0x00003424                WiFiClass::init()
 .text._ZN9WiFiClass5beginEv
                0x00003504       0x8c WiFi101\WiFi.cpp.o
                0x00003504                WiFiClass::begin()
 .text._ZN9WiFiClass12startConnectEPKchPKv
                0x00003590       0xb0 WiFi101\WiFi.cpp.o
                0x00003590                WiFiClass::startConnect(char const*, unsigned char, void const*)
 .text._ZN9WiFiClass5beginEPKcS1_
                0x00003640        0xc WiFi101\WiFi.cpp.o
                0x00003640                WiFiClass::begin(char const*, char const*)
 .text._ZN9WiFiClass14startProvisionEPKcS1_h
                0x0000364c       0xc4 WiFi101\WiFi.cpp.o
                0x0000364c                WiFiClass::startProvision(char const*, char const*, unsigned char)
 .text._ZN9WiFiClass10macAddressEPh
                0x00003710       0x26 WiFi101\WiFi.cpp.o
                0x00003710                WiFiClass::macAddress(unsigned char*)
 *fill*         0x00003736        0x2 
 .text._ZN9WiFiClass4RSSIEv
                0x00003738       0x5c WiFi101\WiFi.cpp.o
                0x00003738                WiFiClass::RSSI()
 .text._ZN9WiFiClass6statusEv
                0x00003794       0x1a WiFi101\WiFi.cpp.o
                0x00003794                WiFiClass::status()
 *fill*         0x000037ae        0x2 
 .text._ZN9WiFiClass14beginProvisionEh
                0x000037b0       0x44 WiFi101\WiFi.cpp.o
                0x000037b0                WiFiClass::beginProvision(unsigned char)
 .text._ZN9WiFiClass14beginProvisionEv
                0x000037f4        0xa WiFi101\WiFi.cpp.o
                0x000037f4                WiFiClass::beginProvision()
 *fill*         0x000037fe        0x2 
 .text._ZN9WiFiClass11handleEventEhPv
                0x00003800      0x20c WiFi101\WiFi.cpp.o
                0x00003800                WiFiClass::handleEvent(unsigned char, void*)
 .text._ZL7wifi_cbhPv
                0x00003a0c       0x14 WiFi101\WiFi.cpp.o
 .text._ZN9WiFiClass10hostByNameEPKcR9IPAddress
                0x00003a20       0x90 WiFi101\WiFi.cpp.o
                0x00003a20                WiFiClass::hostByName(char const*, IPAddress&)
 .text._ZN9WiFiClass12lowPowerModeEv
                0x00003ab0        0xc WiFi101\WiFi.cpp.o
                0x00003ab0                WiFiClass::lowPowerMode()
 .text.startup._GLOBAL__sub_I__ZN9WiFiClass11handleEventEhPv
                0x00003abc       0x30 WiFi101\WiFi.cpp.o
 .text._ZN5Print17availableForWriteEv
                0x00003aec        0x4 WiFi101\WiFiClient.cpp.o
                0x00003aec                Print::availableForWrite()
 .text._ZN10WiFiClient5writeEh
                0x00003af0       0x14 WiFi101\WiFiClient.cpp.o
                0x00003af0                WiFiClient::write(unsigned char)
 .text._ZN10WiFiClient4readEv
                0x00003b04       0x1e WiFi101\WiFiClient.cpp.o
                0x00003b04                WiFiClient::read()
 .text._ZN10WiFiClient5flushEv
                0x00003b22        0x2 WiFi101\WiFiClient.cpp.o
                0x00003b22                WiFiClient::flush()
 .text._ZN10WiFiClientcvbEv
                0x00003b24        0xe WiFi101\WiFiClient.cpp.o
                0x00003b24                WiFiClient::operator bool()
 *fill*         0x00003b32        0x2 
 .text._ZN10WiFiClient4stopEv
                0x00003b34       0x1c WiFi101\WiFiClient.cpp.o
                0x00003b34                WiFiClient::stop()
 .text._ZN10WiFiClient9availableEv
                0x00003b50       0x18 WiFi101\WiFiClient.cpp.o
                0x00003b50                WiFiClient::available()
 .text._ZN10WiFiClient4readEPhj
                0x00003b68       0x30 WiFi101\WiFiClient.cpp.o
                0x00003b68                WiFiClient::read(unsigned char*, unsigned int)
 .text._ZN10WiFiClient4peekEv
                0x00003b98       0x24 WiFi101\WiFiClient.cpp.o
                0x00003b98                WiFiClient::peek()
 .text._ZN10WiFiClient9connectedEv
                0x00003bbc       0x1c WiFi101\WiFiClient.cpp.o
                0x00003bbc                WiFiClient::connected()
 .text._ZN10WiFiClient8remoteIPEv
                0x00003bd8       0x28 WiFi101\WiFiClient.cpp.o
                0x00003bd8                WiFiClient::remoteIP()
 .text._ZN10WiFiClient10remotePortEv
                0x00003c00       0x30 WiFi101\WiFiClient.cpp.o
                0x00003c00                WiFiClient::remotePort()
 .text._ZN10WiFiClient5writeEPKhj
                0x00003c30       0x40 WiFi101\WiFiClient.cpp.o
                0x00003c30                WiFiClient::write(unsigned char const*, unsigned int)
 .text._ZN10WiFiClientC2Ev
                0x00003c70       0x1c WiFi101\WiFiClient.cpp.o
                0x00003c70                WiFiClient::WiFiClient()
                0x00003c70                WiFiClient::WiFiClient()
 .text._ZN10WiFiClient7connectE9IPAddressthPKh
                0x00003c8c       0x90 WiFi101\WiFiClient.cpp.o
                0x00003c8c                WiFiClient::connect(IPAddress, unsigned short, unsigned char, unsigned char const*)
 .text._ZN10WiFiClient10connectSSLE9IPAddresst
                0x00003d1c       0x20 WiFi101\WiFiClient.cpp.o
                0x00003d1c                WiFiClient::connectSSL(IPAddress, unsigned short)
 .text._ZN10WiFiClient7connectE9IPAddresst
                0x00003d3c       0x1c WiFi101\WiFiClient.cpp.o
                0x00003d3c                WiFiClient::connect(IPAddress, unsigned short)
 .text._ZN10WiFiClient7connectEPKcth
                0x00003d58       0x44 WiFi101\WiFiClient.cpp.o
                0x00003d58                WiFiClient::connect(char const*, unsigned short, unsigned char)
 .text._ZN10WiFiClient10connectSSLEPKct
                0x00003d9c        0xa WiFi101\WiFiClient.cpp.o
                0x00003d9c                WiFiClient::connectSSL(char const*, unsigned short)
 .text._ZN10WiFiClient7connectEPKct
                0x00003da6        0xa WiFi101\WiFiClient.cpp.o
                0x00003da6                WiFiClient::connect(char const*, unsigned short)
 .text.startup._GLOBAL__sub_I__ZN10WiFiClientC2Ev
                0x00003db0       0x18 WiFi101\WiFiClient.cpp.o
 .text.startup._GLOBAL__sub_I__ZN17WiFiMDNSResponderC2Ev
                0x00003dc8       0x18 WiFi101\WiFiMDNSResponder.cpp.o
 .text.startup._GLOBAL__sub_I__ZN10WiFiServerC2Et
                0x00003de0       0x18 WiFi101\WiFiServer.cpp.o
 .text._ZN13WiFiSSLClient7connectE9IPAddresst
                0x00003df8       0x18 WiFi101\WiFiSSLClient.cpp.o
                0x00003df8                WiFiSSLClient::connect(IPAddress, unsigned short)
 .text._ZN13WiFiSSLClient7connectEPKct
                0x00003e10        0x8 WiFi101\WiFiSSLClient.cpp.o
                0x00003e10                WiFiSSLClient::connect(char const*, unsigned short)
 .text._ZN13WiFiSSLClientC2Ev
                0x00003e18       0x18 WiFi101\WiFiSSLClient.cpp.o
                0x00003e18                WiFiSSLClient::WiFiSSLClient()
                0x00003e18                WiFiSSLClient::WiFiSSLClient()
 .text.startup._GLOBAL__sub_I__ZN13WiFiSSLClientC2Ev
                0x00003e30       0x18 WiFi101\WiFiSSLClient.cpp.o
 .text.startup._GLOBAL__sub_I__ZN7WiFiUDPC2Ev
                0x00003e48       0x18 WiFi101\WiFiUdp.cpp.o
 .text.chip_isr
                0x00003e60       0x14 WiFi101\bsp\source\nm_bsp_arduino.c.o
 .text.attachInterruptMultiArch
                0x00003e74        0x8 WiFi101\bsp\source\nm_bsp_arduino.c.o
                0x00003e74                attachInterruptMultiArch
 .text.detachInterruptMultiArch
                0x00003e7c        0x8 WiFi101\bsp\source\nm_bsp_arduino.c.o
                0x00003e7c                detachInterruptMultiArch
 .text.nm_bsp_sleep
                0x00003e84       0x14 WiFi101\bsp\source\nm_bsp_arduino.c.o
                0x00003e84                nm_bsp_sleep
 .text.nm_bsp_reset
                0x00003e98       0x30 WiFi101\bsp\source\nm_bsp_arduino.c.o
                0x00003e98                nm_bsp_reset
 .text.nm_bsp_init
                0x00003ec8       0x58 WiFi101\bsp\source\nm_bsp_arduino.c.o
                0x00003ec8                nm_bsp_init
 .text.nm_bsp_register_isr
                0x00003f20       0x24 WiFi101\bsp\source\nm_bsp_arduino.c.o
                0x00003f20                nm_bsp_register_isr
 .text.nm_bsp_interrupt_ctrl
                0x00003f44       0x28 WiFi101\bsp\source\nm_bsp_arduino.c.o
                0x00003f44                nm_bsp_interrupt_ctrl
 .text.nm_bus_init
                0x00003f6c       0x34 WiFi101\bus_wrapper\source\nm_bus_wrapper_samd21.cpp.o
                0x00003f6c                nm_bus_init
 .text.nm_bus_ioctl
                0x00003fa0       0x98 WiFi101\bus_wrapper\source\nm_bus_wrapper_samd21.cpp.o
                0x00003fa0                nm_bus_ioctl
 .text.nm_bus_deinit
                0x00004038       0x10 WiFi101\bus_wrapper\source\nm_bus_wrapper_samd21.cpp.o
                0x00004038                nm_bus_deinit
 .text.startup._GLOBAL__sub_I_egstrNmBusCapabilities
                0x00004048       0x18 WiFi101\bus_wrapper\source\nm_bus_wrapper_samd21.cpp.o
 .text.m2m_memcpy
                0x00004060       0x12 WiFi101\common\source\nm_common.c.o
                0x00004060                m2m_memcpy
 .text.m2m_memset
                0x00004072       0x10 WiFi101\common\source\nm_common.c.o
                0x00004072                m2m_memset
 .text.m2m_strlen
                0x00004082       0x14 WiFi101\common\source\nm_common.c.o
                0x00004082                m2m_strlen
 *fill*         0x00004096        0x2 
 .text.isr      0x00004098       0x10 WiFi101\driver\source\m2m_hif.c.o
 .text.m2m_hif_cb
                0x000040a8        0x2 WiFi101\driver\source\m2m_hif.c.o
 *fill*         0x000040aa        0x2 
 .text.hif_set_rx_done
                0x000040ac       0x3c WiFi101\driver\source\m2m_hif.c.o
 .text.hif_chip_wake
                0x000040e8       0x34 WiFi101\driver\source\m2m_hif.c.o
                0x000040e8                hif_chip_wake
 .text.hif_set_sleep_mode
                0x0000411c        0xc WiFi101\driver\source\m2m_hif.c.o
                0x0000411c                hif_set_sleep_mode
 .text.hif_chip_sleep_sc
                0x00004128       0x18 WiFi101\driver\source\m2m_hif.c.o
                0x00004128                hif_chip_sleep_sc
 .text.hif_chip_sleep
                0x00004140       0x2c WiFi101\driver\source\m2m_hif.c.o
                0x00004140                hif_chip_sleep
 .text.hif_init
                0x0000416c       0x28 WiFi101\driver\source\m2m_hif.c.o
                0x0000416c                hif_init
 .text.hif_send
                0x00004194      0x190 WiFi101\driver\source\m2m_hif.c.o
                0x00004194                hif_send
 .text.hif_handle_isr
                0x00004324      0x160 WiFi101\driver\source\m2m_hif.c.o
                0x00004324                hif_handle_isr
 .text.hif_receive
                0x00004484       0x58 WiFi101\driver\source\m2m_hif.c.o
                0x00004484                hif_receive
 .text.hif_register_cb
                0x000044dc       0x3c WiFi101\driver\source\m2m_hif.c.o
                0x000044dc                hif_register_cb
 .text.get_gpio_idx
                0x00004518       0x3a WiFi101\driver\source\m2m_periph.c.o
 .text.m2m_periph_gpio_set_dir
                0x00004552       0x28 WiFi101\driver\source\m2m_periph.c.o
                0x00004552                m2m_periph_gpio_set_dir
 .text.m2m_periph_gpio_set_val
                0x0000457a       0x28 WiFi101\driver\source\m2m_periph.c.o
                0x0000457a                m2m_periph_gpio_set_val
 .text.m2m_ssl_set_active_ciphersuites
                0x000045a2       0x1c WiFi101\driver\source\m2m_ssl.c.o
                0x000045a2                m2m_ssl_set_active_ciphersuites
 *fill*         0x000045be        0x2 
 .text.m2m_wifi_cb
                0x000045c0      0x188 WiFi101\driver\source\m2m_wifi.c.o
 .text.m2m_validate_ap_parameters
                0x00004748       0x96 WiFi101\driver\source\m2m_wifi.c.o
 *fill*         0x000047de        0x2 
 .text.m2m_wifi_init
                0x000047e0       0x70 WiFi101\driver\source\m2m_wifi.c.o
                0x000047e0                m2m_wifi_init
 .text.m2m_wifi_handle_events
                0x00004850        0x8 WiFi101\driver\source\m2m_wifi.c.o
                0x00004850                m2m_wifi_handle_events
 .text.m2m_wifi_default_connect
                0x00004858       0x18 WiFi101\driver\source\m2m_wifi.c.o
                0x00004858                m2m_wifi_default_connect
 .text.m2m_wifi_connect_sc
                0x00004870      0x10c WiFi101\driver\source\m2m_wifi.c.o
                0x00004870                m2m_wifi_connect_sc
 .text.m2m_wifi_connect
                0x0000497c       0x12 WiFi101\driver\source\m2m_wifi.c.o
                0x0000497c                m2m_wifi_connect
 .text.m2m_wifi_req_curr_rssi
                0x0000498e       0x18 WiFi101\driver\source\m2m_wifi.c.o
                0x0000498e                m2m_wifi_req_curr_rssi
 .text.m2m_wifi_get_mac_address
                0x000049a6       0x1e WiFi101\driver\source\m2m_wifi.c.o
                0x000049a6                m2m_wifi_get_mac_address
 .text.m2m_wifi_set_sleep_mode
                0x000049c4       0x2c WiFi101\driver\source\m2m_wifi.c.o
                0x000049c4                m2m_wifi_set_sleep_mode
 .text.m2m_wifi_start_provision_mode
                0x000049f0       0x94 WiFi101\driver\source\m2m_wifi.c.o
                0x000049f0                m2m_wifi_start_provision_mode
 .text.m2m_wifi_get_connection_info
                0x00004a84       0x18 WiFi101\driver\source\m2m_wifi.c.o
                0x00004a84                m2m_wifi_get_connection_info
 .text.chip_apply_conf
                0x00004a9c       0x2c WiFi101\driver\source\nmasic.c.o
                0x00004a9c                chip_apply_conf
 .text.enable_interrupts
                0x00004ac8       0x50 WiFi101\driver\source\nmasic.c.o
                0x00004ac8                enable_interrupts
 .text.nmi_get_chipid
                0x00004b18       0xac WiFi101\driver\source\nmasic.c.o
                0x00004b18                nmi_get_chipid
 .text.chip_sleep
                0x00004bc4       0x5e WiFi101\driver\source\nmasic.c.o
                0x00004bc4                chip_sleep
 .text.chip_wake
                0x00004c22       0x7c WiFi101\driver\source\nmasic.c.o
                0x00004c22                chip_wake
 *fill*         0x00004c9e        0x2 
 .text.wait_for_bootrom
                0x00004ca0       0xd0 WiFi101\driver\source\nmasic.c.o
                0x00004ca0                wait_for_bootrom
 .text.wait_for_firmware_start
                0x00004d70       0x60 WiFi101\driver\source\nmasic.c.o
                0x00004d70                wait_for_firmware_start
 .text.chip_deinit
                0x00004dd0       0x2c WiFi101\driver\source\nmasic.c.o
                0x00004dd0                chip_deinit
 .text.set_gpio_dir
                0x00004dfc       0x34 WiFi101\driver\source\nmasic.c.o
                0x00004dfc                set_gpio_dir
 .text.set_gpio_val
                0x00004e30       0x34 WiFi101\driver\source\nmasic.c.o
                0x00004e30                set_gpio_val
 .text.nmi_get_mac_address
                0x00004e64       0x74 WiFi101\driver\source\nmasic.c.o
                0x00004e64                nmi_get_mac_address
 .text.nm_bus_iface_init
                0x00004ed8        0x8 WiFi101\driver\source\nmbus.c.o
                0x00004ed8                nm_bus_iface_init
 .text.nm_bus_iface_deinit
                0x00004ee0        0x8 WiFi101\driver\source\nmbus.c.o
                0x00004ee0                nm_bus_iface_deinit
 .text.nm_bus_reset
                0x00004ee8        0x8 WiFi101\driver\source\nmbus.c.o
                0x00004ee8                nm_bus_reset
 .text.nm_read_reg
                0x00004ef0        0x8 WiFi101\driver\source\nmbus.c.o
                0x00004ef0                nm_read_reg
 .text.nm_read_reg_with_ret
                0x00004ef8        0x8 WiFi101\driver\source\nmbus.c.o
                0x00004ef8                nm_read_reg_with_ret
 .text.nm_write_reg
                0x00004f00        0x8 WiFi101\driver\source\nmbus.c.o
                0x00004f00                nm_write_reg
 .text.nm_read_block
                0x00004f08       0x40 WiFi101\driver\source\nmbus.c.o
                0x00004f08                nm_read_block
 .text.nm_write_block
                0x00004f48       0x40 WiFi101\driver\source\nmbus.c.o
                0x00004f48                nm_write_block
 .text.nm_get_firmware_info
                0x00004f88       0xac WiFi101\driver\source\nmdrv.c.o
                0x00004f88                nm_get_firmware_info
 .text.nm_get_firmware_full_info
                0x00005034       0xb4 WiFi101\driver\source\nmdrv.c.o
                0x00005034                nm_get_firmware_full_info
 .text.nm_drv_init
                0x000050e8       0x70 WiFi101\driver\source\nmdrv.c.o
                0x000050e8                nm_drv_init
 .text.nm_drv_deinit
                0x00005158       0x22 WiFi101\driver\source\nmdrv.c.o
                0x00005158                nm_drv_deinit
 .text.nmi_spi_write
                0x0000517a       0x18 WiFi101\driver\source\nmspi.c.o
 .text.nmi_spi_read
                0x00005192       0x18 WiFi101\driver\source\nmspi.c.o
 .text.spi_cmd_rsp
                0x000051aa       0x68 WiFi101\driver\source\nmspi.c.o
 *fill*         0x00005212        0x2 
 .text.spi_data_read
                0x00005214       0x8c WiFi101\driver\source\nmspi.c.o
 .text.spi_cmd  0x000052a0      0x108 WiFi101\driver\source\nmspi.c.o
 .text.spi_write_reg
                0x000053a8       0x66 WiFi101\driver\source\nmspi.c.o
 .text.spi_read_reg
                0x0000540e       0x94 WiFi101\driver\source\nmspi.c.o
 .text.nm_spi_reset
                0x000054a2       0x1c WiFi101\driver\source\nmspi.c.o
                0x000054a2                nm_spi_reset
 *fill*         0x000054be        0x2 
 .text.nm_spi_deinit
                0x000054c0        0xc WiFi101\driver\source\nmspi.c.o
                0x000054c0                nm_spi_deinit
 .text.nm_spi_read_reg
                0x000054cc        0xc WiFi101\driver\source\nmspi.c.o
                0x000054cc                nm_spi_read_reg
 .text.nm_spi_read_reg_with_ret
                0x000054d8       0x14 WiFi101\driver\source\nmspi.c.o
                0x000054d8                nm_spi_read_reg_with_ret
 .text.nm_spi_write_reg
                0x000054ec       0x14 WiFi101\driver\source\nmspi.c.o
                0x000054ec                nm_spi_write_reg
 .text.nm_spi_init
                0x00005500       0x80 WiFi101\driver\source\nmspi.c.o
                0x00005500                nm_spi_init
 .text.nm_spi_read_block
                0x00005580       0xa2 WiFi101\driver\source\nmspi.c.o
                0x00005580                nm_spi_read_block
 *fill*         0x00005622        0x2 
 .text.nm_spi_write_block
                0x00005624      0x10c WiFi101\driver\source\nmspi.c.o
                0x00005624                nm_spi_write_block
 .text.m2m_ip_cb
                0x00005730      0x29c WiFi101\socket\source\socket.c.o
 .text.socketInit
                0x000059cc       0x38 WiFi101\socket\source\socket.c.o
                0x000059cc                socketInit
 .text.registerSocketCallback
                0x00005a04       0x14 WiFi101\socket\source\socket.c.o
                0x00005a04                registerSocketCallback
 .text.socket   0x00005a18       0xe8 WiFi101\socket\source\socket.c.o
                0x00005a18                socket
 .text.connect  0x00005b00       0x70 WiFi101\socket\source\socket.c.o
                0x00005b00                connect
 .text.send     0x00005b70       0x94 WiFi101\socket\source\socket.c.o
                0x00005b70                send
 .text.recv     0x00005c04       0x78 WiFi101\socket\source\socket.c.o
                0x00005c04                recv
 .text.close    0x00005c7c       0x60 WiFi101\socket\source\socket.c.o
                0x00005c7c                close
 .text.recvfrom
                0x00005cdc       0x7c WiFi101\socket\source\socket.c.o
                0x00005cdc                recvfrom
 .text.gethostbyname
                0x00005d58       0x2e WiFi101\socket\source\socket.c.o
                0x00005d58                gethostbyname
 *fill*         0x00005d86        0x2 
 .text.setsockopt
                0x00005d88      0x118 WiFi101\socket\source\socket.c.o
                0x00005d88                setsockopt
 .text.spi_flash_enable
                0x00005ea0       0xd8 WiFi101\spi_flash\source\spi_flash.c.o
                0x00005ea0                spi_flash_enable
 .text._ZN15WiFiSocketClassD2Ev
                0x00005f78        0xc WiFi101\utility\WiFiSocket.cpp.o
                0x00005f78                WiFiSocketClass::~WiFiSocketClass()
                0x00005f78                WiFiSocketClass::~WiFiSocketClass()
 .text._ZN15WiFiSocketClassD0Ev
                0x00005f84       0x18 WiFi101\utility\WiFiSocket.cpp.o
                0x00005f84                WiFiSocketClass::~WiFiSocketClass()
 .text._ZN15WiFiSocketClassC2Ev
                0x00005f9c       0x38 WiFi101\utility\WiFiSocket.cpp.o
                0x00005f9c                WiFiSocketClass::WiFiSocketClass()
                0x00005f9c                WiFiSocketClass::WiFiSocketClass()
 .text._ZN15WiFiSocketClass6createEthh
                0x00005fd4       0x22 WiFi101\utility\WiFiSocket.cpp.o
                0x00005fd4                WiFiSocketClass::create(unsigned short, unsigned char, unsigned char)
 .text._ZN15WiFiSocketClass6setoptEahhPKvt
                0x00005ff6       0x18 WiFi101\utility\WiFiSocket.cpp.o
                0x00005ff6                WiFiSocketClass::setopt(signed char, unsigned char, unsigned char, void const*, unsigned short)
 *fill*         0x0000600e        0x2 
 .text._ZN15WiFiSocketClass7connectEaP8sockaddrh
                0x00006010       0x7c WiFi101\utility\WiFiSocket.cpp.o
                0x00006010                WiFiSocketClass::connect(signed char, sockaddr*, unsigned char)
 .text._ZN15WiFiSocketClass9connectedEa
                0x0000608c       0x1e WiFi101\utility\WiFiSocket.cpp.o
                0x0000608c                WiFiSocketClass::connected(signed char)
 .text._ZN15WiFiSocketClass9availableEa
                0x000060aa       0x2e WiFi101\utility\WiFiSocket.cpp.o
                0x000060aa                WiFiSocketClass::available(signed char)
 .text._ZN15WiFiSocketClass8remoteIPEa
                0x000060d8       0x14 WiFi101\utility\WiFiSocket.cpp.o
                0x000060d8                WiFiSocketClass::remoteIP(signed char)
 .text._ZN15WiFiSocketClass10remotePortEa
                0x000060ec        0xa WiFi101\utility\WiFiSocket.cpp.o
                0x000060ec                WiFiSocketClass::remotePort(signed char)
 *fill*         0x000060f6        0x2 
 .text._ZN15WiFiSocketClass5writeEaPKhj
                0x000060f8       0x6c WiFi101\utility\WiFiSocket.cpp.o
                0x000060f8                WiFiSocketClass::write(signed char, unsigned char const*, unsigned int)
 .text._ZN15WiFiSocketClass5closeEa
                0x00006164       0x70 WiFi101\utility\WiFiSocket.cpp.o
                0x00006164                WiFiSocketClass::close(signed char)
 .text._ZN15WiFiSocketClass14fillRecvBufferEa
                0x000061d4       0x78 WiFi101\utility\WiFiSocket.cpp.o
                0x000061d4                WiFiSocketClass::fillRecvBuffer(signed char)
 .text._ZN15WiFiSocketClass4peekEa
                0x0000624c       0x5e WiFi101\utility\WiFiSocket.cpp.o
                0x0000624c                WiFiSocketClass::peek(signed char)
 .text._ZN15WiFiSocketClass4readEaPhj
                0x000062aa       0xe8 WiFi101\utility\WiFiSocket.cpp.o
                0x000062aa                WiFiSocketClass::read(signed char, unsigned char*, unsigned int)
 .text._ZN15WiFiSocketClass11handleEventEahPv
                0x00006392      0x116 WiFi101\utility\WiFiSocket.cpp.o
                0x00006392                WiFiSocketClass::handleEvent(signed char, unsigned char, void*)
 .text._ZN15WiFiSocketClass13eventCallbackEahPv
                0x000064a8       0x18 WiFi101\utility\WiFiSocket.cpp.o
                0x000064a8                WiFiSocketClass::eventCallback(signed char, unsigned char, void*)
 .text.startup._GLOBAL__sub_I__ZN15WiFiSocketClassC2Ev
                0x000064c0       0x34 WiFi101\utility\WiFiSocket.cpp.o
 .text._ZN16VisualMicroDebug16DBG_YieldAndWaitEmb
                0x000064f4       0x1a VM_DBG\VM_DBG.cpp.o
                0x000064f4                VisualMicroDebug::DBG_YieldAndWait(unsigned long, bool)
 .text._ZN16VisualMicroDebug16DBG_YieldAndWaitEm
                0x0000650e        0xa VM_DBG\VM_DBG.cpp.o
                0x0000650e                VisualMicroDebug::DBG_YieldAndWait(unsigned long)
 .text._ZN16VisualMicroDebug10DBG_MillisEv
                0x00006518        0x8 VM_DBG\VM_DBG.cpp.o
                0x00006518                VisualMicroDebug::DBG_Millis()
 .text._ZN16VisualMicroDebug17OnBreakPointBeginEm
                0x00006520       0x16 VM_DBG\VM_DBG.cpp.o
                0x00006520                VisualMicroDebug::OnBreakPointBegin(unsigned long)
 *fill*         0x00006536        0x2 
 .text._ZN16VisualMicroDebug22OnBreakPointPrintBeginEh
                0x00006538       0x6c VM_DBG\VM_DBG.cpp.o
                0x00006538                VisualMicroDebug::OnBreakPointPrintBegin(unsigned char)
 .text._ZN16VisualMicroDebug20OnBreakPointPrintEndEv
                0x000065a4       0x10 VM_DBG\VM_DBG.cpp.o
                0x000065a4                VisualMicroDebug::OnBreakPointPrintEnd()
 .text._ZN16VisualMicroDebug15OnBreakPointEndEv
                0x000065b4        0xc VM_DBG\VM_DBG.cpp.o
                0x000065b4                VisualMicroDebug::OnBreakPointEnd()
 .text._ZN16VisualMicroDebug14outPacketStartEb
                0x000065c0       0x2a VM_DBG\VM_DBG.cpp.o
                0x000065c0                VisualMicroDebug::outPacketStart(bool)
 .text._ZN16VisualMicroDebug12outPacketEndEv
                0x000065ea        0x2 VM_DBG\VM_DBG.cpp.o
                0x000065ea                VisualMicroDebug::outPacketEnd()
 .text._ZN16VisualMicroDebug5beginEP7Serial_m
                0x000065ec       0x2e VM_DBG\VM_DBG.cpp.o
                0x000065ec                VisualMicroDebug::begin(Serial_*, unsigned long)
 .text._ZN16VisualMicroDebug4initEm
                0x0000661a       0x12 VM_DBG\VM_DBG.cpp.o
                0x0000661a                VisualMicroDebug::init(unsigned long)
 .text._ZN16VisualMicroDebug4readEv
                0x0000662c        0xe VM_DBG\VM_DBG.cpp.o
                0x0000662c                VisualMicroDebug::read()
 .text._ZN16VisualMicroDebug9availableEv
                0x0000663a        0xe VM_DBG\VM_DBG.cpp.o
                0x0000663a                VisualMicroDebug::available()
 .text._ZN16VisualMicroDebug16sendContinuedACKEh
                0x00006648       0x38 VM_DBG\VM_DBG.cpp.o
                0x00006648                VisualMicroDebug::sendContinuedACK(unsigned char)
 .text._ZN16VisualMicroDebug9breakWaitEh
                0x00006680       0x56 VM_DBG\VM_DBG.cpp.o
                0x00006680                VisualMicroDebug::breakWait(unsigned char)
 .text._ZN16VisualMicroDebug5startEbb
                0x000066d6       0x28 VM_DBG\VM_DBG.cpp.o
                0x000066d6                VisualMicroDebug::start(bool, bool)
 *fill*         0x000066fe        0x2 
 .text.startup._GLOBAL__sub_I__ZN16VisualMicroDebug16DBG_YieldAndWaitEm
                0x00006700       0x14 VM_DBG\VM_DBG.cpp.o
 .text.SERCOM0_Handler
                0x00006714       0x10 C:\Users\Vu\AppData\Local\Temp\VMBCore\arduino16x\c969064e9e83f8761415029af19c2463\variant\variant.cpp.o
                0x00006714                SERCOM0_Handler
 .text.SERCOM5_Handler
                0x00006724       0x10 C:\Users\Vu\AppData\Local\Temp\VMBCore\arduino16x\c969064e9e83f8761415029af19c2463\variant\variant.cpp.o
                0x00006724                SERCOM5_Handler
 .text.startup._GLOBAL__sub_I_g_APinDescription
                0x00006734       0x94 C:\Users\Vu\AppData\Local\Temp\VMBCore\arduino16x\c969064e9e83f8761415029af19c2463\variant\variant.cpp.o
 .text.__fpclassifyf
                0x000067c8       0x3c c:/users/vu/appdata/local/arduino15/packages/arduino/tools/arm-none-eabi-gcc/4.8.3-2014q1/bin/../lib/gcc/arm-none-eabi/4.8.3/../../../../arm-none-eabi/lib/armv6-m\libm.a(lib_a-sf_fpclassify.o)
                0x000067c8                __fpclassifyf
 .text.__fpclassifyd
                0x00006804       0x60 c:/users/vu/appdata/local/arduino15/packages/arduino/tools/arm-none-eabi-gcc/4.8.3-2014q1/bin/../lib/gcc/arm-none-eabi/4.8.3/../../../../arm-none-eabi/lib/armv6-m\libm.a(lib_a-s_fpclassify.o)
                0x00006804                __fpclassifyd
 .text.Dummy_Handler
                0x00006864        0x2 C:\Users\Vu\AppData\Local\Temp\VMBuilds\VentusVentFirmware\adafruit_adafruit_feather_m0\Debug/core.a(cortex_handlers.c.o)
                0x00006864                DMAC_Handler
                0x00006864                HardFault_Handler
                0x00006864                AC_Handler
                0x00006864                PendSV_Handler
                0x00006864                TC7_Handler
                0x00006864                SERCOM1_Handler
                0x00006864                ADC_Handler
                0x00006864                TCC1_Handler
                0x00006864                SERCOM2_Handler
                0x00006864                TCC0_Handler
                0x00006864                RTC_Handler
                0x00006864                TC6_Handler
                0x00006864                WDT_Handler
                0x00006864                TC3_Handler
                0x00006864                Dummy_Handler
                0x00006864                PM_Handler
                0x00006864                SVC_Handler
                0x00006864                TCC2_Handler
                0x00006864                EVSYS_Handler
                0x00006864                SERCOM3_Handler
                0x00006864                SERCOM4_Handler
                0x00006864                I2S_Handler
                0x00006864                NVMCTRL_Handler
                0x00006864                DAC_Handler
                0x00006864                PTC_Handler
                0x00006864                SYSCTRL_Handler
 *fill*         0x00006866        0x2 
 .text.USB_Handler
                0x00006868       0x14 C:\Users\Vu\AppData\Local\Temp\VMBuilds\VentusVentFirmware\adafruit_adafruit_feather_m0\Debug/core.a(cortex_handlers.c.o)
                0x00006868                USB_Handler
 .text.Reset_Handler
                0x0000687c       0x54 C:\Users\Vu\AppData\Local\Temp\VMBuilds\VentusVentFirmware\adafruit_adafruit_feather_m0\Debug/core.a(cortex_handlers.c.o)
                0x0000687c                Reset_Handler
 .text.SysTick_Handler
                0x000068d0       0x10 C:\Users\Vu\AppData\Local\Temp\VMBuilds\VentusVentFirmware\adafruit_adafruit_feather_m0\Debug/core.a(cortex_handlers.c.o)
                0x000068d0                SysTick_Handler
 .text.USB_SetHandler
                0x000068e0        0xc C:\Users\Vu\AppData\Local\Temp\VMBuilds\VentusVentFirmware\adafruit_adafruit_feather_m0\Debug/core.a(cortex_handlers.c.o)
                0x000068e0                USB_SetHandler
 .text.millis   0x000068ec        0xc C:\Users\Vu\AppData\Local\Temp\VMBuilds\VentusVentFirmware\adafruit_adafruit_feather_m0\Debug/core.a(delay.c.o)
                0x000068ec                millis
 .text.delay    0x000068f8       0x20 C:\Users\Vu\AppData\Local\Temp\VMBuilds\VentusVentFirmware\adafruit_adafruit_feather_m0\Debug/core.a(delay.c.o)
                0x000068f8                delay
 .text.SysTick_DefaultHandler
                0x00006918       0x14 C:\Users\Vu\AppData\Local\Temp\VMBuilds\VentusVentFirmware\adafruit_adafruit_feather_m0\Debug/core.a(delay.c.o)
                0x00006918                SysTick_DefaultHandler
 .text.__empty  0x0000692c        0x2 C:\Users\Vu\AppData\Local\Temp\VMBuilds\VentusVentFirmware\adafruit_adafruit_feather_m0\Debug/core.a(hooks.c.o)
                0x0000692c                yield
 .text.__false  0x0000692e        0x4 C:\Users\Vu\AppData\Local\Temp\VMBuilds\VentusVentFirmware\adafruit_adafruit_feather_m0\Debug/core.a(hooks.c.o)
                0x0000692e                sysTickHook
 *fill*         0x00006932        0x2 
 .text.SystemInit
                0x00006934      0x168 C:\Users\Vu\AppData\Local\Temp\VMBuilds\VentusVentFirmware\adafruit_adafruit_feather_m0\Debug/core.a(startup.c.o)
                0x00006934                SystemInit
 .text.attachInterrupt
                0x00006a9c      0x174 C:\Users\Vu\AppData\Local\Temp\VMBuilds\VentusVentFirmware\adafruit_adafruit_feather_m0\Debug/core.a(WInterrupts.c.o)
                0x00006a9c                attachInterrupt
 .text.detachInterrupt
                0x00006c10       0x88 C:\Users\Vu\AppData\Local\Temp\VMBuilds\VentusVentFirmware\adafruit_adafruit_feather_m0\Debug/core.a(WInterrupts.c.o)
                0x00006c10                detachInterrupt
 .text.EIC_Handler
                0x00006c98       0x3c C:\Users\Vu\AppData\Local\Temp\VMBuilds\VentusVentFirmware\adafruit_adafruit_feather_m0\Debug/core.a(WInterrupts.c.o)
                0x00006c98                EIC_Handler
 .text.NMI_Handler
                0x00006cd4       0x20 C:\Users\Vu\AppData\Local\Temp\VMBuilds\VentusVentFirmware\adafruit_adafruit_feather_m0\Debug/core.a(WInterrupts.c.o)
                0x00006cd4                NMI_Handler
 .text.init     0x00006cf4       0xf0 C:\Users\Vu\AppData\Local\Temp\VMBuilds\VentusVentFirmware\adafruit_adafruit_feather_m0\Debug/core.a(wiring.c.o)
                0x00006cf4                init
 .text.analogReference
                0x00006de4       0x5c C:\Users\Vu\AppData\Local\Temp\VMBuilds\VentusVentFirmware\adafruit_adafruit_feather_m0\Debug/core.a(wiring_analog.c.o)
                0x00006de4                analogReference
 .text.analogRead
                0x00006e40       0xf0 C:\Users\Vu\AppData\Local\Temp\VMBuilds\VentusVentFirmware\adafruit_adafruit_feather_m0\Debug/core.a(wiring_analog.c.o)
                0x00006e40                analogRead
 .text.pinMode  0x00006f30       0xb4 C:\Users\Vu\AppData\Local\Temp\VMBuilds\VentusVentFirmware\adafruit_adafruit_feather_m0\Debug/core.a(wiring_digital.c.o)
                0x00006f30                pinMode
 .text.digitalWrite
                0x00006fe4       0x60 C:\Users\Vu\AppData\Local\Temp\VMBuilds\VentusVentFirmware\adafruit_adafruit_feather_m0\Debug/core.a(wiring_digital.c.o)
                0x00006fe4                digitalWrite
 .text.digitalRead
                0x00007044       0x30 C:\Users\Vu\AppData\Local\Temp\VMBuilds\VentusVentFirmware\adafruit_adafruit_feather_m0\Debug/core.a(wiring_digital.c.o)
                0x00007044                digitalRead
 .text.pinPeripheral
                0x00007074       0xc4 C:\Users\Vu\AppData\Local\Temp\VMBuilds\VentusVentFirmware\adafruit_adafruit_feather_m0\Debug/core.a(wiring_private.c.o)
                0x00007074                pinPeripheral
 .text.__cxa_pure_virtual
                0x00007138        0x2 C:\Users\Vu\AppData\Local\Temp\VMBuilds\VentusVentFirmware\adafruit_adafruit_feather_m0\Debug/core.a(abi.cpp.o)
                0x00007138                __cxa_pure_virtual
 .text._ZNK9IPAddress7printToER5Print
                0x0000713a       0x3c C:\Users\Vu\AppData\Local\Temp\VMBuilds\VentusVentFirmware\adafruit_adafruit_feather_m0\Debug/core.a(IPAddress.cpp.o)
                0x0000713a                IPAddress::printTo(Print&) const
 *fill*         0x00007176        0x2 
 .text._ZN9IPAddressC2Ev
                0x00007178       0x10 C:\Users\Vu\AppData\Local\Temp\VMBuilds\VentusVentFirmware\adafruit_adafruit_feather_m0\Debug/core.a(IPAddress.cpp.o)
                0x00007178                IPAddress::IPAddress()
                0x00007178                IPAddress::IPAddress()
 .text._ZN9IPAddressC2Ehhhh
                0x00007188       0x1c C:\Users\Vu\AppData\Local\Temp\VMBuilds\VentusVentFirmware\adafruit_adafruit_feather_m0\Debug/core.a(IPAddress.cpp.o)
                0x00007188                IPAddress::IPAddress(unsigned char, unsigned char, unsigned char, unsigned char)
                0x00007188                IPAddress::IPAddress(unsigned char, unsigned char, unsigned char, unsigned char)
 .text._ZN9IPAddressC2Em
                0x000071a4       0x10 C:\Users\Vu\AppData\Local\Temp\VMBuilds\VentusVentFirmware\adafruit_adafruit_feather_m0\Debug/core.a(IPAddress.cpp.o)
                0x000071a4                IPAddress::IPAddress(unsigned long)
                0x000071a4                IPAddress::IPAddress(unsigned long)
 .text._ZN9IPAddress10fromStringEPKc
                0x000071b4       0x4c C:\Users\Vu\AppData\Local\Temp\VMBuilds\VentusVentFirmware\adafruit_adafruit_feather_m0\Debug/core.a(IPAddress.cpp.o)
                0x000071b4                IPAddress::fromString(char const*)
 .text._ZN9IPAddressaSEm
                0x00007200        0x4 C:\Users\Vu\AppData\Local\Temp\VMBuilds\VentusVentFirmware\adafruit_adafruit_feather_m0\Debug/core.a(IPAddress.cpp.o)
                0x00007200                IPAddress::operator=(unsigned long)
 .text.startup._GLOBAL__sub_I__ZN9IPAddressC2Ev
                0x00007204       0x1c C:\Users\Vu\AppData\Local\Temp\VMBuilds\VentusVentFirmware\adafruit_adafruit_feather_m0\Debug/core.a(IPAddress.cpp.o)
 .text._Z11initVariantv
                0x00007220        0x2 C:\Users\Vu\AppData\Local\Temp\VMBuilds\VentusVentFirmware\adafruit_adafruit_feather_m0\Debug/core.a(main.cpp.o)
                0x00007220                initVariant()
 *fill*         0x00007222        0x2 
 .text.startup.main
                0x00007224       0x40 C:\Users\Vu\AppData\Local\Temp\VMBuilds\VentusVentFirmware\adafruit_adafruit_feather_m0\Debug/core.a(main.cpp.o)
                0x00007224                main
 .text._Znwj    0x00007264        0x8 C:\Users\Vu\AppData\Local\Temp\VMBuilds\VentusVentFirmware\adafruit_adafruit_feather_m0\Debug/core.a(new.cpp.o)
                0x00007264                operator new(unsigned int)
 .text._ZdlPv   0x0000726c        0x8 C:\Users\Vu\AppData\Local\Temp\VMBuilds\VentusVentFirmware\adafruit_adafruit_feather_m0\Debug/core.a(new.cpp.o)
                0x0000726c                operator delete(void*)
 .text._ZN5Print5writeEPKhj
                0x00007274       0x28 C:\Users\Vu\AppData\Local\Temp\VMBuilds\VentusVentFirmware\adafruit_adafruit_feather_m0\Debug/core.a(Print.cpp.o)
                0x00007274                Print::write(unsigned char const*, unsigned int)
 .text._ZN5Print5printEmi.part.4
                0x0000729c        0xc C:\Users\Vu\AppData\Local\Temp\VMBuilds\VentusVentFirmware\adafruit_adafruit_feather_m0\Debug/core.a(Print.cpp.o)
 .text._ZN5Print5writeEPKc
                0x000072a8       0x1c C:\Users\Vu\AppData\Local\Temp\VMBuilds\VentusVentFirmware\adafruit_adafruit_feather_m0\Debug/core.a(Print.cpp.o)
                0x000072a8                Print::write(char const*)
 .text._ZN5Print5printERK6String
                0x000072c4       0x10 C:\Users\Vu\AppData\Local\Temp\VMBuilds\VentusVentFirmware\adafruit_adafruit_feather_m0\Debug/core.a(Print.cpp.o)
                0x000072c4                Print::print(String const&)
 .text._ZN5Print5printEPKc
                0x000072d4        0x8 C:\Users\Vu\AppData\Local\Temp\VMBuilds\VentusVentFirmware\adafruit_adafruit_feather_m0\Debug/core.a(Print.cpp.o)
                0x000072d4                Print::print(char const*)
 .text._ZN5Print5printEc
                0x000072dc        0xa C:\Users\Vu\AppData\Local\Temp\VMBuilds\VentusVentFirmware\adafruit_adafruit_feather_m0\Debug/core.a(Print.cpp.o)
                0x000072dc                Print::print(char)
 *fill*         0x000072e6        0x2 
 .text._ZN5Print7printlnEv
                0x000072e8       0x10 C:\Users\Vu\AppData\Local\Temp\VMBuilds\VentusVentFirmware\adafruit_adafruit_feather_m0\Debug/core.a(Print.cpp.o)
                0x000072e8                Print::println()
 .text._ZN5Print7printlnEPK19__FlashStringHelper
                0x000072f8       0x14 C:\Users\Vu\AppData\Local\Temp\VMBuilds\VentusVentFirmware\adafruit_adafruit_feather_m0\Debug/core.a(Print.cpp.o)
                0x000072f8                Print::println(__FlashStringHelper const*)
 .text._ZN5Print7printlnERK6String
                0x0000730c       0x14 C:\Users\Vu\AppData\Local\Temp\VMBuilds\VentusVentFirmware\adafruit_adafruit_feather_m0\Debug/core.a(Print.cpp.o)
                0x0000730c                Print::println(String const&)
 .text._ZN5Print7printlnEPKc
                0x00007320       0x14 C:\Users\Vu\AppData\Local\Temp\VMBuilds\VentusVentFirmware\adafruit_adafruit_feather_m0\Debug/core.a(Print.cpp.o)
                0x00007320                Print::println(char const*)
 .text._ZN5Print11printNumberEmh
                0x00007334       0x4e C:\Users\Vu\AppData\Local\Temp\VMBuilds\VentusVentFirmware\adafruit_adafruit_feather_m0\Debug/core.a(Print.cpp.o)
                0x00007334                Print::printNumber(unsigned long, unsigned char)
 .text._ZN5Print5printEli
                0x00007382       0x3c C:\Users\Vu\AppData\Local\Temp\VMBuilds\VentusVentFirmware\adafruit_adafruit_feather_m0\Debug/core.a(Print.cpp.o)
                0x00007382                Print::print(long, int)
 .text._ZN5Print7printlnEii
                0x000073be       0x14 C:\Users\Vu\AppData\Local\Temp\VMBuilds\VentusVentFirmware\adafruit_adafruit_feather_m0\Debug/core.a(Print.cpp.o)
                0x000073be                Print::println(int, int)
 .text._ZN5Print5printEmi
                0x000073d2       0x14 C:\Users\Vu\AppData\Local\Temp\VMBuilds\VentusVentFirmware\adafruit_adafruit_feather_m0\Debug/core.a(Print.cpp.o)
                0x000073d2                Print::print(unsigned long, int)
 .text._ZN5Print5printEhi
                0x000073e6        0x8 C:\Users\Vu\AppData\Local\Temp\VMBuilds\VentusVentFirmware\adafruit_adafruit_feather_m0\Debug/core.a(Print.cpp.o)
                0x000073e6                Print::print(unsigned char, int)
 *fill*         0x000073ee        0x2 
 .text._ZN5Print10printFloatEdh
                0x000073f0      0x170 C:\Users\Vu\AppData\Local\Temp\VMBuilds\VentusVentFirmware\adafruit_adafruit_feather_m0\Debug/core.a(Print.cpp.o)
                0x000073f0                Print::printFloat(double, unsigned char)
 .text._ZN5Print7printlnEdi
                0x00007560       0x1c C:\Users\Vu\AppData\Local\Temp\VMBuilds\VentusVentFirmware\adafruit_adafruit_feather_m0\Debug/core.a(Print.cpp.o)
                0x00007560                Print::println(double, int)
 .text.initiateReset
                0x0000757c        0xc C:\Users\Vu\AppData\Local\Temp\VMBuilds\VentusVentFirmware\adafruit_adafruit_feather_m0\Debug/core.a(Reset.cpp.o)
                0x0000757c                initiateReset
 .text.cancelReset
                0x00007588       0x10 C:\Users\Vu\AppData\Local\Temp\VMBuilds\VentusVentFirmware\adafruit_adafruit_feather_m0\Debug/core.a(Reset.cpp.o)
                0x00007588                cancelReset
 .text.tickReset
                0x00007598       0x74 C:\Users\Vu\AppData\Local\Temp\VMBuilds\VentusVentFirmware\adafruit_adafruit_feather_m0\Debug/core.a(Reset.cpp.o)
                0x00007598                tickReset
 .text._ZN6SERCOMC2EP6Sercom
                0x0000760c        0x4 C:\Users\Vu\AppData\Local\Temp\VMBuilds\VentusVentFirmware\adafruit_adafruit_feather_m0\Debug/core.a(SERCOM.cpp.o)
                0x0000760c                SERCOM::SERCOM(Sercom*)
                0x0000760c                SERCOM::SERCOM(Sercom*)
 .text._ZN6SERCOM9initFrameE18SercomUartCharSize15SercomDataOrder16SercomParityMode19SercomNumberStopBit
                0x00007610       0x38 C:\Users\Vu\AppData\Local\Temp\VMBuilds\VentusVentFirmware\adafruit_adafruit_feather_m0\Debug/core.a(SERCOM.cpp.o)
                0x00007610                SERCOM::initFrame(SercomUartCharSize, SercomDataOrder, SercomParityMode, SercomNumberStopBit)
 .text._ZN6SERCOM8initPadsE15SercomUartTXPad11SercomRXPad
                0x00007648       0x26 C:\Users\Vu\AppData\Local\Temp\VMBuilds\VentusVentFirmware\adafruit_adafruit_feather_m0\Debug/core.a(SERCOM.cpp.o)
                0x00007648                SERCOM::initPads(SercomUartTXPad, SercomRXPad)
 .text._ZN6SERCOM9resetUARTEv
                0x0000766e       0x1c C:\Users\Vu\AppData\Local\Temp\VMBuilds\VentusVentFirmware\adafruit_adafruit_feather_m0\Debug/core.a(SERCOM.cpp.o)
                0x0000766e                SERCOM::resetUART()
 .text._ZN6SERCOM10enableUARTEv
                0x0000768a       0x14 C:\Users\Vu\AppData\Local\Temp\VMBuilds\VentusVentFirmware\adafruit_adafruit_feather_m0\Debug/core.a(SERCOM.cpp.o)
                0x0000768a                SERCOM::enableUART()
 .text._ZN6SERCOM9flushUARTEv
                0x0000769e       0x10 C:\Users\Vu\AppData\Local\Temp\VMBuilds\VentusVentFirmware\adafruit_adafruit_feather_m0\Debug/core.a(SERCOM.cpp.o)
                0x0000769e                SERCOM::flushUART()
 .text._ZN6SERCOM15clearStatusUARTEv
                0x000076ae        0x8 C:\Users\Vu\AppData\Local\Temp\VMBuilds\VentusVentFirmware\adafruit_adafruit_feather_m0\Debug/core.a(SERCOM.cpp.o)
                0x000076ae                SERCOM::clearStatusUART()
 .text._ZN6SERCOM17availableDataUARTEv
                0x000076b6        0xa C:\Users\Vu\AppData\Local\Temp\VMBuilds\VentusVentFirmware\adafruit_adafruit_feather_m0\Debug/core.a(SERCOM.cpp.o)
                0x000076b6                SERCOM::availableDataUART()
 .text._ZN6SERCOM11isUARTErrorEv
                0x000076c0        0x8 C:\Users\Vu\AppData\Local\Temp\VMBuilds\VentusVentFirmware\adafruit_adafruit_feather_m0\Debug/core.a(SERCOM.cpp.o)
                0x000076c0                SERCOM::isUARTError()
 .text._ZN6SERCOM20acknowledgeUARTErrorEv
                0x000076c8        0xe C:\Users\Vu\AppData\Local\Temp\VMBuilds\VentusVentFirmware\adafruit_adafruit_feather_m0\Debug/core.a(SERCOM.cpp.o)
                0x000076c8                SERCOM::acknowledgeUARTError()
 .text._ZN6SERCOM16isFrameErrorUARTEv
                0x000076d6        0xa C:\Users\Vu\AppData\Local\Temp\VMBuilds\VentusVentFirmware\adafruit_adafruit_feather_m0\Debug/core.a(SERCOM.cpp.o)
                0x000076d6                SERCOM::isFrameErrorUART()
 .text._ZN6SERCOM19clearFrameErrorUARTEv
                0x000076e0        0xc C:\Users\Vu\AppData\Local\Temp\VMBuilds\VentusVentFirmware\adafruit_adafruit_feather_m0\Debug/core.a(SERCOM.cpp.o)
                0x000076e0                SERCOM::clearFrameErrorUART()
 .text._ZN6SERCOM23isDataRegisterEmptyUARTEv
                0x000076ec        0xa C:\Users\Vu\AppData\Local\Temp\VMBuilds\VentusVentFirmware\adafruit_adafruit_feather_m0\Debug/core.a(SERCOM.cpp.o)
                0x000076ec                SERCOM::isDataRegisterEmptyUART()
 .text._ZN6SERCOM12readDataUARTEv
                0x000076f6        0x8 C:\Users\Vu\AppData\Local\Temp\VMBuilds\VentusVentFirmware\adafruit_adafruit_feather_m0\Debug/core.a(SERCOM.cpp.o)
                0x000076f6                SERCOM::readDataUART()
 .text._ZN6SERCOM13writeDataUARTEh
                0x000076fe        0xe C:\Users\Vu\AppData\Local\Temp\VMBuilds\VentusVentFirmware\adafruit_adafruit_feather_m0\Debug/core.a(SERCOM.cpp.o)
                0x000076fe                SERCOM::writeDataUART(unsigned char)
 .text._ZN6SERCOM36enableDataRegisterEmptyInterruptUARTEv
                0x0000770c        0x8 C:\Users\Vu\AppData\Local\Temp\VMBuilds\VentusVentFirmware\adafruit_adafruit_feather_m0\Debug/core.a(SERCOM.cpp.o)
                0x0000770c                SERCOM::enableDataRegisterEmptyInterruptUART()
 .text._ZN6SERCOM37disableDataRegisterEmptyInterruptUARTEv
                0x00007714        0x8 C:\Users\Vu\AppData\Local\Temp\VMBuilds\VentusVentFirmware\adafruit_adafruit_feather_m0\Debug/core.a(SERCOM.cpp.o)
                0x00007714                SERCOM::disableDataRegisterEmptyInterruptUART()
 .text._ZN6SERCOM12initSPIClockE18SercomSpiClockModem
                0x0000771c       0x30 C:\Users\Vu\AppData\Local\Temp\VMBuilds\VentusVentFirmware\adafruit_adafruit_feather_m0\Debug/core.a(SERCOM.cpp.o)
                0x0000771c                SERCOM::initSPIClock(SercomSpiClockMode, unsigned long)
 .text._ZN6SERCOM8resetSPIEv
                0x0000774c       0x1c C:\Users\Vu\AppData\Local\Temp\VMBuilds\VentusVentFirmware\adafruit_adafruit_feather_m0\Debug/core.a(SERCOM.cpp.o)
                0x0000774c                SERCOM::resetSPI()
 .text._ZN6SERCOM9enableSPIEv
                0x00007768       0x14 C:\Users\Vu\AppData\Local\Temp\VMBuilds\VentusVentFirmware\adafruit_adafruit_feather_m0\Debug/core.a(SERCOM.cpp.o)
                0x00007768                SERCOM::enableSPI()
 .text._ZN6SERCOM10disableSPIEv
                0x0000777c       0x12 C:\Users\Vu\AppData\Local\Temp\VMBuilds\VentusVentFirmware\adafruit_adafruit_feather_m0\Debug/core.a(SERCOM.cpp.o)
                0x0000777c                SERCOM::disableSPI()
 .text._ZN6SERCOM15transferDataSPIEh
                0x0000778e       0x1a C:\Users\Vu\AppData\Local\Temp\VMBuilds\VentusVentFirmware\adafruit_adafruit_feather_m0\Debug/core.a(SERCOM.cpp.o)
                0x0000778e                SERCOM::transferDataSPI(unsigned char)
 .text._ZN6SERCOM13initClockNVICEv
                0x000077a8       0xb4 C:\Users\Vu\AppData\Local\Temp\VMBuilds\VentusVentFirmware\adafruit_adafruit_feather_m0\Debug/core.a(SERCOM.cpp.o)
                0x000077a8                SERCOM::initClockNVIC()
 .text._ZN6SERCOM8initUARTE14SercomUartMode20SercomUartSampleRatem
                0x0000785c       0x6c C:\Users\Vu\AppData\Local\Temp\VMBuilds\VentusVentFirmware\adafruit_adafruit_feather_m0\Debug/core.a(SERCOM.cpp.o)
                0x0000785c                SERCOM::initUART(SercomUartMode, SercomUartSampleRate, unsigned long)
 .text._ZN6SERCOM7initSPIE14SercomSpiTXPad11SercomRXPad17SercomSpiCharSize15SercomDataOrder
                0x000078c8       0x50 C:\Users\Vu\AppData\Local\Temp\VMBuilds\VentusVentFirmware\adafruit_adafruit_feather_m0\Debug/core.a(SERCOM.cpp.o)
                0x000078c8                SERCOM::initSPI(SercomSpiTXPad, SercomRXPad, SercomSpiCharSize, SercomDataOrder)
 .text._ZN6Stream9timedReadEv
                0x00007918       0x2a C:\Users\Vu\AppData\Local\Temp\VMBuilds\VentusVentFirmware\adafruit_adafruit_feather_m0\Debug/core.a(Stream.cpp.o)
                0x00007918                Stream::timedRead()
 *fill*         0x00007942        0x2 
 .text._ZN6Stream10readStringEv
                0x00007944       0x28 C:\Users\Vu\AppData\Local\Temp\VMBuilds\VentusVentFirmware\adafruit_adafruit_feather_m0\Debug/core.a(Stream.cpp.o)
                0x00007944                Stream::readString()
 .text._ZN4UartcvbEv
                0x0000796c        0x4 C:\Users\Vu\AppData\Local\Temp\VMBuilds\VentusVentFirmware\adafruit_adafruit_feather_m0\Debug/core.a(Uart.cpp.o)
                0x0000796c                Uart::operator bool()
 .text._ZN4Uart5beginEm
                0x00007970       0x10 C:\Users\Vu\AppData\Local\Temp\VMBuilds\VentusVentFirmware\adafruit_adafruit_feather_m0\Debug/core.a(Uart.cpp.o)
                0x00007970                Uart::begin(unsigned long)
 .text._ZN4Uart4peekEv
                0x00007980       0x1e C:\Users\Vu\AppData\Local\Temp\VMBuilds\VentusVentFirmware\adafruit_adafruit_feather_m0\Debug/core.a(Uart.cpp.o)
                0x00007980                Uart::peek()
 .text._ZN4Uart3endEv
                0x0000799e       0x24 C:\Users\Vu\AppData\Local\Temp\VMBuilds\VentusVentFirmware\adafruit_adafruit_feather_m0\Debug/core.a(Uart.cpp.o)
                0x0000799e                Uart::end()
 *fill*         0x000079c2        0x2 
 .text._ZN4UartC2EP6SERCOMhh11SercomRXPad15SercomUartTXPadhh
                0x000079c4       0xa0 C:\Users\Vu\AppData\Local\Temp\VMBuilds\VentusVentFirmware\adafruit_adafruit_feather_m0\Debug/core.a(Uart.cpp.o)
                0x000079c4                Uart::Uart(SERCOM*, unsigned char, unsigned char, SercomRXPad, SercomUartTXPad, unsigned char, unsigned char)
                0x000079c4                Uart::Uart(SERCOM*, unsigned char, unsigned char, SercomRXPad, SercomUartTXPad, unsigned char, unsigned char)
 .text._ZN4UartC2EP6SERCOMhh11SercomRXPad15SercomUartTXPad
                0x00007a64       0x24 C:\Users\Vu\AppData\Local\Temp\VMBuilds\VentusVentFirmware\adafruit_adafruit_feather_m0\Debug/core.a(Uart.cpp.o)
                0x00007a64                Uart::Uart(SERCOM*, unsigned char, unsigned char, SercomRXPad, SercomUartTXPad)
                0x00007a64                Uart::Uart(SERCOM*, unsigned char, unsigned char, SercomRXPad, SercomUartTXPad)
 .text._ZN4Uart16extractNbStopBitEt
                0x00007a88        0xe C:\Users\Vu\AppData\Local\Temp\VMBuilds\VentusVentFirmware\adafruit_adafruit_feather_m0\Debug/core.a(Uart.cpp.o)
                0x00007a88                Uart::extractNbStopBit(unsigned short)
 .text._ZN4Uart15extractCharSizeEt
                0x00007a96       0x2c C:\Users\Vu\AppData\Local\Temp\VMBuilds\VentusVentFirmware\adafruit_adafruit_feather_m0\Debug/core.a(Uart.cpp.o)
                0x00007a96                Uart::extractCharSize(unsigned short)
 .text._ZN4Uart13extractParityEt
                0x00007ac2       0x18 C:\Users\Vu\AppData\Local\Temp\VMBuilds\VentusVentFirmware\adafruit_adafruit_feather_m0\Debug/core.a(Uart.cpp.o)
                0x00007ac2                Uart::extractParity(unsigned short)
 *fill*         0x00007ada        0x2 
 .text._ZN4Uart5beginEmt
                0x00007adc       0xf0 C:\Users\Vu\AppData\Local\Temp\VMBuilds\VentusVentFirmware\adafruit_adafruit_feather_m0\Debug/core.a(Uart.cpp.o)
                0x00007adc                Uart::begin(unsigned long, unsigned short)
 .text._ZN11RingBufferNILi164EE9availableEv
                0x00007bcc       0x12 C:\Users\Vu\AppData\Local\Temp\VMBuilds\VentusVentFirmware\adafruit_adafruit_feather_m0\Debug/core.a(Uart.cpp.o)
                0x00007bcc                RingBufferN<164>::available()
 .text._ZN4Uart5flushEv
                0x00007bde       0x18 C:\Users\Vu\AppData\Local\Temp\VMBuilds\VentusVentFirmware\adafruit_adafruit_feather_m0\Debug/core.a(Uart.cpp.o)
                0x00007bde                Uart::flush()
 .text._ZN4Uart9availableEv
                0x00007bf6        0xa C:\Users\Vu\AppData\Local\Temp\VMBuilds\VentusVentFirmware\adafruit_adafruit_feather_m0\Debug/core.a(Uart.cpp.o)
                0x00007bf6                Uart::available()
 .text._ZN11RingBufferNILi164EE17availableForStoreEv
                0x00007c00       0x22 C:\Users\Vu\AppData\Local\Temp\VMBuilds\VentusVentFirmware\adafruit_adafruit_feather_m0\Debug/core.a(Uart.cpp.o)
                0x00007c00                RingBufferN<164>::availableForStore()
 .text._ZN4Uart17availableForWriteEv
                0x00007c22        0xa C:\Users\Vu\AppData\Local\Temp\VMBuilds\VentusVentFirmware\adafruit_adafruit_feather_m0\Debug/core.a(Uart.cpp.o)
                0x00007c22                Uart::availableForWrite()
 .text._ZN4Uart10IrqHandlerEv
                0x00007c2c       0xde C:\Users\Vu\AppData\Local\Temp\VMBuilds\VentusVentFirmware\adafruit_adafruit_feather_m0\Debug/core.a(Uart.cpp.o)
                0x00007c2c                Uart::IrqHandler()
 *fill*         0x00007d0a        0x2 
 .text._ZN4Uart5writeEh
                0x00007d0c       0xc8 C:\Users\Vu\AppData\Local\Temp\VMBuilds\VentusVentFirmware\adafruit_adafruit_feather_m0\Debug/core.a(Uart.cpp.o)
                0x00007d0c                Uart::write(unsigned char)
 .text._ZN4Uart4readEv
                0x00007dd4       0x56 C:\Users\Vu\AppData\Local\Temp\VMBuilds\VentusVentFirmware\adafruit_adafruit_feather_m0\Debug/core.a(Uart.cpp.o)
                0x00007dd4                Uart::read()
 .text._Z3maplllll
                0x00007e2a       0x16 C:\Users\Vu\AppData\Local\Temp\VMBuilds\VentusVentFirmware\adafruit_adafruit_feather_m0\Debug/core.a(WMath.cpp.o)
                0x00007e2a                map(long, long, long, long, long)
 .text._ZNK6String14StringIfHelperEv
                0x00007e40        0x2 C:\Users\Vu\AppData\Local\Temp\VMBuilds\VentusVentFirmware\adafruit_adafruit_feather_m0\Debug/core.a(WString.cpp.o)
                0x00007e40                String::StringIfHelper() const
 .text._ZN6StringD2Ev
                0x00007e42        0xe C:\Users\Vu\AppData\Local\Temp\VMBuilds\VentusVentFirmware\adafruit_adafruit_feather_m0\Debug/core.a(WString.cpp.o)
                0x00007e42                String::~String()
                0x00007e42                String::~String()
 .text._ZN6String10invalidateEv
                0x00007e50       0x18 C:\Users\Vu\AppData\Local\Temp\VMBuilds\VentusVentFirmware\adafruit_adafruit_feather_m0\Debug/core.a(WString.cpp.o)
                0x00007e50                String::invalidate()
 .text._ZN6String12changeBufferEj
                0x00007e68       0x18 C:\Users\Vu\AppData\Local\Temp\VMBuilds\VentusVentFirmware\adafruit_adafruit_feather_m0\Debug/core.a(WString.cpp.o)
                0x00007e68                String::changeBuffer(unsigned int)
 .text._ZN6String7reserveEj
                0x00007e80       0x28 C:\Users\Vu\AppData\Local\Temp\VMBuilds\VentusVentFirmware\adafruit_adafruit_feather_m0\Debug/core.a(WString.cpp.o)
                0x00007e80                String::reserve(unsigned int)
 .text._ZN6String4copyEPKcj
                0x00007ea8       0x28 C:\Users\Vu\AppData\Local\Temp\VMBuilds\VentusVentFirmware\adafruit_adafruit_feather_m0\Debug/core.a(WString.cpp.o)
                0x00007ea8                String::copy(char const*, unsigned int)
 .text._ZN6StringC2EPKc
                0x00007ed0       0x26 C:\Users\Vu\AppData\Local\Temp\VMBuilds\VentusVentFirmware\adafruit_adafruit_feather_m0\Debug/core.a(WString.cpp.o)
                0x00007ed0                String::String(char const*)
                0x00007ed0                String::String(char const*)
 *fill*         0x00007ef6        0x2 
 .text._ZN6String4moveERS_
                0x00007ef8       0x4c C:\Users\Vu\AppData\Local\Temp\VMBuilds\VentusVentFirmware\adafruit_adafruit_feather_m0\Debug/core.a(WString.cpp.o)
                0x00007ef8                String::move(String&)
 .text._ZN6StringaSEOS_
                0x00007f44       0x10 C:\Users\Vu\AppData\Local\Temp\VMBuilds\VentusVentFirmware\adafruit_adafruit_feather_m0\Debug/core.a(WString.cpp.o)
                0x00007f44                String::operator=(String&&)
 .text._ZN6StringaSEPKc
                0x00007f54       0x22 C:\Users\Vu\AppData\Local\Temp\VMBuilds\VentusVentFirmware\adafruit_adafruit_feather_m0\Debug/core.a(WString.cpp.o)
                0x00007f54                String::operator=(char const*)
 .text._ZN6StringC2Eih
                0x00007f76       0x24 C:\Users\Vu\AppData\Local\Temp\VMBuilds\VentusVentFirmware\adafruit_adafruit_feather_m0\Debug/core.a(WString.cpp.o)
                0x00007f76                String::String(int, unsigned char)
                0x00007f76                String::String(int, unsigned char)
 .text._ZN6String6concatEPKcj
                0x00007f9a       0x32 C:\Users\Vu\AppData\Local\Temp\VMBuilds\VentusVentFirmware\adafruit_adafruit_feather_m0\Debug/core.a(WString.cpp.o)
                0x00007f9a                String::concat(char const*, unsigned int)
 .text._ZN6String6concatEc
                0x00007fcc       0x14 C:\Users\Vu\AppData\Local\Temp\VMBuilds\VentusVentFirmware\adafruit_adafruit_feather_m0\Debug/core.a(WString.cpp.o)
                0x00007fcc                String::concat(char)
 .text._ZplRK15StringSumHelperRK6String
                0x00007fe0       0x1c C:\Users\Vu\AppData\Local\Temp\VMBuilds\VentusVentFirmware\adafruit_adafruit_feather_m0\Debug/core.a(WString.cpp.o)
                0x00007fe0                operator+(StringSumHelper const&, String const&)
 .text._ZplRK15StringSumHelperPKc
                0x00007ffc       0x26 C:\Users\Vu\AppData\Local\Temp\VMBuilds\VentusVentFirmware\adafruit_adafruit_feather_m0\Debug/core.a(WString.cpp.o)
                0x00007ffc                operator+(StringSumHelper const&, char const*)
 .text._ZNK6String7indexOfERKS_j
                0x00008022       0x20 C:\Users\Vu\AppData\Local\Temp\VMBuilds\VentusVentFirmware\adafruit_adafruit_feather_m0\Debug/core.a(WString.cpp.o)
                0x00008022                String::indexOf(String const&, unsigned int) const
 .text._ZNK6String7indexOfERKS_
                0x00008042        0xa C:\Users\Vu\AppData\Local\Temp\VMBuilds\VentusVentFirmware\adafruit_adafruit_feather_m0\Debug/core.a(WString.cpp.o)
                0x00008042                String::indexOf(String const&) const
 .text._ZNK6String9substringEjj
                0x0000804c       0x4c C:\Users\Vu\AppData\Local\Temp\VMBuilds\VentusVentFirmware\adafruit_adafruit_feather_m0\Debug/core.a(WString.cpp.o)
                0x0000804c                String::substring(unsigned int, unsigned int) const
 .text._ZNK6String5toIntEv
                0x00008098        0xe C:\Users\Vu\AppData\Local\Temp\VMBuilds\VentusVentFirmware\adafruit_adafruit_feather_m0\Debug/core.a(WString.cpp.o)
                0x00008098                String::toInt() const
 .text._ZN7Serial_17availableForWriteEv
                0x000080a6        0x4 C:\Users\Vu\AppData\Local\Temp\VMBuilds\VentusVentFirmware\adafruit_adafruit_feather_m0\Debug/core.a(CDC.cpp.o)
                0x000080a6                Serial_::availableForWrite()
 .text._ZN7Serial_5writeEh
                0x000080aa       0x14 C:\Users\Vu\AppData\Local\Temp\VMBuilds\VentusVentFirmware\adafruit_adafruit_feather_m0\Debug/core.a(CDC.cpp.o)
                0x000080aa                Serial_::write(unsigned char)
 .text._ZN7Serial_9availableEv
                0x000080be        0xc C:\Users\Vu\AppData\Local\Temp\VMBuilds\VentusVentFirmware\adafruit_adafruit_feather_m0\Debug/core.a(CDC.cpp.o)
                0x000080be                Serial_::available()
 .text._ZN7Serial_5flushEv
                0x000080ca        0xc C:\Users\Vu\AppData\Local\Temp\VMBuilds\VentusVentFirmware\adafruit_adafruit_feather_m0\Debug/core.a(CDC.cpp.o)
                0x000080ca                Serial_::flush()
 *fill*         0x000080d6        0x2 
 .text._ZN7Serial_5writeEPKhj
                0x000080d8       0x2c C:\Users\Vu\AppData\Local\Temp\VMBuilds\VentusVentFirmware\adafruit_adafruit_feather_m0\Debug/core.a(CDC.cpp.o)
                0x000080d8                Serial_::write(unsigned char const*, unsigned int)
 .text._ZN7Serial_4peekEv
                0x00008104       0x1c C:\Users\Vu\AppData\Local\Temp\VMBuilds\VentusVentFirmware\adafruit_adafruit_feather_m0\Debug/core.a(CDC.cpp.o)
                0x00008104                Serial_::peek()
 .text._ZN7Serial_4readEv
                0x00008120       0x24 C:\Users\Vu\AppData\Local\Temp\VMBuilds\VentusVentFirmware\adafruit_adafruit_feather_m0\Debug/core.a(CDC.cpp.o)
                0x00008120                Serial_::read()
 .text._Z16CDC_GetInterfacePh
                0x00008144       0x1c C:\Users\Vu\AppData\Local\Temp\VMBuilds\VentusVentFirmware\adafruit_adafruit_feather_m0\Debug/core.a(CDC.cpp.o)
                0x00008144                CDC_GetInterface(unsigned char*)
 .text._Z9CDC_SetupR8USBSetup
                0x00008160       0x80 C:\Users\Vu\AppData\Local\Temp\VMBuilds\VentusVentFirmware\adafruit_adafruit_feather_m0\Debug/core.a(CDC.cpp.o)
                0x00008160                CDC_Setup(USBSetup&)
 .text._ZN7Serial_5beginEm
                0x000081e0        0x2 C:\Users\Vu\AppData\Local\Temp\VMBuilds\VentusVentFirmware\adafruit_adafruit_feather_m0\Debug/core.a(CDC.cpp.o)
                0x000081e0                Serial_::begin(unsigned long)
 *fill*         0x000081e2        0x2 
 .text._ZN7Serial_cvbEv
                0x000081e4       0x28 C:\Users\Vu\AppData\Local\Temp\VMBuilds\VentusVentFirmware\adafruit_adafruit_feather_m0\Debug/core.a(CDC.cpp.o)
                0x000081e4                Serial_::operator bool()
 .text.startup._GLOBAL__sub_I__Z17_CDC_GetInterfacev
                0x0000820c       0x28 C:\Users\Vu\AppData\Local\Temp\VMBuilds\VentusVentFirmware\adafruit_adafruit_feather_m0\Debug/core.a(CDC.cpp.o)
 .text._ZN26DoubleBufferedEPOutHandler4initEv
                0x00008234        0x2 C:\Users\Vu\AppData\Local\Temp\VMBuilds\VentusVentFirmware\adafruit_adafruit_feather_m0\Debug/core.a(USBCore.cpp.o)
                0x00008234                DoubleBufferedEPOutHandler::init()
 .text._ZL5utox8mPc
                0x00008236       0x1c C:\Users\Vu\AppData\Local\Temp\VMBuilds\VentusVentFirmware\adafruit_adafruit_feather_m0\Debug/core.a(USBCore.cpp.o)
 *fill*         0x00008252        0x2 
 .text._ZN14USBDeviceClass6initEPEmm.part.4
                0x00008254       0xe0 C:\Users\Vu\AppData\Local\Temp\VMBuilds\VentusVentFirmware\adafruit_adafruit_feather_m0\Debug/core.a(USBCore.cpp.o)
 .text._ZN7__GuardC2Ev
                0x00008334        0xe C:\Users\Vu\AppData\Local\Temp\VMBuilds\VentusVentFirmware\adafruit_adafruit_feather_m0\Debug/core.a(USBCore.cpp.o)
                0x00008334                __Guard::__Guard()
                0x00008334                __Guard::__Guard()
 .text._ZN7__GuardD2Ev
                0x00008342        0xe C:\Users\Vu\AppData\Local\Temp\VMBuilds\VentusVentFirmware\adafruit_adafruit_feather_m0\Debug/core.a(USBCore.cpp.o)
                0x00008342                __Guard::~__Guard()
                0x00008342                __Guard::~__Guard()
 .text._ZNK26DoubleBufferedEPOutHandler9availableEv
                0x00008350       0x5e C:\Users\Vu\AppData\Local\Temp\VMBuilds\VentusVentFirmware\adafruit_adafruit_feather_m0\Debug/core.a(USBCore.cpp.o)
                0x00008350                DoubleBufferedEPOutHandler::available() const
 *fill*         0x000083ae        0x2 
 .text._ZN26DoubleBufferedEPOutHandler7releaseEv
                0x000083b0       0x58 C:\Users\Vu\AppData\Local\Temp\VMBuilds\VentusVentFirmware\adafruit_adafruit_feather_m0\Debug/core.a(USBCore.cpp.o)
                0x000083b0                DoubleBufferedEPOutHandler::release()
 .text._ZN26DoubleBufferedEPOutHandler4recvEPvm
                0x00008408      0x11c C:\Users\Vu\AppData\Local\Temp\VMBuilds\VentusVentFirmware\adafruit_adafruit_feather_m0\Debug/core.a(USBCore.cpp.o)
                0x00008408                DoubleBufferedEPOutHandler::recv(void*, unsigned long)
 .text._ZN26DoubleBufferedEPOutHandler14handleEndpointEv
                0x00008524       0xc8 C:\Users\Vu\AppData\Local\Temp\VMBuilds\VentusVentFirmware\adafruit_adafruit_feather_m0\Debug/core.a(USBCore.cpp.o)
                0x00008524                DoubleBufferedEPOutHandler::handleEndpoint()
 .text._ZN14USBDeviceClass14SendInterfacesEPm
                0x000085ec       0x2c C:\Users\Vu\AppData\Local\Temp\VMBuilds\VentusVentFirmware\adafruit_adafruit_feather_m0\Debug/core.a(USBCore.cpp.o)
                0x000085ec                USBDeviceClass::SendInterfaces(unsigned long*)
 .text._ZN14USBDeviceClass14handleEndpointEh
                0x00008618       0x40 C:\Users\Vu\AppData\Local\Temp\VMBuilds\VentusVentFirmware\adafruit_adafruit_feather_m0\Debug/core.a(USBCore.cpp.o)
                0x00008618                USBDeviceClass::handleEndpoint(unsigned char)
 .text._ZN14USBDeviceClass4initEv
                0x00008658       0xf0 C:\Users\Vu\AppData\Local\Temp\VMBuilds\VentusVentFirmware\adafruit_adafruit_feather_m0\Debug/core.a(USBCore.cpp.o)
                0x00008658                USBDeviceClass::init()
 .text._ZN14USBDeviceClass6attachEv
                0x00008748       0x34 C:\Users\Vu\AppData\Local\Temp\VMBuilds\VentusVentFirmware\adafruit_adafruit_feather_m0\Debug/core.a(USBCore.cpp.o)
                0x00008748                USBDeviceClass::attach()
 .text._ZN14USBDeviceClass10setAddressEm
                0x0000877c       0x48 C:\Users\Vu\AppData\Local\Temp\VMBuilds\VentusVentFirmware\adafruit_adafruit_feather_m0\Debug/core.a(USBCore.cpp.o)
                0x0000877c                USBDeviceClass::setAddress(unsigned long)
 .text._ZN14USBDeviceClass25handleClassInterfaceSetupER8USBSetup
                0x000087c4       0x40 C:\Users\Vu\AppData\Local\Temp\VMBuilds\VentusVentFirmware\adafruit_adafruit_feather_m0\Debug/core.a(USBCore.cpp.o)
                0x000087c4                USBDeviceClass::handleClassInterfaceSetup(USBSetup&)
 .text._ZN14USBDeviceClass6initEPEmm
                0x00008804      0x108 C:\Users\Vu\AppData\Local\Temp\VMBuilds\VentusVentFirmware\adafruit_adafruit_feather_m0\Debug/core.a(USBCore.cpp.o)
                0x00008804                USBDeviceClass::initEP(unsigned long, unsigned long)
 .text._ZN14USBDeviceClass13initEndpointsEv
                0x0000890c       0x24 C:\Users\Vu\AppData\Local\Temp\VMBuilds\VentusVentFirmware\adafruit_adafruit_feather_m0\Debug/core.a(USBCore.cpp.o)
                0x0000890c                USBDeviceClass::initEndpoints()
 .text._ZN14USBDeviceClass9availableEm
                0x00008930       0x2c C:\Users\Vu\AppData\Local\Temp\VMBuilds\VentusVentFirmware\adafruit_adafruit_feather_m0\Debug/core.a(USBCore.cpp.o)
                0x00008930                USBDeviceClass::available(unsigned long)
 .text._ZN14USBDeviceClass5flushEm
                0x0000895c       0x2c C:\Users\Vu\AppData\Local\Temp\VMBuilds\VentusVentFirmware\adafruit_adafruit_feather_m0\Debug/core.a(USBCore.cpp.o)
                0x0000895c                USBDeviceClass::flush(unsigned long)
 .text._ZN14USBDeviceClass14armRecvCtrlOUTEm
                0x00008988       0x60 C:\Users\Vu\AppData\Local\Temp\VMBuilds\VentusVentFirmware\adafruit_adafruit_feather_m0\Debug/core.a(USBCore.cpp.o)
                0x00008988                USBDeviceClass::armRecvCtrlOUT(unsigned long)
 .text._ZN14USBDeviceClass11recvControlEPvm
                0x000089e8       0x3c C:\Users\Vu\AppData\Local\Temp\VMBuilds\VentusVentFirmware\adafruit_adafruit_feather_m0\Debug/core.a(USBCore.cpp.o)
                0x000089e8                USBDeviceClass::recvControl(void*, unsigned long)
 .text._ZN14USBDeviceClass7armRecvEm
                0x00008a24       0x3c C:\Users\Vu\AppData\Local\Temp\VMBuilds\VentusVentFirmware\adafruit_adafruit_feather_m0\Debug/core.a(USBCore.cpp.o)
                0x00008a24                USBDeviceClass::armRecv(unsigned long)
 .text._ZN14USBDeviceClass4recvEmPvm
                0x00008a60       0xd8 C:\Users\Vu\AppData\Local\Temp\VMBuilds\VentusVentFirmware\adafruit_adafruit_feather_m0\Debug/core.a(USBCore.cpp.o)
                0x00008a60                USBDeviceClass::recv(unsigned long, void*, unsigned long)
 .text._ZN14USBDeviceClass4recvEm
                0x00008b38       0x1c C:\Users\Vu\AppData\Local\Temp\VMBuilds\VentusVentFirmware\adafruit_adafruit_feather_m0\Debug/core.a(USBCore.cpp.o)
                0x00008b38                USBDeviceClass::recv(unsigned long)
 .text._ZN14USBDeviceClass4sendEmPKvm
                0x00008b54      0x124 C:\Users\Vu\AppData\Local\Temp\VMBuilds\VentusVentFirmware\adafruit_adafruit_feather_m0\Debug/core.a(USBCore.cpp.o)
                0x00008b54                USBDeviceClass::send(unsigned long, void const*, unsigned long)
 .text._ZN14USBDeviceClass7armSendEmPKvm
                0x00008c78       0x48 C:\Users\Vu\AppData\Local\Temp\VMBuilds\VentusVentFirmware\adafruit_adafruit_feather_m0\Debug/core.a(USBCore.cpp.o)
                0x00008c78                USBDeviceClass::armSend(unsigned long, void const*, unsigned long)
 .text._ZN14USBDeviceClass11sendControlEPKvm
                0x00008cc0       0x58 C:\Users\Vu\AppData\Local\Temp\VMBuilds\VentusVentFirmware\adafruit_adafruit_feather_m0\Debug/core.a(USBCore.cpp.o)
                0x00008cc0                USBDeviceClass::sendControl(void const*, unsigned long)
 .text._ZN14USBDeviceClass20sendStringDescriptorEPKhh
                0x00008d18       0x68 C:\Users\Vu\AppData\Local\Temp\VMBuilds\VentusVentFirmware\adafruit_adafruit_feather_m0\Debug/core.a(USBCore.cpp.o)
                0x00008d18                USBDeviceClass::sendStringDescriptor(unsigned char const*, unsigned char)
 .text._ZN14USBDeviceClass12packMessagesEb.part.6
                0x00008d80       0x20 C:\Users\Vu\AppData\Local\Temp\VMBuilds\VentusVentFirmware\adafruit_adafruit_feather_m0\Debug/core.a(USBCore.cpp.o)
 .text._ZN14USBDeviceClass17sendConfigurationEm
                0x00008da0       0x90 C:\Users\Vu\AppData\Local\Temp\VMBuilds\VentusVentFirmware\adafruit_adafruit_feather_m0\Debug/core.a(USBCore.cpp.o)
                0x00008da0                USBDeviceClass::sendConfiguration(unsigned long)
 .text._ZN14USBDeviceClass14sendDescriptorER8USBSetup
                0x00008e30       0xec C:\Users\Vu\AppData\Local\Temp\VMBuilds\VentusVentFirmware\adafruit_adafruit_feather_m0\Debug/core.a(USBCore.cpp.o)
                0x00008e30                USBDeviceClass::sendDescriptor(USBSetup&)
 .text._ZN14USBDeviceClass19handleStandardSetupER8USBSetup
                0x00008f1c      0x118 C:\Users\Vu\AppData\Local\Temp\VMBuilds\VentusVentFirmware\adafruit_adafruit_feather_m0\Debug/core.a(USBCore.cpp.o)
                0x00008f1c                USBDeviceClass::handleStandardSetup(USBSetup&)
 .text._ZN14USBDeviceClass10ISRHandlerEv
                0x00009034      0x150 C:\Users\Vu\AppData\Local\Temp\VMBuilds\VentusVentFirmware\adafruit_adafruit_feather_m0\Debug/core.a(USBCore.cpp.o)
                0x00009034                USBDeviceClass::ISRHandler()
 .text.UDD_Handler
                0x00009184       0x10 C:\Users\Vu\AppData\Local\Temp\VMBuilds\VentusVentFirmware\adafruit_adafruit_feather_m0\Debug/core.a(USBCore.cpp.o)
                0x00009184                UDD_Handler
 .text.startup._GLOBAL__sub_I_usbd
                0x00009194       0x10 C:\Users\Vu\AppData\Local\Temp\VMBuilds\VentusVentFirmware\adafruit_adafruit_feather_m0\Debug/core.a(USBCore.cpp.o)
 .text.ltoa     0x000091a4       0x8a C:\Users\Vu\AppData\Local\Temp\VMBuilds\VentusVentFirmware\adafruit_adafruit_feather_m0\Debug/core.a(itoa.c.o)
                0x000091a4                ltoa
 .text.itoa     0x0000922e        0x8 C:\Users\Vu\AppData\Local\Temp\VMBuilds\VentusVentFirmware\adafruit_adafruit_feather_m0\Debug/core.a(itoa.c.o)
                0x0000922e                itoa
 .text._ZN13PluggableUSB_12getInterfaceEPh
                0x00009236       0x2a C:\Users\Vu\AppData\Local\Temp\VMBuilds\VentusVentFirmware\adafruit_adafruit_feather_m0\Debug/core.a(PluggableUSB.cpp.o)
                0x00009236                PluggableUSB_::getInterface(unsigned char*)
 .text._ZN13PluggableUSB_13getDescriptorER8USBSetup
                0x00009260       0x20 C:\Users\Vu\AppData\Local\Temp\VMBuilds\VentusVentFirmware\adafruit_adafruit_feather_m0\Debug/core.a(PluggableUSB.cpp.o)
                0x00009260                PluggableUSB_::getDescriptor(USBSetup&)
 .text._ZN13PluggableUSB_12getShortNameEPc
                0x00009280       0x1e C:\Users\Vu\AppData\Local\Temp\VMBuilds\VentusVentFirmware\adafruit_adafruit_feather_m0\Debug/core.a(PluggableUSB.cpp.o)
                0x00009280                PluggableUSB_::getShortName(char*)
 .text._ZN13PluggableUSB_5setupER8USBSetup
                0x0000929e       0x24 C:\Users\Vu\AppData\Local\Temp\VMBuilds\VentusVentFirmware\adafruit_adafruit_feather_m0\Debug/core.a(PluggableUSB.cpp.o)
                0x0000929e                PluggableUSB_::setup(USBSetup&)
 *fill*         0x000092c2        0x2 
 .text._Z12PluggableUSBv
                0x000092c4       0x24 C:\Users\Vu\AppData\Local\Temp\VMBuilds\VentusVentFirmware\adafruit_adafruit_feather_m0\Debug/core.a(PluggableUSB.cpp.o)
                0x000092c4                PluggableUSB()
 .text._ZN20USBDevice_SAMD21G18x5resetEv
                0x000092e8       0x32 C:\Users\Vu\AppData\Local\Temp\VMBuilds\VentusVentFirmware\adafruit_adafruit_feather_m0\Debug/core.a(SAMD21_USBDevice.cpp.o)
                0x000092e8                USBDevice_SAMD21G18x::reset()
 *fill*         0x0000931a        0x2 
 .text._ZN20USBDevice_SAMD21G18x9calibrateEv
                0x0000931c       0x5c C:\Users\Vu\AppData\Local\Temp\VMBuilds\VentusVentFirmware\adafruit_adafruit_feather_m0\Debug/core.a(SAMD21_USBDevice.cpp.o)
                0x0000931c                USBDevice_SAMD21G18x::calibrate()
 .text          0x00009378       0x14 c:/users/vu/appdata/local/arduino15/packages/arduino/tools/arm-none-eabi-gcc/4.8.3-2014q1/bin/../lib/gcc/arm-none-eabi/4.8.3/armv6-m\libgcc.a(_thumb1_case_uqi.o)
                0x00009378                __gnu_thumb1_case_uqi
 .text          0x0000938c       0x9c c:/users/vu/appdata/local/arduino15/packages/arduino/tools/arm-none-eabi-gcc/4.8.3-2014q1/bin/../lib/gcc/arm-none-eabi/4.8.3/armv6-m\libgcc.a(_udivsi3.o)
                0x0000938c                __aeabi_uidiv
                0x0000938c                __udivsi3
                0x00009414                __aeabi_uidivmod
 .text          0x00009428       0xc0 c:/users/vu/appdata/local/arduino15/packages/arduino/tools/arm-none-eabi-gcc/4.8.3-2014q1/bin/../lib/gcc/arm-none-eabi/4.8.3/armv6-m\libgcc.a(_divsi3.o)
                0x00009428                __divsi3
                0x00009428                __aeabi_idiv
                0x000094d4                __aeabi_idivmod
 .text          0x000094e8        0x4 c:/users/vu/appdata/local/arduino15/packages/arduino/tools/arm-none-eabi-gcc/4.8.3-2014q1/bin/../lib/gcc/arm-none-eabi/4.8.3/armv6-m\libgcc.a(_dvmd_tls.o)
                0x000094e8                __aeabi_idiv0
                0x000094e8                __aeabi_ldiv0
 .text          0x000094ec       0x7c c:/users/vu/appdata/local/arduino15/packages/arduino/tools/arm-none-eabi-gcc/4.8.3-2014q1/bin/../lib/gcc/arm-none-eabi/4.8.3/armv6-m\libgcc.a(_arm_cmpdf2.o)
                0x000094ec                __aeabi_cdrcmple
                0x000094fc                __aeabi_cdcmple
                0x000094fc                __aeabi_cdcmpeq
                0x0000950c                __aeabi_dcmpeq
                0x00009518                __aeabi_dcmplt
                0x0000952c                __aeabi_dcmple
                0x00009540                __aeabi_dcmpgt
                0x00009554                __aeabi_dcmpge
 .text          0x00009568       0x74 c:/users/vu/appdata/local/arduino15/packages/arduino/tools/arm-none-eabi-gcc/4.8.3-2014q1/bin/../lib/gcc/arm-none-eabi/4.8.3/armv6-m\libgcc.a(_arm_cmpsf2.o)
                0x00009568                __aeabi_cfrcmple
                0x00009570                __aeabi_cfcmpeq
                0x00009570                __aeabi_cfcmple
                0x00009580                __aeabi_fcmpeq
                0x0000958c                __aeabi_fcmplt
                0x000095a0                __aeabi_fcmple
                0x000095b4                __aeabi_fcmpgt
                0x000095c8                __aeabi_fcmpge
 *fill*         0x000095dc        0x4 
 .text          0x000095e0       0x40 c:/users/vu/appdata/local/arduino15/packages/arduino/tools/arm-none-eabi-gcc/4.8.3-2014q1/bin/../lib/gcc/arm-none-eabi/4.8.3/armv6-m\libgcc.a(_fixunsdfsi.o)
                0x000095e0                __aeabi_d2uiz
                0x000095e0                __fixunsdfsi
 .text          0x00009620      0x2c8 c:/users/vu/appdata/local/arduino15/packages/arduino/tools/arm-none-eabi-gcc/4.8.3-2014q1/bin/../lib/gcc/arm-none-eabi/4.8.3/armv6-m\libgcc.a(addsf3.o)
                0x00009620                __aeabi_fadd
 .text          0x000098e8       0x54 c:/users/vu/appdata/local/arduino15/packages/arduino/tools/arm-none-eabi-gcc/4.8.3-2014q1/bin/../lib/gcc/arm-none-eabi/4.8.3/armv6-m\libgcc.a(eqsf2.o)
                0x000098e8                __eqsf2
                0x000098e8                __nesf2
 .text          0x0000993c       0x90 c:/users/vu/appdata/local/arduino15/packages/arduino/tools/arm-none-eabi-gcc/4.8.3-2014q1/bin/../lib/gcc/arm-none-eabi/4.8.3/armv6-m\libgcc.a(gesf2.o)
                0x0000993c                __gesf2
                0x0000993c                __gtsf2
 .text          0x000099cc       0x98 c:/users/vu/appdata/local/arduino15/packages/arduino/tools/arm-none-eabi-gcc/4.8.3-2014q1/bin/../lib/gcc/arm-none-eabi/4.8.3/armv6-m\libgcc.a(lesf2.o)
                0x000099cc                __ltsf2
                0x000099cc                __lesf2