Archive member included because of file (symbol)

c:/users/vu/appdata/local/arduino15/packages/arduino/tools/arm-none-eabi-gcc/4.8.3-2014q1/bin/../lib/gcc/arm-none-eabi/4.8.3/../../../../arm-none-eabi/lib/armv6-m\libm.a(lib_a-sf_fpclassify.o)
                              VentusVentFirmware.cpp.o (__fpclassifyf)
c:/users/vu/appdata/local/arduino15/packages/arduino/tools/arm-none-eabi-gcc/4.8.3-2014q1/bin/../lib/gcc/arm-none-eabi/4.8.3/../../../../arm-none-eabi/lib/armv6-m\libm.a(lib_a-w_sqrt.o)
                              DHT_sensor_library\DHT.cpp.o (sqrt)
c:/users/vu/appdata/local/arduino15/packages/arduino/tools/arm-none-eabi-gcc/4.8.3-2014q1/bin/../lib/gcc/arm-none-eabi/4.8.3/../../../../arm-none-eabi/lib/armv6-m\libm.a(lib_a-e_sqrt.o)
                              c:/users/vu/appdata/local/arduino15/packages/arduino/tools/arm-none-eabi-gcc/4.8.3-2014q1/bin/../lib/gcc/arm-none-eabi/4.8.3/../../../../arm-none-eabi/lib/armv6-m\libm.a(lib_a-w_sqrt.o) (__ieee754_sqrt)
c:/users/vu/appdata/local/arduino15/packages/arduino/tools/arm-none-eabi-gcc/4.8.3-2014q1/bin/../lib/gcc/arm-none-eabi/4.8.3/../../../../arm-none-eabi/lib/armv6-m\libm.a(lib_a-s_fpclassify.o)
                              c:/users/vu/appdata/local/arduino15/packages/arduino/tools/arm-none-eabi-gcc/4.8.3-2014q1/bin/../lib/gcc/arm-none-eabi/4.8.3/../../../../arm-none-eabi/lib/armv6-m\libm.a(lib_a-w_sqrt.o) (__fpclassifyd)
c:/users/vu/appdata/local/arduino15/packages/arduino/tools/arm-none-eabi-gcc/4.8.3-2014q1/bin/../lib/gcc/arm-none-eabi/4.8.3/../../../../arm-none-eabi/lib/armv6-m\libm.a(lib_a-s_lib_ver.o)
                              c:/users/vu/appdata/local/arduino15/packages/arduino/tools/arm-none-eabi-gcc/4.8.3-2014q1/bin/../lib/gcc/arm-none-eabi/4.8.3/../../../../arm-none-eabi/lib/armv6-m\libm.a(lib_a-w_sqrt.o) (__fdlib_version)
c:/users/vu/appdata/local/arduino15/packages/arduino/tools/arm-none-eabi-gcc/4.8.3-2014q1/bin/../lib/gcc/arm-none-eabi/4.8.3/../../../../arm-none-eabi/lib/armv6-m\libm.a(lib_a-s_matherr.o)
                              c:/users/vu/appdata/local/arduino15/packages/arduino/tools/arm-none-eabi-gcc/4.8.3-2014q1/bin/../lib/gcc/arm-none-eabi/4.8.3/../../../../arm-none-eabi/lib/armv6-m\libm.a(lib_a-w_sqrt.o) (matherr)
C:\Users\Vu\AppData\Local\Temp\VMBuilds\VentusVentFirmware\adafruit_adafruit_feather_m0\Release/core.a(cortex_handlers.c.o)
                              (Reset_Handler)
C:\Users\Vu\AppData\Local\Temp\VMBuilds\VentusVentFirmware\adafruit_adafruit_feather_m0\Release/core.a(delay.c.o)
                              VentusVentFirmware.cpp.o (millis)
C:\Users\Vu\AppData\Local\Temp\VMBuilds\VentusVentFirmware\adafruit_adafruit_feather_m0\Release/core.a(hooks.c.o)
                              C:\Users\Vu\AppData\Local\Temp\VMBuilds\VentusVentFirmware\adafruit_adafruit_feather_m0\Release/core.a(delay.c.o) (yield)
C:\Users\Vu\AppData\Local\Temp\VMBuilds\VentusVentFirmware\adafruit_adafruit_feather_m0\Release/core.a(startup.c.o)
                              C:\Users\Vu\AppData\Local\Temp\VMBuilds\VentusVentFirmware\adafruit_adafruit_feather_m0\Release/core.a(cortex_handlers.c.o) (SystemInit)
C:\Users\Vu\AppData\Local\Temp\VMBuilds\VentusVentFirmware\adafruit_adafruit_feather_m0\Release/core.a(WInterrupts.c.o)
                              WiFi101\bsp\source\nm_bsp_arduino.c.o (attachInterrupt)
C:\Users\Vu\AppData\Local\Temp\VMBuilds\VentusVentFirmware\adafruit_adafruit_feather_m0\Release/core.a(wiring.c.o)
                              DHT_sensor_library\DHT.cpp.o (SystemCoreClock)
C:\Users\Vu\AppData\Local\Temp\VMBuilds\VentusVentFirmware\adafruit_adafruit_feather_m0\Release/core.a(wiring_analog.c.o)
                              C:\Users\Vu\AppData\Local\Temp\VMBuilds\VentusVentFirmware\adafruit_adafruit_feather_m0\Release/core.a(wiring.c.o) (analogReference)
C:\Users\Vu\AppData\Local\Temp\VMBuilds\VentusVentFirmware\adafruit_adafruit_feather_m0\Release/core.a(wiring_digital.c.o)
                              VentusVentFirmware.cpp.o (pinMode)
C:\Users\Vu\AppData\Local\Temp\VMBuilds\VentusVentFirmware\adafruit_adafruit_feather_m0\Release/core.a(wiring_private.c.o)
                              SPI\SPI.cpp.o (pinPeripheral)
C:\Users\Vu\AppData\Local\Temp\VMBuilds\VentusVentFirmware\adafruit_adafruit_feather_m0\Release/core.a(abi.cpp.o)
                              VentusVentFirmware.cpp.o (__cxa_pure_virtual)
C:\Users\Vu\AppData\Local\Temp\VMBuilds\VentusVentFirmware\adafruit_adafruit_feather_m0\Release/core.a(IPAddress.cpp.o)
                              WiFi101\WiFi.cpp.o (IPAddress::IPAddress())
C:\Users\Vu\AppData\Local\Temp\VMBuilds\VentusVentFirmware\adafruit_adafruit_feather_m0\Release/core.a(main.cpp.o)
                              c:/users/vu/appdata/local/arduino15/packages/arduino/tools/arm-none-eabi-gcc/4.8.3-2014q1/bin/../lib/gcc/arm-none-eabi/4.8.3/../../../../arm-none-eabi/lib/armv6-m/crt0.o (main)
[...]
Memory Configuration

Name             Origin             Length             Attributes
FLASH            0x00002000         0x0003e000         xr
RAM              0x20000000         0x00008000         xrw
*default*        0x00000000         0xffffffff

Linker script and memory map

LOAD c:/users/vu/appdata/local/arduino15/packages/arduino/tools/arm-none-eabi-gcc/4.8.3-2014q1/bin/../lib/gcc/arm-none-eabi/4.8.3/armv6-m/crti.o
LOAD c:/users/vu/appdata/local/arduino15/packages/arduino/tools/arm-none-eabi-gcc/4.8.3-2014q1/bin/../lib/gcc/arm-none-eabi/4.8.3/armv6-m/crtbegin.o
LOAD c:/users/vu/appdata/local/arduino15/packages/arduino/tools/arm-none-eabi-gcc/4.8.3-2014q1/bin/../lib/gcc/arm-none-eabi/4.8.3/../../../../arm-none-eabi/lib/armv6-m/crt0.o
LOAD VentusVentFirmware.cpp.o
LOAD DHT_sensor_library\DHT.cpp.o
LOAD DHT_sensor_library\DHT_U.cpp.o
LOAD Servo\avr\Servo.cpp.o
LOAD Servo\megaavr\Servo.cpp.o
LOAD Servo\nrf52\Servo.cpp.o
LOAD Servo\sam\Servo.cpp.o
LOAD Servo\samd\Servo.cpp.o
LOAD Servo\stm32f4\Servo.cpp.o
LOAD SPI\SPI.cpp.o
LOAD WiFi101\WiFi.cpp.o
LOAD WiFi101\WiFiClient.cpp.o
LOAD WiFi101\WiFiMDNSResponder.cpp.o
LOAD WiFi101\WiFiServer.cpp.o
LOAD WiFi101\WiFiSSLClient.cpp.o
LOAD WiFi101\WiFiUdp.cpp.o
LOAD WiFi101\bsp\source\nm_bsp_arduino.c.o
LOAD WiFi101\bsp\source\nm_bsp_arduino_avr.c.o
LOAD WiFi101\bus_wrapper\source\nm_bus_wrapper_samd21.cpp.o
LOAD WiFi101\common\source\nm_common.c.o
LOAD WiFi101\driver\source\m2m_ate_mode.c.o
LOAD WiFi101\driver\source\m2m_crypto.c.o
LOAD WiFi101\driver\source\m2m_hif.c.o
LOAD WiFi101\driver\source\m2m_ota.c.o
LOAD WiFi101\driver\source\m2m_periph.c.o
LOAD WiFi101\driver\source\m2m_ssl.c.o
LOAD WiFi101\driver\source\m2m_wifi.c.o
LOAD WiFi101\driver\source\nmasic.c.o
LOAD WiFi101\driver\source\nmbus.c.o
LOAD WiFi101\driver\source\nmdrv.c.o
LOAD WiFi101\driver\source\nmi2c.c.o
LOAD WiFi101\driver\source\nmspi.c.o
LOAD WiFi101\driver\source\nmuart.c.o
LOAD WiFi101\socket\source\socket.c.o
LOAD WiFi101\spi_flash\source\spi_flash.c.o
LOAD WiFi101\utility\WiFiSocket.cpp.o
LOAD C:\Users\Vu\AppData\Local\Temp\VMBCore\arduino16x\738f5a7998026d51a13128e819df1cf6\variant\variant.cpp.o
START GROUP
LOAD C:\Users\Vu\AppData\Local\arduino15\packages\arduino\tools\CMSIS\4.5.0/CMSIS/Lib/GCC/\libarm_cortexM0l_math.a
LOAD c:/users/vu/appdata/local/arduino15/packages/arduino/tools/arm-none-eabi-gcc/4.8.3-2014q1/bin/../lib/gcc/arm-none-eabi/4.8.3/../../../../arm-none-eabi/lib/armv6-m\libm.a
LOAD C:\Users\Vu\AppData\Local\Temp\VMBuilds\VentusVentFirmware\adafruit_adafruit_feather_m0\Release/core.a
END GROUP
START GROUP
LOAD c:/users/vu/appdata/local/arduino15/packages/arduino/tools/arm-none-eabi-gcc/4.8.3-2014q1/bin/../lib/gcc/arm-none-eabi/4.8.3/armv6-m\libgcc.a
LOAD c:/users/vu/appdata/local/arduino15/packages/arduino/tools/arm-none-eabi-gcc/4.8.3-2014q1/bin/../lib/gcc/arm-none-eabi/4.8.3/../../../../arm-none-eabi/lib/armv6-m\libc_s.a
END GROUP
START GROUP
LOAD c:/users/vu/appdata/local/arduino15/packages/arduino/tools/arm-none-eabi-gcc/4.8.3-2014q1/bin/../lib/gcc/arm-none-eabi/4.8.3/armv6-m\libgcc.a
LOAD c:/users/vu/appdata/local/arduino15/packages/arduino/tools/arm-none-eabi-gcc/4.8.3-2014q1/bin/../lib/gcc/arm-none-eabi/4.8.3/../../../../arm-none-eabi/lib/armv6-m\libc_s.a
LOAD c:/users/vu/appdata/local/arduino15/packages/arduino/tools/arm-none-eabi-gcc/4.8.3-2014q1/bin/../lib/gcc/arm-none-eabi/4.8.3/../../../../arm-none-eabi/lib/armv6-m\libnosys.a
END GROUP
START GROUP
LOAD c:/users/vu/appdata/local/arduino15/packages/arduino/tools/arm-none-eabi-gcc/4.8.3-2014q1/bin/../lib/gcc/arm-none-eabi/4.8.3/armv6-m\libgcc.a
LOAD c:/users/vu/appdata/local/arduino15/packages/arduino/tools/arm-none-eabi-gcc/4.8.3-2014q1/bin/../lib/gcc/arm-none-eabi/4.8.3/../../../../arm-none-eabi/lib/armv6-m\libc_s.a
LOAD c:/users/vu/appdata/local/arduino15/packages/arduino/tools/arm-none-eabi-gcc/4.8.3-2014q1/bin/../lib/gcc/arm-none-eabi/4.8.3/../../../../arm-none-eabi/lib/armv6-m\libnosys.a
END GROUP
LOAD c:/users/vu/appdata/local/arduino15/packages/arduino/tools/arm-none-eabi-gcc/4.8.3-2014q1/bin/../lib/gcc/arm-none-eabi/4.8.3/armv6-m/crtend.o
LOAD c:/users/vu/appdata/local/arduino15/packages/arduino/tools/arm-none-eabi-gcc/4.8.3-2014q1/bin/../lib/gcc/arm-none-eabi/4.8.3/armv6-m/crtn.o

.text           0x00002000     0xcc08
                0x00002000                __text_start__ = .
 *(.sketch_boot)
                0x00002000                . = ALIGN (0x2000)
 *(.isr_vector)
 .isr_vector    0x00002000       0xb4 C:\Users\Vu\AppData\Local\Temp\VMBuilds\VentusVentFirmware\adafruit_adafruit_feather_m0\Release/core.a(cortex_handlers.c.o)
                0x00002000                exception_table
 *(.text*)
 .text          0x000020b4       0x60 c:/users/vu/appdata/local/arduino15/packages/arduino/tools/arm-none-eabi-gcc/4.8.3-2014q1/bin/../lib/gcc/arm-none-eabi/4.8.3/armv6-m/crtbegin.o
 .text._ZN15Adafruit_SensorD2Ev
                0x00002114        0xc VentusVentFirmware.cpp.o
                0x00002114                Adafruit_Sensor::~Adafruit_Sensor()
                0x00002114                Adafruit_Sensor::~Adafruit_Sensor()
 .text._ZN15Adafruit_Sensor15enableAutoRangeEb
                0x00002120        0x2 VentusVentFirmware.cpp.o
                0x00002120                Adafruit_Sensor::enableAutoRange(bool)
 *fill*         0x00002122        0x2 
 .text._ZN11DHT_UnifiedD2Ev
                0x00002124        0xc VentusVentFirmware.cpp.o
                0x00002124                DHT_Unified::~DHT_Unified()
                0x00002124                DHT_Unified::~DHT_Unified()
 .text._ZN15Adafruit_SensorD0Ev
                0x00002130       0x14 VentusVentFirmware.cpp.o
                0x00002130                Adafruit_Sensor::~Adafruit_Sensor()
 .text._Z11connectWiFiv
                0x00002144       0x50 VentusVentFirmware.cpp.o
                0x00002144                connectWiFi()
 .text._Z9calibrate5Servoiii
                0x00002194       0x58 VentusVentFirmware.cpp.o
                0x00002194                calibrate(Servo, int, int, int)
 .text.setup    0x000021ec       0x88 VentusVentFirmware.cpp.o
                0x000021ec                setup
 *fill*         0x00002274        0x4 
 .text._Z7readBatv
                0x00002278       0x60 VentusVentFirmware.cpp.o
                0x00002278                readBat()
 .text._Z14readBatPercentv
                0x000022d8       0x98 VentusVentFirmware.cpp.o
                0x000022d8                readBatPercent()
 .text.startup._GLOBAL__sub_I_dht
                0x00002370       0x58 VentusVentFirmware.cpp.o
 .text._Z11httpRequestv
                0x000023c8      0x3b0 VentusVentFirmware.cpp.o
                0x000023c8                httpRequest()
 .text.loop     0x00002778      0x130 VentusVentFirmware.cpp.o
                0x00002778                loop
 .text._ZN3DHTC2Ehhh
                0x000028a8       0x28 DHT_sensor_library\DHT.cpp.o
                0x000028a8                DHT::DHT(unsigned char, unsigned char, unsigned char)
                0x000028a8                DHT::DHT(unsigned char, unsigned char, unsigned char)
 .text._ZN3DHT5beginEh
                0x000028d0       0x20 DHT_sensor_library\DHT.cpp.o
                0x000028d0                DHT::begin(unsigned char)
 .text._ZN3DHT11expectPulseEb
                0x000028f0       0x28 DHT_sensor_library\DHT.cpp.o
                0x000028f0                DHT::expectPulse(bool)
 .text._ZN3DHT4readEb
                0x00002918      0x120 DHT_sensor_library\DHT.cpp.o
                0x00002918                DHT::read(bool)
 .text._ZN3DHT15readTemperatureEbb
                0x00002a38      0x120 DHT_sensor_library\DHT.cpp.o
                0x00002a38                DHT::readTemperature(bool, bool)
 .text._ZN3DHT12readHumidityEb
                0x00002b58       0x80 DHT_sensor_library\DHT.cpp.o
                0x00002b58                DHT::readHumidity(bool)
 .text._ZN11DHT_Unified8HumidityD2Ev
                0x00002bd8        0xc DHT_sensor_library\DHT_U.cpp.o
                0x00002bd8                DHT_Unified::Humidity::~Humidity()
                0x00002bd8                DHT_Unified::Humidity::~Humidity()
 .text._ZN11DHT_Unified11TemperatureD2Ev
                0x00002be4        0xc DHT_sensor_library\DHT_U.cpp.o
                0x00002be4                DHT_Unified::Temperature::~Temperature()
                0x00002be4                DHT_Unified::Temperature::~Temperature()
 .text._ZN11DHT_Unified8HumidityD0Ev
                0x00002bf0       0x14 DHT_sensor_library\DHT_U.cpp.o
                0x00002bf0                DHT_Unified::Humidity::~Humidity()
 .text._ZN11DHT_Unified11TemperatureD0Ev
                0x00002c04       0x14 DHT_sensor_library\DHT_U.cpp.o
                0x00002c04                DHT_Unified::Temperature::~Temperature()
 .text._ZN11DHT_Unified11Temperature8getEventEP15sensors_event_t
                0x00002c18       0x32 DHT_sensor_library\DHT_U.cpp.o
                0x00002c18                DHT_Unified::Temperature::getEvent(sensors_event_t*)
 .text._ZN11DHT_Unified8Humidity8getEventEP15sensors_event_t
                0x00002c4a       0x30 DHT_sensor_library\DHT_U.cpp.o
                0x00002c4a                DHT_Unified::Humidity::getEvent(sensors_event_t*)
 *fill*         0x00002c7a        0x2 
 .text._ZN11DHT_UnifiedC2Ehhhll
                0x00002c7c       0x30 DHT_sensor_library\DHT_U.cpp.o
                0x00002c7c                DHT_Unified::DHT_Unified(unsigned char, unsigned char, unsigned char, long, long)
                0x00002c7c                DHT_Unified::DHT_Unified(unsigned char, unsigned char, unsigned char, long, long)
 .text._ZN11DHT_Unified5beginEv
                0x00002cac        0xa DHT_sensor_library\DHT_U.cpp.o
                0x00002cac                DHT_Unified::begin()
 *fill*         0x00002cb6        0x2 
 .text._ZN11DHT_Unified7setNameEP8sensor_t
                0x00002cb8       0x58 DHT_sensor_library\DHT_U.cpp.o
                0x00002cb8                DHT_Unified::setName(sensor_t*)
 .text._ZN11DHT_Unified11setMinDelayEP8sensor_t
                0x00002d10       0x2c DHT_sensor_library\DHT_U.cpp.o
                0x00002d10                DHT_Unified::setMinDelay(sensor_t*)
 .text._ZN11DHT_Unified11Temperature9getSensorEP8sensor_t
                0x00002d3c       0x98 DHT_sensor_library\DHT_U.cpp.o
                0x00002d3c                DHT_Unified::Temperature::getSensor(sensor_t*)
 .text._ZN11DHT_Unified8Humidity9getSensorEP8sensor_t
                0x00002dd4       0x84 DHT_sensor_library\DHT_U.cpp.o
                0x00002dd4                DHT_Unified::Humidity::getSensor(sensor_t*)
 .text._Z13Servo_Handler18timer16_Sequence_tP2Tchh
                0x00002e58      0x128 Servo\samd\Servo.cpp.o
                0x00002e58                Servo_Handler(timer16_Sequence_t, Tc*, unsigned char, unsigned char)
 .text.TC4_Handler
                0x00002f80       0x14 Servo\samd\Servo.cpp.o
                0x00002f80                TC4_Handler
 .text._ZN5ServoC2Ev
                0x00002f94       0x48 Servo\samd\Servo.cpp.o
                0x00002f94                Servo::Servo()
                0x00002f94                Servo::Servo()
 .text._ZN5Servo6attachEiii
                0x00002fdc      0x14c Servo\samd\Servo.cpp.o
                0x00002fdc                Servo::attach(int, int, int)
 .text._ZN5Servo6attachEi
                0x00003128       0x10 Servo\samd\Servo.cpp.o
                0x00003128                Servo::attach(int)
 .text._ZN5Servo17writeMicrosecondsEi
                0x00003138       0x50 Servo\samd\Servo.cpp.o
                0x00003138                Servo::writeMicroseconds(int)
 .text._ZN5Servo5writeEi
                0x00003188       0x44 Servo\samd\Servo.cpp.o
                0x00003188                Servo::write(int)
 .text._ZN8SPIClass4initEv
                0x000031cc       0x12 SPI\SPI.cpp.o
                0x000031cc                SPIClass::init()
 .text._ZN8SPIClass6configE11SPISettings
                0x000031de       0x36 SPI\SPI.cpp.o
                0x000031de                SPIClass::config(SPISettings)
 .text._ZN8SPIClass5beginEv
                0x00003214       0x50 SPI\SPI.cpp.o
                0x00003214                SPIClass::begin()
 .text._ZN8SPIClass3endEv
                0x00003264       0x10 SPI\SPI.cpp.o
                0x00003264                SPIClass::end()
 .text._ZN8SPIClass16beginTransactionE11SPISettings
                0x00003274       0x38 SPI\SPI.cpp.o
                0x00003274                SPIClass::beginTransaction(SPISettings)
 .text._ZN8SPIClass14endTransactionEv
                0x000032ac       0x24 SPI\SPI.cpp.o
                0x000032ac                SPIClass::endTransaction()
 .text._ZN8SPIClass8transferEh
                0x000032d0        0xa SPI\SPI.cpp.o
                0x000032d0                SPIClass::transfer(unsigned char)
 *fill*         0x000032da        0x2 
 .text.startup._GLOBAL__sub_I__ZN8SPIClassC2EP6SERCOMhhh14SercomSpiTXPad11SercomRXPad
                0x000032dc       0x38 SPI\SPI.cpp.o
 .text._ZL10resolve_cbPhm
                0x00003314        0xc WiFi101\WiFi.cpp.o
 .text._ZL9socket_cbahPv
                0x00003320        0x8 WiFi101\WiFi.cpp.o
 .text._ZN9WiFiClass7setPinsEaaaa
                0x00003328       0x2c WiFi101\WiFi.cpp.o
                0x00003328                WiFiClass::setPins(signed char, signed char, signed char, signed char)
 .text._ZN9WiFiClass4initEv
                0x00003354       0xe0 WiFi101\WiFi.cpp.o
                0x00003354                WiFiClass::init()
 .text._ZN9WiFiClass5beginEv
                0x00003434       0x8c WiFi101\WiFi.cpp.o
                0x00003434                WiFiClass::begin()
 .text._ZN9WiFiClass12startConnectEPKchPKv
                0x000034c0       0xb0 WiFi101\WiFi.cpp.o
                0x000034c0                WiFiClass::startConnect(char const*, unsigned char, void const*)
 .text._ZN9WiFiClass5beginEPKcS1_
                0x00003570        0xc WiFi101\WiFi.cpp.o
                0x00003570                WiFiClass::begin(char const*, char const*)
 .text._ZN9WiFiClass14startProvisionEPKcS1_h
                0x0000357c       0xc4 WiFi101\WiFi.cpp.o
                0x0000357c                WiFiClass::startProvision(char const*, char const*, unsigned char)
 .text._ZN9WiFiClass10macAddressEPh
                0x00003640       0x26 WiFi101\WiFi.cpp.o
                0x00003640                WiFiClass::macAddress(unsigned char*)
 *fill*         0x00003666        0x2 
 .text._ZN9WiFiClass4RSSIEv
                0x00003668       0x5c WiFi101\WiFi.cpp.o
                0x00003668                WiFiClass::RSSI()
 .text._ZN9WiFiClass6statusEv
                0x000036c4       0x1a WiFi101\WiFi.cpp.o
                0x000036c4                WiFiClass::status()
 *fill*         0x000036de        0x2 
 .text._ZN9WiFiClass14beginProvisionEh
                0x000036e0       0x44 WiFi101\WiFi.cpp.o
                0x000036e0                WiFiClass::beginProvision(unsigned char)
 .text._ZN9WiFiClass14beginProvisionEv
                0x00003724        0xa WiFi101\WiFi.cpp.o
                0x00003724                WiFiClass::beginProvision()
 *fill*         0x0000372e        0x2 
 .text._ZN9WiFiClass11handleEventEhPv
                0x00003730      0x20c WiFi101\WiFi.cpp.o
                0x00003730                WiFiClass::handleEvent(unsigned char, void*)
 .text._ZL7wifi_cbhPv
                0x0000393c       0x14 WiFi101\WiFi.cpp.o
 .text._ZN9WiFiClass10hostByNameEPKcR9IPAddress
                0x00003950       0x90 WiFi101\WiFi.cpp.o
                0x00003950                WiFiClass::hostByName(char const*, IPAddress&)
 .text._ZN9WiFiClass12lowPowerModeEv
                0x000039e0        0xc WiFi101\WiFi.cpp.o
                0x000039e0                WiFiClass::lowPowerMode()
 .text.startup._GLOBAL__sub_I__ZN9WiFiClass11handleEventEhPv
                0x000039ec       0x30 WiFi101\WiFi.cpp.o
 .text._ZN5Print17availableForWriteEv
                0x00003a1c        0x4 WiFi101\WiFiClient.cpp.o
                0x00003a1c                Print::availableForWrite()
 .text._ZN10WiFiClient5writeEh
                0x00003a20       0x14 WiFi101\WiFiClient.cpp.o
                0x00003a20                WiFiClient::write(unsigned char)
 .text._ZN10WiFiClient4readEv
                0x00003a34       0x1e WiFi101\WiFiClient.cpp.o
                0x00003a34                WiFiClient::read()
 .text._ZN10WiFiClient5flushEv
                0x00003a52        0x2 WiFi101\WiFiClient.cpp.o
                0x00003a52                WiFiClient::flush()
 .text._ZN10WiFiClientcvbEv
                0x00003a54        0xe WiFi101\WiFiClient.cpp.o
                0x00003a54                WiFiClient::operator bool()
 *fill*         0x00003a62        0x2 
 .text._ZN10WiFiClient4stopEv
                0x00003a64       0x1c WiFi101\WiFiClient.cpp.o
                0x00003a64                WiFiClient::stop()
 .text._ZN10WiFiClient9availableEv
                0x00003a80       0x18 WiFi101\WiFiClient.cpp.o
                0x00003a80                WiFiClient::available()
 .text._ZN10WiFiClient4readEPhj
                0x00003a98       0x30 WiFi101\WiFiClient.cpp.o
                0x00003a98                WiFiClient::read(unsigned char*, unsigned int)
 .text._ZN10WiFiClient4peekEv
                0x00003ac8       0x24 WiFi101\WiFiClient.cpp.o
                0x00003ac8                WiFiClient::peek()
 .text._ZN10WiFiClient9connectedEv
                0x00003aec       0x1c WiFi101\WiFiClient.cpp.o
                0x00003aec                WiFiClient::connected()
 .text._ZN10WiFiClient8remoteIPEv
                0x00003b08       0x28 WiFi101\WiFiClient.cpp.o
                0x00003b08                WiFiClient::remoteIP()
 .text._ZN10WiFiClient10remotePortEv
                0x00003b30       0x30 WiFi101\WiFiClient.cpp.o
                0x00003b30                WiFiClient::remotePort()
 .text._ZN10WiFiClient5writeEPKhj
                0x00003b60       0x40 WiFi101\WiFiClient.cpp.o
                0x00003b60                WiFiClient::write(unsigned char const*, unsigned int)
 .text._ZN10WiFiClientC2Ev
                0x00003ba0       0x1c WiFi101\WiFiClient.cpp.o
                0x00003ba0                WiFiClient::WiFiClient()
                0x00003ba0                WiFiClient::WiFiClient()
 .text._ZN10WiFiClient7connectE9IPAddressthPKh
                0x00003bbc       0x90 WiFi101\WiFiClient.cpp.o
                0x00003bbc                WiFiClient::connect(IPAddress, unsigned short, unsigned char, unsigned char const*)
 .text._ZN10WiFiClient10connectSSLE9IPAddresst
                0x00003c4c       0x20 WiFi101\WiFiClient.cpp.o
                0x00003c4c                WiFiClient::connectSSL(IPAddress, unsigned short)
 .text._ZN10WiFiClient7connectE9IPAddresst
                0x00003c6c       0x1c WiFi101\WiFiClient.cpp.o
                0x00003c6c                WiFiClient::connect(IPAddress, unsigned short)
 .text._ZN10WiFiClient7connectEPKcth
                0x00003c88       0x44 WiFi101\WiFiClient.cpp.o
                0x00003c88                WiFiClient::connect(char const*, unsigned short, unsigned char)
 .text._ZN10WiFiClient10connectSSLEPKct
                0x00003ccc        0xa WiFi101\WiFiClient.cpp.o
                0x00003ccc                WiFiClient::connectSSL(char const*, unsigned short)
 .text._ZN10WiFiClient7connectEPKct
                0x00003cd6        0xa WiFi101\WiFiClient.cpp.o
                0x00003cd6                WiFiClient::connect(char const*, unsigned short)
 .text.startup._GLOBAL__sub_I__ZN10WiFiClientC2Ev
                0x00003ce0       0x18 WiFi101\WiFiClient.cpp.o
 .text.startup._GLOBAL__sub_I__ZN17WiFiMDNSResponderC2Ev
                0x00003cf8       0x18 WiFi101\WiFiMDNSResponder.cpp.o
 .text.startup._GLOBAL__sub_I__ZN10WiFiServerC2Et
                0x00003d10       0x18 WiFi101\WiFiServer.cpp.o
 .text._ZN13WiFiSSLClient7connectE9IPAddresst
                0x00003d28       0x18 WiFi101\WiFiSSLClient.cpp.o
                0x00003d28                WiFiSSLClient::connect(IPAddress, unsigned short)
 .text._ZN13WiFiSSLClient7connectEPKct
                0x00003d40        0x8 WiFi101\WiFiSSLClient.cpp.o
                0x00003d40                WiFiSSLClient::connect(char const*, unsigned short)
 .text._ZN13WiFiSSLClientC2Ev
                0x00003d48       0x18 WiFi101\WiFiSSLClient.cpp.o
                0x00003d48                WiFiSSLClient::WiFiSSLClient()
                0x00003d48                WiFiSSLClient::WiFiSSLClient()
 .text.startup._GLOBAL__sub_I__ZN13WiFiSSLClientC2Ev
                0x00003d60       0x18 WiFi101\WiFiSSLClient.cpp.o
 .text.startup._GLOBAL__sub_I__ZN7WiFiUDPC2Ev
                0x00003d78       0x18 WiFi101\WiFiUdp.cpp.o
 .text.chip_isr
                0x00003d90       0x14 WiFi101\bsp\source\nm_bsp_arduino.c.o
 .text.attachInterruptMultiArch
                0x00003da4        0x8 WiFi101\bsp\source\nm_bsp_arduino.c.o
                0x00003da4                attachInterruptMultiArch
 .text.detachInterruptMultiArch
                0x00003dac        0x8 WiFi101\bsp\source\nm_bsp_arduino.c.o
                0x00003dac                detachInterruptMultiArch
 .text.nm_bsp_sleep
                0x00003db4       0x14 WiFi101\bsp\source\nm_bsp_arduino.c.o
                0x00003db4                nm_bsp_sleep
 .text.nm_bsp_reset
                0x00003dc8       0x30 WiFi101\bsp\source\nm_bsp_arduino.c.o
                0x00003dc8                nm_bsp_reset
 .text.nm_bsp_init
                0x00003df8       0x58 WiFi101\bsp\source\nm_bsp_arduino.c.o
                0x00003df8                nm_bsp_init
 .text.nm_bsp_register_isr
                0x00003e50       0x24 WiFi101\bsp\source\nm_bsp_arduino.c.o
                0x00003e50                nm_bsp_register_isr
 .text.nm_bsp_interrupt_ctrl
                0x00003e74       0x28 WiFi101\bsp\source\nm_bsp_arduino.c.o
                0x00003e74                nm_bsp_interrupt_ctrl
 .text.nm_bus_init
                0x00003e9c       0x34 WiFi101\bus_wrapper\source\nm_bus_wrapper_samd21.cpp.o
                0x00003e9c                nm_bus_init
 .text.nm_bus_ioctl
                0x00003ed0       0x98 WiFi101\bus_wrapper\source\nm_bus_wrapper_samd21.cpp.o
                0x00003ed0                nm_bus_ioctl
 .text.nm_bus_deinit
                0x00003f68       0x10 WiFi101\bus_wrapper\source\nm_bus_wrapper_samd21.cpp.o
                0x00003f68                nm_bus_deinit
 .text.startup._GLOBAL__sub_I_egstrNmBusCapabilities
                0x00003f78       0x18 WiFi101\bus_wrapper\source\nm_bus_wrapper_samd21.cpp.o
 .text.m2m_memcpy
                0x00003f90       0x12 WiFi101\common\source\nm_common.c.o
                0x00003f90                m2m_memcpy
 .text.m2m_memset
                0x00003fa2       0x10 WiFi101\common\source\nm_common.c.o
                0x00003fa2                m2m_memset
 .text.m2m_strlen
                0x00003fb2       0x14 WiFi101\common\source\nm_common.c.o
                0x00003fb2                m2m_strlen
 *fill*         0x00003fc6        0x2 
 .text.isr      0x00003fc8       0x10 WiFi101\driver\source\m2m_hif.c.o
 .text.m2m_hif_cb
                0x00003fd8        0x2 WiFi101\driver\source\m2m_hif.c.o
 *fill*         0x00003fda        0x2 
 .text.hif_set_rx_done
                0x00003fdc       0x3c WiFi101\driver\source\m2m_hif.c.o
 .text.hif_chip_wake
                0x00004018       0x34 WiFi101\driver\source\m2m_hif.c.o
                0x00004018                hif_chip_wake
 .text.hif_set_sleep_mode
                0x0000404c        0xc WiFi101\driver\source\m2m_hif.c.o
                0x0000404c                hif_set_sleep_mode
 .text.hif_chip_sleep_sc
                0x00004058       0x18 WiFi101\driver\source\m2m_hif.c.o
                0x00004058                hif_chip_sleep_sc
 .text.hif_chip_sleep
                0x00004070       0x2c WiFi101\driver\source\m2m_hif.c.o
                0x00004070                hif_chip_sleep
 .text.hif_init
                0x0000409c       0x28 WiFi101\driver\source\m2m_hif.c.o
                0x0000409c                hif_init
 .text.hif_send
                0x000040c4      0x190 WiFi101\driver\source\m2m_hif.c.o
                0x000040c4                hif_send
 .text.hif_handle_isr
                0x00004254      0x160 WiFi101\driver\source\m2m_hif.c.o
                0x00004254                hif_handle_isr
 .text.hif_receive
                0x000043b4       0x58 WiFi101\driver\source\m2m_hif.c.o
                0x000043b4                hif_receive
 .text.hif_register_cb
                0x0000440c       0x3c WiFi101\driver\source\m2m_hif.c.o
                0x0000440c                hif_register_cb
 .text.get_gpio_idx
                0x00004448       0x3a WiFi101\driver\source\m2m_periph.c.o
 .text.m2m_periph_gpio_set_dir
                0x00004482       0x28 WiFi101\driver\source\m2m_periph.c.o
                0x00004482                m2m_periph_gpio_set_dir
 .text.m2m_periph_gpio_set_val
                0x000044aa       0x28 WiFi101\driver\source\m2m_periph.c.o
                0x000044aa                m2m_periph_gpio_set_val
 .text.m2m_ssl_set_active_ciphersuites
                0x000044d2       0x1c WiFi101\driver\source\m2m_ssl.c.o
                0x000044d2                m2m_ssl_set_active_ciphersuites
 *fill*         0x000044ee        0x2 
 .text.m2m_wifi_cb
                0x000044f0      0x188 WiFi101\driver\source\m2m_wifi.c.o
 .text.m2m_validate_ap_parameters
                0x00004678       0x96 WiFi101\driver\source\m2m_wifi.c.o
 *fill*         0x0000470e        0x2 
 .text.m2m_wifi_init
                0x00004710       0x70 WiFi101\driver\source\m2m_wifi.c.o
                0x00004710                m2m_wifi_init
 .text.m2m_wifi_handle_events
                0x00004780        0x8 WiFi101\driver\source\m2m_wifi.c.o
                0x00004780                m2m_wifi_handle_events
 .text.m2m_wifi_default_connect
                0x00004788       0x18 WiFi101\driver\source\m2m_wifi.c.o
                0x00004788                m2m_wifi_default_connect
 .text.m2m_wifi_connect_sc
                0x000047a0      0x10c WiFi101\driver\source\m2m_wifi.c.o
                0x000047a0                m2m_wifi_connect_sc
 .text.m2m_wifi_connect
                0x000048ac       0x12 WiFi101\driver\source\m2m_wifi.c.o
                0x000048ac                m2m_wifi_connect
 .text.m2m_wifi_req_curr_rssi
                0x000048be       0x18 WiFi101\driver\source\m2m_wifi.c.o
                0x000048be                m2m_wifi_req_curr_rssi
 .text.m2m_wifi_get_mac_address
                0x000048d6       0x1e WiFi101\driver\source\m2m_wifi.c.o
                0x000048d6                m2m_wifi_get_mac_address
 .text.m2m_wifi_set_sleep_mode
                0x000048f4       0x2c WiFi101\driver\source\m2m_wifi.c.o
                0x000048f4                m2m_wifi_set_sleep_mode
 .text.m2m_wifi_start_provision_mode
                0x00004920       0x94 WiFi101\driver\source\m2m_wifi.c.o
                0x00004920                m2m_wifi_start_provision_mode
 .text.m2m_wifi_get_connection_info
                0x000049b4       0x18 WiFi101\driver\source\m2m_wifi.c.o
                0x000049b4                m2m_wifi_get_connection_info
 .text.chip_apply_conf
                0x000049cc       0x2c WiFi101\driver\source\nmasic.c.o
                0x000049cc                chip_apply_conf
 .text.enable_interrupts
                0x000049f8       0x50 WiFi101\driver\source\nmasic.c.o
                0x000049f8                enable_interrupts
 .text.nmi_get_chipid
                0x00004a48       0xac WiFi101\driver\source\nmasic.c.o
                0x00004a48                nmi_get_chipid
 .text.chip_sleep
                0x00004af4       0x5e WiFi101\driver\source\nmasic.c.o
                0x00004af4                chip_sleep
 .text.chip_wake
                0x00004b52       0x7c WiFi101\driver\source\nmasic.c.o
                0x00004b52                chip_wake
 *fill*         0x00004bce        0x2 
 .text.wait_for_bootrom
                0x00004bd0       0xd0 WiFi101\driver\source\nmasic.c.o
                0x00004bd0                wait_for_bootrom
 .text.wait_for_firmware_start
                0x00004ca0       0x60 WiFi101\driver\source\nmasic.c.o
                0x00004ca0                wait_for_firmware_start
 .text.chip_deinit
                0x00004d00       0x2c WiFi101\driver\source\nmasic.c.o
                0x00004d00                chip_deinit
 .text.set_gpio_dir
                0x00004d2c       0x34 WiFi101\driver\source\nmasic.c.o
                0x00004d2c                set_gpio_dir
 .text.set_gpio_val
                0x00004d60       0x34 WiFi101\driver\source\nmasic.c.o
                0x00004d60                set_gpio_val
 .text.nmi_get_mac_address
                0x00004d94       0x74 WiFi101\driver\source\nmasic.c.o
                0x00004d94                nmi_get_mac_address
 .text.nm_bus_iface_init
                0x00004e08        0x8 WiFi101\driver\source\nmbus.c.o
                0x00004e08                nm_bus_iface_init
 .text.nm_bus_iface_deinit
                0x00004e10        0x8 WiFi101\driver\source\nmbus.c.o
                0x00004e10                nm_bus_iface_deinit
 .text.nm_bus_reset
                0x00004e18        0x8 WiFi101\driver\source\nmbus.c.o
                0x00004e18                nm_bus_reset
 .text.nm_read_reg
                0x00004e20        0x8 WiFi101\driver\source\nmbus.c.o
                0x00004e20                nm_read_reg
 .text.nm_read_reg_with_ret
                0x00004e28        0x8 WiFi101\driver\source\nmbus.c.o
                0x00004e28                nm_read_reg_with_ret
 .text.nm_write_reg
                0x00004e30        0x8 WiFi101\driver\source\nmbus.c.o
                0x00004e30                nm_write_reg
 .text.nm_read_block
                0x00004e38       0x40 WiFi101\driver\source\nmbus.c.o
                0x00004e38                nm_read_block
 .text.nm_write_block
                0x00004e78       0x40 WiFi101\driver\source\nmbus.c.o
                0x00004e78                nm_write_block
 .text.nm_get_firmware_info
                0x00004eb8       0xac WiFi101\driver\source\nmdrv.c.o
                0x00004eb8                nm_get_firmware_info
 .text.nm_get_firmware_full_info
                0x00004f64       0xb4 WiFi101\driver\source\nmdrv.c.o
                0x00004f64                nm_get_firmware_full_info
 .text.nm_drv_init
                0x00005018       0x70 WiFi101\driver\source\nmdrv.c.o
                0x00005018                nm_drv_init
 .text.nm_drv_deinit
                0x00005088       0x22 WiFi101\driver\source\nmdrv.c.o
                0x00005088                nm_drv_deinit
 .text.nmi_spi_write
                0x000050aa       0x18 WiFi101\driver\source\nmspi.c.o
 .text.nmi_spi_read
                0x000050c2       0x18 WiFi101\driver\source\nmspi.c.o
 .text.spi_cmd_rsp
                0x000050da       0x68 WiFi101\driver\source\nmspi.c.o
 *fill*         0x00005142        0x2 
 .text.spi_data_read
                0x00005144       0x8c WiFi101\driver\source\nmspi.c.o
 .text.spi_cmd  0x000051d0      0x108 WiFi101\driver\source\nmspi.c.o
 .text.spi_write_reg
                0x000052d8       0x66 WiFi101\driver\source\nmspi.c.o
 .text.spi_read_reg
                0x0000533e       0x94 WiFi101\driver\source\nmspi.c.o
 .text.nm_spi_reset
                0x000053d2       0x1c WiFi101\driver\source\nmspi.c.o
                0x000053d2                nm_spi_reset
 *fill*         0x000053ee        0x2 
 .text.nm_spi_deinit
                0x000053f0        0xc WiFi101\driver\source\nmspi.c.o
                0x000053f0                nm_spi_deinit
 .text.nm_spi_read_reg
                0x000053fc        0xc WiFi101\driver\source\nmspi.c.o
                0x000053fc                nm_spi_read_reg
 .text.nm_spi_read_reg_with_ret
                0x00005408       0x14 WiFi101\driver\source\nmspi.c.o
                0x00005408                nm_spi_read_reg_with_ret
 .text.nm_spi_write_reg
                0x0000541c       0x14 WiFi101\driver\source\nmspi.c.o
                0x0000541c                nm_spi_write_reg
 .text.nm_spi_init
                0x00005430       0x80 WiFi101\driver\source\nmspi.c.o
                0x00005430                nm_spi_init
 .text.nm_spi_read_block
                0x000054b0       0xa2 WiFi101\driver\source\nmspi.c.o
                0x000054b0                nm_spi_read_block
 *fill*         0x00005552        0x2 
 .text.nm_spi_write_block
                0x00005554      0x10c WiFi101\driver\source\nmspi.c.o
                0x00005554                nm_spi_write_block
 .text.m2m_ip_cb
                0x00005660      0x29c WiFi101\socket\source\socket.c.o
 .text.socketInit
                0x000058fc       0x38 WiFi101\socket\source\socket.c.o
                0x000058fc                socketInit
 .text.registerSocketCallback
                0x00005934       0x14 WiFi101\socket\source\socket.c.o
                0x00005934                registerSocketCallback
 .text.socket   0x00005948       0xe8 WiFi101\socket\source\socket.c.o
                0x00005948                socket
 .text.connect  0x00005a30       0x70 WiFi101\socket\source\socket.c.o
                0x00005a30                connect
 .text.send     0x00005aa0       0x94 WiFi101\socket\source\socket.c.o
                0x00005aa0                send
 .text.recv     0x00005b34       0x78 WiFi101\socket\source\socket.c.o
                0x00005b34                recv
 .text.close    0x00005bac       0x60 WiFi101\socket\source\socket.c.o
                0x00005bac                close
 .text.recvfrom
                0x00005c0c       0x7c WiFi101\socket\source\socket.c.o
                0x00005c0c                recvfrom
 .text.gethostbyname
                0x00005c88       0x2e WiFi101\socket\source\socket.c.o
                0x00005c88                gethostbyname
 *fill*         0x00005cb6        0x2 
 .text.setsockopt
                0x00005cb8      0x118 WiFi101\socket\source\socket.c.o
                0x00005cb8                setsockopt
 .text.spi_flash_enable
                0x00005dd0       0xd8 WiFi101\spi_flash\source\spi_flash.c.o
                0x00005dd0                spi_flash_enable
 .text._ZN15WiFiSocketClassD2Ev
                0x00005ea8        0xc WiFi101\utility\WiFiSocket.cpp.o
                0x00005ea8                WiFiSocketClass::~WiFiSocketClass()
                0x00005ea8                WiFiSocketClass::~WiFiSocketClass()
 .text._ZN15WiFiSocketClassD0Ev
                0x00005eb4       0x18 WiFi101\utility\WiFiSocket.cpp.o
                0x00005eb4                WiFiSocketClass::~WiFiSocketClass()
 .text._ZN15WiFiSocketClassC2Ev
                0x00005ecc       0x38 WiFi101\utility\WiFiSocket.cpp.o
                0x00005ecc                WiFiSocketClass::WiFiSocketClass()
                0x00005ecc                WiFiSocketClass::WiFiSocketClass()
 .text._ZN15WiFiSocketClass6createEthh
                0x00005f04       0x22 WiFi101\utility\WiFiSocket.cpp.o
                0x00005f04                WiFiSocketClass::create(unsigned short, unsigned char, unsigned char)
 .text._ZN15WiFiSocketClass6setoptEahhPKvt
                0x00005f26       0x18 WiFi101\utility\WiFiSocket.cpp.o
                0x00005f26                WiFiSocketClass::setopt(signed char, unsigned char, unsigned char, void const*, unsigned short)
 *fill*         0x00005f3e        0x2 
 .text._ZN15WiFiSocketClass7connectEaP8sockaddrh
                0x00005f40       0x7c WiFi101\utility\WiFiSocket.cpp.o
                0x00005f40                WiFiSocketClass::connect(signed char, sockaddr*, unsigned char)
 .text._ZN15WiFiSocketClass9connectedEa
                0x00005fbc       0x1e WiFi101\utility\WiFiSocket.cpp.o
                0x00005fbc                WiFiSocketClass::connected(signed char)
 .text._ZN15WiFiSocketClass9availableEa
                0x00005fda       0x2e WiFi101\utility\WiFiSocket.cpp.o
                0x00005fda                WiFiSocketClass::available(signed char)
 .text._ZN15WiFiSocketClass8remoteIPEa
                0x00006008       0x14 WiFi101\utility\WiFiSocket.cpp.o
                0x00006008                WiFiSocketClass::remoteIP(signed char)
 .text._ZN15WiFiSocketClass10remotePortEa
                0x0000601c        0xa WiFi101\utility\WiFiSocket.cpp.o
                0x0000601c                WiFiSocketClass::remotePort(signed char)
 *fill*         0x00006026        0x2 
 .text._ZN15WiFiSocketClass5writeEaPKhj
                0x00006028       0x6c WiFi101\utility\WiFiSocket.cpp.o
                0x00006028                WiFiSocketClass::write(signed char, unsigned char const*, unsigned int)
 .text._ZN15WiFiSocketClass5closeEa
                0x00006094       0x70 WiFi101\utility\WiFiSocket.cpp.o
                0x00006094                WiFiSocketClass::close(signed char)
 .text._ZN15WiFiSocketClass14fillRecvBufferEa
                0x00006104       0x78 WiFi101\utility\WiFiSocket.cpp.o
                0x00006104                WiFiSocketClass::fillRecvBuffer(signed char)
 .text._ZN15WiFiSocketClass4peekEa
                0x0000617c       0x5e WiFi101\utility\WiFiSocket.cpp.o
                0x0000617c                WiFiSocketClass::peek(signed char)
 .text._ZN15WiFiSocketClass4readEaPhj
                0x000061da       0xe8 WiFi101\utility\WiFiSocket.cpp.o
                0x000061da                WiFiSocketClass::read(signed char, unsigned char*, unsigned int)
 .text._ZN15WiFiSocketClass11handleEventEahPv
                0x000062c2      0x116 WiFi101\utility\WiFiSocket.cpp.o
                0x000062c2                WiFiSocketClass::handleEvent(signed char, unsigned char, void*)
 .text._ZN15WiFiSocketClass13eventCallbackEahPv
                0x000063d8       0x18 WiFi101\utility\WiFiSocket.cpp.o
                0x000063d8                WiFiSocketClass::eventCallback(signed char, unsigned char, void*)
 .text.startup._GLOBAL__sub_I__ZN15WiFiSocketClassC2Ev
                0x000063f0       0x34 WiFi101\utility\WiFiSocket.cpp.o
 .text.SERCOM0_Handler
                0x00006424       0x10 C:\Users\Vu\AppData\Local\Temp\VMBCore\arduino16x\738f5a7998026d51a13128e819df1cf6\variant\variant.cpp.o
                0x00006424                SERCOM0_Handler
 .text.SERCOM5_Handler
                0x00006434       0x10 C:\Users\Vu\AppData\Local\Temp\VMBCore\arduino16x\738f5a7998026d51a13128e819df1cf6\variant\variant.cpp.o
                0x00006434                SERCOM5_Handler
 .text.startup._GLOBAL__sub_I_g_APinDescription
                0x00006444       0x94 C:\Users\Vu\AppData\Local\Temp\VMBCore\arduino16x\738f5a7998026d51a13128e819df1cf6\variant\variant.cpp.o
 .text.__fpclassifyf
                0x000064d8       0x3c c:/users/vu/appdata/local/arduino15/packages/arduino/tools/arm-none-eabi-gcc/4.8.3-2014q1/bin/../lib/gcc/arm-none-eabi/4.8.3/../../../../arm-none-eabi/lib/armv6-m\libm.a(lib_a-sf_fpclassify.o)
                0x000064d8                __fpclassifyf
 .text.__fpclassifyd
                0x00006514       0x60 c:/users/vu/appdata/local/arduino15/packages/arduino/tools/arm-none-eabi-gcc/4.8.3-2014q1/bin/../lib/gcc/arm-none-eabi/4.8.3/../../../../arm-none-eabi/lib/armv6-m\libm.a(lib_a-s_fpclassify.o)
                0x00006514                __fpclassifyd
 .text.Dummy_Handler
                0x00006574        0x2 C:\Users\Vu\AppData\Local\Temp\VMBuilds\VentusVentFirmware\adafruit_adafruit_feather_m0\Release/core.a(cortex_handlers.c.o)
                0x00006574                DMAC_Handler
                0x00006574                HardFault_Handler
                0x00006574                AC_Handler
                0x00006574                PendSV_Handler
                0x00006574                TC7_Handler
                0x00006574                SERCOM1_Handler
                0x00006574                ADC_Handler
                0x00006574                TCC1_Handler
                0x00006574                SERCOM2_Handler
                0x00006574                TCC0_Handler
                0x00006574                RTC_Handler
                0x00006574                TC6_Handler
                0x00006574                WDT_Handler
                0x00006574                TC3_Handler
                0x00006574                Dummy_Handler
                0x00006574                PM_Handler
                0x00006574                SVC_Handler
                0x00006574                TCC2_Handler
                0x00006574                EVSYS_Handler
                0x00006574                SERCOM3_Handler
                0x00006574                SERCOM4_Handler
                0x00006574                I2S_Handler
                0x00006574                NVMCTRL_Handler
                0x00006574                DAC_Handler
                0x00006574                PTC_Handler
                0x00006574                SYSCTRL_Handler
 *fill*         0x00006576        0x2 
 .text.USB_Handler
                0x00006578       0x14 C:\Users\Vu\AppData\Local\Temp\VMBuilds\VentusVentFirmware\adafruit_adafruit_feather_m0\Release/core.a(cortex_handlers.c.o)
                0x00006578                USB_Handler
 .text.Reset_Handler
                0x0000658c       0x54 C:\Users\Vu\AppData\Local\Temp\VMBuilds\VentusVentFirmware\adafruit_adafruit_feather_m0\Release/core.a(cortex_handlers.c.o)
                0x0000658c                Reset_Handler
 .text.SysTick_Handler
                0x000065e0       0x10 C:\Users\Vu\AppData\Local\Temp\VMBuilds\VentusVentFirmware\adafruit_adafruit_feather_m0\Release/core.a(cortex_handlers.c.o)
                0x000065e0                SysTick_Handler
 .text.USB_SetHandler
                0x000065f0        0xc C:\Users\Vu\AppData\Local\Temp\VMBuilds\VentusVentFirmware\adafruit_adafruit_feather_m0\Release/core.a(cortex_handlers.c.o)
                0x000065f0                USB_SetHandler
 .text.millis   0x000065fc        0xc C:\Users\Vu\AppData\Local\Temp\VMBuilds\VentusVentFirmware\adafruit_adafruit_feather_m0\Release/core.a(delay.c.o)
                0x000065fc                millis
 .text.delay    0x00006608       0x20 C:\Users\Vu\AppData\Local\Temp\VMBuilds\VentusVentFirmware\adafruit_adafruit_feather_m0\Release/core.a(delay.c.o)
                0x00006608                delay
 .text.SysTick_DefaultHandler
                0x00006628       0x14 C:\Users\Vu\AppData\Local\Temp\VMBuilds\VentusVentFirmware\adafruit_adafruit_feather_m0\Release/core.a(delay.c.o)
                0x00006628                SysTick_DefaultHandler
 .text.__empty  0x0000663c        0x2 C:\Users\Vu\AppData\Local\Temp\VMBuilds\VentusVentFirmware\adafruit_adafruit_feather_m0\Release/core.a(hooks.c.o)
                0x0000663c                yield
 .text.__false  0x0000663e        0x4 C:\Users\Vu\AppData\Local\Temp\VMBuilds\VentusVentFirmware\adafruit_adafruit_feather_m0\Release/core.a(hooks.c.o)
                0x0000663e                sysTickHook
 *fill*         0x00006642        0x2 
 .text.SystemInit
                0x00006644      0x168 C:\Users\Vu\AppData\Local\Temp\VMBuilds\VentusVentFirmware\adafruit_adafruit_feather_m0\Release/core.a(startup.c.o)
                0x00006644                SystemInit
 .text.attachInterrupt
                0x000067ac      0x174 C:\Users\Vu\AppData\Local\Temp\VMBuilds\VentusVentFirmware\adafruit_adafruit_feather_m0\Release/core.a(WInterrupts.c.o)
                0x000067ac                attachInterrupt
 .text.detachInterrupt
                0x00006920       0x88 C:\Users\Vu\AppData\Local\Temp\VMBuilds\VentusVentFirmware\adafruit_adafruit_feather_m0\Release/core.a(WInterrupts.c.o)
                0x00006920                detachInterrupt
 .text.EIC_Handler
                0x000069a8       0x3c C:\Users\Vu\AppData\Local\Temp\VMBuilds\VentusVentFirmware\adafruit_adafruit_feather_m0\Release/core.a(WInterrupts.c.o)
                0x000069a8                EIC_Handler
 .text.NMI_Handler
                0x000069e4       0x20 C:\Users\Vu\AppData\Local\Temp\VMBuilds\VentusVentFirmware\adafruit_adafruit_feather_m0\Release/core.a(WInterrupts.c.o)
                0x000069e4                NMI_Handler
 .text.init     0x00006a04       0xf0 C:\Users\Vu\AppData\Local\Temp\VMBuilds\VentusVentFirmware\adafruit_adafruit_feather_m0\Release/core.a(wiring.c.o)
                0x00006a04                init
 .text.analogReference
                0x00006af4       0x5c C:\Users\Vu\AppData\Local\Temp\VMBuilds\VentusVentFirmware\adafruit_adafruit_feather_m0\Release/core.a(wiring_analog.c.o)
                0x00006af4                analogReference
 .text.analogRead
                0x00006b50       0xf0 C:\Users\Vu\AppData\Local\Temp\VMBuilds\VentusVentFirmware\adafruit_adafruit_feather_m0\Release/core.a(wiring_analog.c.o)
                0x00006b50                analogRead
 .text.pinMode  0x00006c40       0xb4 C:\Users\Vu\AppData\Local\Temp\VMBuilds\VentusVentFirmware\adafruit_adafruit_feather_m0\Release/core.a(wiring_digital.c.o)
                0x00006c40                pinMode
 .text.digitalWrite
                0x00006cf4       0x60 C:\Users\Vu\AppData\Local\Temp\VMBuilds\VentusVentFirmware\adafruit_adafruit_feather_m0\Release/core.a(wiring_digital.c.o)
                0x00006cf4                digitalWrite
 .text.digitalRead
                0x00006d54       0x30 C:\Users\Vu\AppData\Local\Temp\VMBuilds\VentusVentFirmware\adafruit_adafruit_feather_m0\Release/core.a(wiring_digital.c.o)
                0x00006d54                digitalRead
 .text.pinPeripheral
                0x00006d84       0xc4 C:\Users\Vu\AppData\Local\Temp\VMBuilds\VentusVentFirmware\adafruit_adafruit_feather_m0\Release/core.a(wiring_private.c.o)
                0x00006d84                pinPeripheral
 .text.__cxa_pure_virtual
                0x00006e48        0x2 C:\Users\Vu\AppData\Local\Temp\VMBuilds\VentusVentFirmware\adafruit_adafruit_feather_m0\Release/core.a(abi.cpp.o)
                0x00006e48                __cxa_pure_virtual
 .text._ZNK9IPAddress7printToER5Print
                0x00006e4a       0x3c C:\Users\Vu\AppData\Local\Temp\VMBuilds\VentusVentFirmware\adafruit_adafruit_feather_m0\Release/core.a(IPAddress.cpp.o)
                0x00006e4a                IPAddress::printTo(Print&) const
 *fill*         0x00006e86        0x2 
 .text._ZN9IPAddressC2Ev
                0x00006e88       0x10 C:\Users\Vu\AppData\Local\Temp\VMBuilds\VentusVentFirmware\adafruit_adafruit_feather_m0\Release/core.a(IPAddress.cpp.o)
                0x00006e88                IPAddress::IPAddress()
                0x00006e88                IPAddress::IPAddress()
 .text._ZN9IPAddressC2Ehhhh
                0x00006e98       0x1c C:\Users\Vu\AppData\Local\Temp\VMBuilds\VentusVentFirmware\adafruit_adafruit_feather_m0\Release/core.a(IPAddress.cpp.o)
                0x00006e98                IPAddress::IPAddress(unsigned char, unsigned char, unsigned char, unsigned char)
                0x00006e98                IPAddress::IPAddress(unsigned char, unsigned char, unsigned char, unsigned char)
 .text._ZN9IPAddressC2Em
                0x00006eb4       0x10 C:\Users\Vu\AppData\Local\Temp\VMBuilds\VentusVentFirmware\adafruit_adafruit_feather_m0\Release/core.a(IPAddress.cpp.o)
                0x00006eb4                IPAddress::IPAddress(unsigned long)
                0x00006eb4                IPAddress::IPAddress(unsigned long)
 .text._ZN9IPAddress10fromStringEPKc
                0x00006ec4       0x4c C:\Users\Vu\AppData\Local\Temp\VMBuilds\VentusVentFirmware\adafruit_adafruit_feather_m0\Release/core.a(IPAddress.cpp.o)
                0x00006ec4                IPAddress::fromString(char const*)
 .text._ZN9IPAddressaSEm
                0x00006f10        0x4 C:\Users\Vu\AppData\Local\Temp\VMBuilds\VentusVentFirmware\adafruit_adafruit_feather_m0\Release/core.a(IPAddress.cpp.o)
                0x00006f10                IPAddress::operator=(unsigned long)
 .text.startup._GLOBAL__sub_I__ZN9IPAddressC2Ev
                0x00006f14       0x1c C:\Users\Vu\AppData\Local\Temp\VMBuilds\VentusVentFirmware\adafruit_adafruit_feather_m0\Release/core.a(IPAddress.cpp.o)
 .text._Z11initVariantv
                0x00006f30        0x2 C:\Users\Vu\AppData\Local\Temp\VMBuilds\VentusVentFirmware\adafruit_adafruit_feather_m0\Release/core.a(main.cpp.o)
                0x00006f30                initVariant()
 *fill*         0x00006f32        0x2 
 .text.startup.main
                0x00006f34       0x40 C:\Users\Vu\AppData\Local\Temp\VMBuilds\VentusVentFirmware\adafruit_adafruit_feather_m0\Release/core.a(main.cpp.o)
                0x00006f34                main
 .text._Znwj    0x00006f74        0x8 C:\Users\Vu\AppData\Local\Temp\VMBuilds\VentusVentFirmware\adafruit_adafruit_feather_m0\Release/core.a(new.cpp.o)
                0x00006f74                operator new(unsigned int)
 .text._ZdlPv   0x00006f7c        0x8 C:\Users\Vu\AppData\Local\Temp\VMBuilds\VentusVentFirmware\adafruit_adafruit_feather_m0\Release/core.a(new.cpp.o)
                0x00006f7c                operator delete(void*)
 .text._ZN5Print5writeEPKhj
                0x00006f84       0x28 C:\Users\Vu\AppData\Local\Temp\VMBuilds\VentusVentFirmware\adafruit_adafruit_feather_m0\Release/core.a(Print.cpp.o)
                0x00006f84                Print::write(unsigned char const*, unsigned int)
 .text._ZN5Print5printEmi.part.4
                0x00006fac        0xc C:\Users\Vu\AppData\Local\Temp\VMBuilds\VentusVentFirmware\adafruit_adafruit_feather_m0\Release/core.a(Print.cpp.o)
 .text._ZN5Print5writeEPKc
                0x00006fb8       0x1c C:\Users\Vu\AppData\Local\Temp\VMBuilds\VentusVentFirmware\adafruit_adafruit_feather_m0\Release/core.a(Print.cpp.o)
                0x00006fb8                Print::write(char const*)
 .text._ZN5Print5printERK6String
                0x00006fd4       0x10 C:\Users\Vu\AppData\Local\Temp\VMBuilds\VentusVentFirmware\adafruit_adafruit_feather_m0\Release/core.a(Print.cpp.o)
                0x00006fd4                Print::print(String const&)
 .text._ZN5Print5printEPKc
                0x00006fe4        0x8 C:\Users\Vu\AppData\Local\Temp\VMBuilds\VentusVentFirmware\adafruit_adafruit_feather_m0\Release/core.a(Print.cpp.o)
                0x00006fe4                Print::print(char const*)
 .text._ZN5Print5printEc
                0x00006fec        0xa C:\Users\Vu\AppData\Local\Temp\VMBuilds\VentusVentFirmware\adafruit_adafruit_feather_m0\Release/core.a(Print.cpp.o)
                0x00006fec                Print::print(char)
 *fill*         0x00006ff6        0x2 
 .text._ZN5Print7printlnEv
                0x00006ff8       0x10 C:\Users\Vu\AppData\Local\Temp\VMBuilds\VentusVentFirmware\adafruit_adafruit_feather_m0\Release/core.a(Print.cpp.o)
                0x00006ff8                Print::println()
 .text._ZN5Print7printlnEPK19__FlashStringHelper
                0x00007008       0x14 C:\Users\Vu\AppData\Local\Temp\VMBuilds\VentusVentFirmware\adafruit_adafruit_feather_m0\Release/core.a(Print.cpp.o)
                0x00007008                Print::println(__FlashStringHelper const*)
 .text._ZN5Print7printlnERK6String
                0x0000701c       0x14 C:\Users\Vu\AppData\Local\Temp\VMBuilds\VentusVentFirmware\adafruit_adafruit_feather_m0\Release/core.a(Print.cpp.o)
                0x0000701c                Print::println(String const&)
 .text._ZN5Print7printlnEPKc
                0x00007030       0x14 C:\Users\Vu\AppData\Local\Temp\VMBuilds\VentusVentFirmware\adafruit_adafruit_feather_m0\Release/core.a(Print.cpp.o)
                0x00007030                Print::println(char const*)
 .text._ZN5Print11printNumberEmh
                0x00007044       0x4e C:\Users\Vu\AppData\Local\Temp\VMBuilds\VentusVentFirmware\adafruit_adafruit_feather_m0\Release/core.a(Print.cpp.o)
                0x00007044                Print::printNumber(unsigned long, unsigned char)
 .text._ZN5Print5printEli
                0x00007092       0x3c C:\Users\Vu\AppData\Local\Temp\VMBuilds\VentusVentFirmware\adafruit_adafruit_feather_m0\Release/core.a(Print.cpp.o)
                0x00007092                Print::print(long, int)
 .text._ZN5Print7printlnEii
                0x000070ce       0x14 C:\Users\Vu\AppData\Local\Temp\VMBuilds\VentusVentFirmware\adafruit_adafruit_feather_m0\Release/core.a(Print.cpp.o)
                0x000070ce                Print::println(int, int)
 .text._ZN5Print5printEmi
                0x000070e2       0x14 C:\Users\Vu\AppData\Local\Temp\VMBuilds\VentusVentFirmware\adafruit_adafruit_feather_m0\Release/core.a(Print.cpp.o)
                0x000070e2                Print::print(unsigned long, int)
 .text._ZN5Print5printEhi
                0x000070f6        0x8 C:\Users\Vu\AppData\Local\Temp\VMBuilds\VentusVentFirmware\adafruit_adafruit_feather_m0\Release/core.a(Print.cpp.o)
                0x000070f6                Print::print(unsigned char, int)
 *fill*         0x000070fe        0x2 
 .text._ZN5Print10printFloatEdh
                0x00007100      0x170 C:\Users\Vu\AppData\Local\Temp\VMBuilds\VentusVentFirmware\adafruit_adafruit_feather_m0\Release/core.a(Print.cpp.o)
                0x00007100                Print::printFloat(double, unsigned char)
 .text._ZN5Print7printlnEdi
                0x00007270       0x1c C:\Users\Vu\AppData\Local\Temp\VMBuilds\VentusVentFirmware\adafruit_adafruit_feather_m0\Release/core.a(Print.cpp.o)
                0x00007270                Print::println(double, int)
 .text.initiateReset
                0x0000728c        0xc C:\Users\Vu\AppData\Local\Temp\VMBuilds\VentusVentFirmware\adafruit_adafruit_feather_m0\Release/core.a(Reset.cpp.o)
                0x0000728c                initiateReset
 .text.cancelReset
                0x00007298       0x10 C:\Users\Vu\AppData\Local\Temp\VMBuilds\VentusVentFirmware\adafruit_adafruit_feather_m0\Release/core.a(Reset.cpp.o)
                0x00007298                cancelReset
 .text.tickReset
                0x000072a8       0x74 C:\Users\Vu\AppData\Local\Temp\VMBuilds\VentusVentFirmware\adafruit_adafruit_feather_m0\Release/core.a(Reset.cpp.o)
                0x000072a8                tickReset
 .text._ZN6SERCOMC2EP6Sercom
                0x0000731c        0x4 C:\Users\Vu\AppData\Local\Temp\VMBuilds\VentusVentFirmware\adafruit_adafruit_feather_m0\Release/core.a(SERCOM.cpp.o)
                0x0000731c                SERCOM::SERCOM(Sercom*)
                0x0000731c                SERCOM::SERCOM(Sercom*)
 .text._ZN6SERCOM9initFrameE18SercomUartCharSize15SercomDataOrder16SercomParityMode19SercomNumberStopBit
                0x00007320       0x38 C:\Users\Vu\AppData\Local\Temp\VMBuilds\VentusVentFirmware\adafruit_adafruit_feather_m0\Release/core.a(SERCOM.cpp.o)
                0x00007320                SERCOM::initFrame(SercomUartCharSize, SercomDataOrder, SercomParityMode, SercomNumberStopBit)
 .text._ZN6SERCOM8initPadsE15SercomUartTXPad11SercomRXPad
                0x00007358       0x26 C:\Users\Vu\AppData\Local\Temp\VMBuilds\VentusVentFirmware\adafruit_adafruit_feather_m0\Release/core.a(SERCOM.cpp.o)
                0x00007358                SERCOM::initPads(SercomUartTXPad, SercomRXPad)
 .text._ZN6SERCOM9resetUARTEv
                0x0000737e       0x1c C:\Users\Vu\AppData\Local\Temp\VMBuilds\VentusVentFirmware\adafruit_adafruit_feather_m0\Release/core.a(SERCOM.cpp.o)
                0x0000737e                SERCOM::resetUART()
 .text._ZN6SERCOM10enableUARTEv
                0x0000739a       0x14 C:\Users\Vu\AppData\Local\Temp\VMBuilds\VentusVentFirmware\adafruit_adafruit_feather_m0\Release/core.a(SERCOM.cpp.o)
                0x0000739a                SERCOM::enableUART()
 .text._ZN6SERCOM9flushUARTEv
                0x000073ae       0x10 C:\Users\Vu\AppData\Local\Temp\VMBuilds\VentusVentFirmware\adafruit_adafruit_feather_m0\Release/core.a(SERCOM.cpp.o)
                0x000073ae                SERCOM::flushUART()
 .text._ZN6SERCOM15clearStatusUARTEv
                0x000073be        0x8 C:\Users\Vu\AppData\Local\Temp\VMBuilds\VentusVentFirmware\adafruit_adafruit_feather_m0\Release/core.a(SERCOM.cpp.o)
                0x000073be                SERCOM::clearStatusUART()
 .text._ZN6SERCOM17availableDataUARTEv
                0x000073c6        0xa C:\Users\Vu\AppData\Local\Temp\VMBuilds\VentusVentFirmware\adafruit_adafruit_feather_m0\Release/core.a(SERCOM.cpp.o)
                0x000073c6                SERCOM::availableDataUART()
 .text._ZN6SERCOM11isUARTErrorEv
                0x000073d0        0x8 C:\Users\Vu\AppData\Local\Temp\VMBuilds\VentusVentFirmware\adafruit_adafruit_feather_m0\Release/core.a(SERCOM.cpp.o)
                0x000073d0                SERCOM::isUARTError()
 .text._ZN6SERCOM20acknowledgeUARTErrorEv
                0x000073d8        0xe C:\Users\Vu\AppData\Local\Temp\VMBuilds\VentusVentFirmware\adafruit_adafruit_feather_m0\Release/core.a(SERCOM.cpp.o)
                0x000073d8                SERCOM::acknowledgeUARTError()
 .text._ZN6SERCOM16isFrameErrorUARTEv
                0x000073e6        0xa C:\Users\Vu\AppData\Local\Temp\VMBuilds\VentusVentFirmware\adafruit_adafruit_feather_m0\Release/core.a(SERCOM.cpp.o)
                0x000073e6                SERCOM::isFrameErrorUART()
 .text._ZN6SERCOM19clearFrameErrorUARTEv
                0x000073f0        0xc C:\Users\Vu\AppData\Local\Temp\VMBuilds\VentusVentFirmware\adafruit_adafruit_feather_m0\Release/core.a(SERCOM.cpp.o)
                0x000073f0                SERCOM::clearFrameErrorUART()
 .text._ZN6SERCOM23isDataRegisterEmptyUARTEv
                0x000073fc        0xa C:\Users\Vu\AppData\Local\Temp\VMBuilds\VentusVentFirmware\adafruit_adafruit_feather_m0\Release/core.a(SERCOM.cpp.o)
                0x000073fc                SERCOM::isDataRegisterEmptyUART()
 .text._ZN6SERCOM12readDataUARTEv
                0x00007406        0x8 C:\Users\Vu\AppData\Local\Temp\VMBuilds\VentusVentFirmware\adafruit_adafruit_feather_m0\Release/core.a(SERCOM.cpp.o)
                0x00007406                SERCOM::readDataUART()
 .text._ZN6SERCOM13writeDataUARTEh
                0x0000740e        0xe C:\Users\Vu\AppData\Local\Temp\VMBuilds\VentusVentFirmware\adafruit_adafruit_feather_m0\Release/core.a(SERCOM.cpp.o)
                0x0000740e                SERCOM::writeDataUART(unsigned char)
 .text._ZN6SERCOM36enableDataRegisterEmptyInterruptUARTEv
                0x0000741c        0x8 C:\Users\Vu\AppData\Local\Temp\VMBuilds\VentusVentFirmware\adafruit_adafruit_feather_m0\Release/core.a(SERCOM.cpp.o)
                0x0000741c                SERCOM::enableDataRegisterEmptyInterruptUART()
 .text._ZN6SERCOM37disableDataRegisterEmptyInterruptUARTEv
                0x00007424        0x8 C:\Users\Vu\AppData\Local\Temp\VMBuilds\VentusVentFirmware\adafruit_adafruit_feather_m0\Release/core.a(SERCOM.cpp.o)
                0x00007424                SERCOM::disableDataRegisterEmptyInterruptUART()
 .text._ZN6SERCOM12initSPIClockE18SercomSpiClockModem
                0x0000742c       0x30 C:\Users\Vu\AppData\Local\Temp\VMBuilds\VentusVentFirmware\adafruit_adafruit_feather_m0\Release/core.a(SERCOM.cpp.o)
                0x0000742c                SERCOM::initSPIClock(SercomSpiClockMode, unsigned long)
 .text._ZN6SERCOM8resetSPIEv
                0x0000745c       0x1c C:\Users\Vu\AppData\Local\Temp\VMBuilds\VentusVentFirmware\adafruit_adafruit_feather_m0\Release/core.a(SERCOM.cpp.o)
                0x0000745c                SERCOM::resetSPI()
 .text._ZN6SERCOM9enableSPIEv
                0x00007478       0x14 C:\Users\Vu\AppData\Local\Temp\VMBuilds\VentusVentFirmware\adafruit_adafruit_feather_m0\Release/core.a(SERCOM.cpp.o)
                0x00007478                SERCOM::enableSPI()
 .text._ZN6SERCOM10disableSPIEv
                0x0000748c       0x12 C:\Users\Vu\AppData\Local\Temp\VMBuilds\VentusVentFirmware\adafruit_adafruit_feather_m0\Release/core.a(SERCOM.cpp.o)
                0x0000748c                SERCOM::disableSPI()
 .text._ZN6SERCOM15transferDataSPIEh
                0x0000749e       0x1a C:\Users\Vu\AppData\Local\Temp\VMBuilds\VentusVentFirmware\adafruit_adafruit_feather_m0\Release/core.a(SERCOM.cpp.o)
                0x0000749e                SERCOM::transferDataSPI(unsigned char)
 .text._ZN6SERCOM13initClockNVICEv
                0x000074b8       0xb4 C:\Users\Vu\AppData\Local\Temp\VMBuilds\VentusVentFirmware\adafruit_adafruit_feather_m0\Release/core.a(SERCOM.cpp.o)
                0x000074b8                SERCOM::initClockNVIC()
 .text._ZN6SERCOM8initUARTE14SercomUartMode20SercomUartSampleRatem
                0x0000756c       0x6c C:\Users\Vu\AppData\Local\Temp\VMBuilds\VentusVentFirmware\adafruit_adafruit_feather_m0\Release/core.a(SERCOM.cpp.o)
                0x0000756c                SERCOM::initUART(SercomUartMode, SercomUartSampleRate, unsigned long)
 .text._ZN6SERCOM7initSPIE14SercomSpiTXPad11SercomRXPad17SercomSpiCharSize15SercomDataOrder
                0x000075d8       0x50 C:\Users\Vu\AppData\Local\Temp\VMBuilds\VentusVentFirmware\adafruit_adafruit_feather_m0\Release/core.a(SERCOM.cpp.o)
                0x000075d8                SERCOM::initSPI(SercomSpiTXPad, SercomRXPad, SercomSpiCharSize, SercomDataOrder)
 .text._ZN6Stream9timedReadEv
                0x00007628       0x2a C:\Users\Vu\AppData\Local\Temp\VMBuilds\VentusVentFirmware\adafruit_adafruit_feather_m0\Release/core.a(Stream.cpp.o)
                0x00007628                Stream::timedRead()
 *fill*         0x00007652        0x2 
 .text._ZN6Stream10readStringEv
                0x00007654       0x28 C:\Users\Vu\AppData\Local\Temp\VMBuilds\VentusVentFirmware\adafruit_adafruit_feather_m0\Release/core.a(Stream.cpp.o)
                0x00007654                Stream::readString()
 .text._ZN4UartcvbEv
                0x0000767c        0x4 C:\Users\Vu\AppData\Local\Temp\VMBuilds\VentusVentFirmware\adafruit_adafruit_feather_m0\Release/core.a(Uart.cpp.o)
                0x0000767c                Uart::operator bool()
 .text._ZN4Uart5beginEm
                0x00007680       0x10 C:\Users\Vu\AppData\Local\Temp\VMBuilds\VentusVentFirmware\adafruit_adafruit_feather_m0\Release/core.a(Uart.cpp.o)
                0x00007680                Uart::begin(unsigned long)
 .text._ZN4Uart4peekEv
                0x00007690       0x1e C:\Users\Vu\AppData\Local\Temp\VMBuilds\VentusVentFirmware\adafruit_adafruit_feather_m0\Release/core.a(Uart.cpp.o)
                0x00007690                Uart::peek()
 .text._ZN4Uart3endEv
                0x000076ae       0x24 C:\Users\Vu\AppData\Local\Temp\VMBuilds\VentusVentFirmware\adafruit_adafruit_feather_m0\Release/core.a(Uart.cpp.o)
                0x000076ae                Uart::end()
 *fill*         0x000076d2        0x2 
 .text._ZN4UartC2EP6SERCOMhh11SercomRXPad15SercomUartTXPadhh
                0x000076d4       0xa0 C:\Users\Vu\AppData\Local\Temp\VMBuilds\VentusVentFirmware\adafruit_adafruit_feather_m0\Release/core.a(Uart.cpp.o)
                0x000076d4                Uart::Uart(SERCOM*, unsigned char, unsigned char, SercomRXPad, SercomUartTXPad, unsigned char, unsigned char)
                0x000076d4                Uart::Uart(SERCOM*, unsigned char, unsigned char, SercomRXPad, SercomUartTXPad, unsigned char, unsigned char)
 .text._ZN4UartC2EP6SERCOMhh11SercomRXPad15SercomUartTXPad
                0x00007774       0x24 C:\Users\Vu\AppData\Local\Temp\VMBuilds\VentusVentFirmware\adafruit_adafruit_feather_m0\Release/core.a(Uart.cpp.o)
                0x00007774                Uart::Uart(SERCOM*, unsigned char, unsigned char, SercomRXPad, SercomUartTXPad)
                0x00007774                Uart::Uart(SERCOM*, unsigned char, unsigned char, SercomRXPad, SercomUartTXPad)
 .text._ZN4Uart16extractNbStopBitEt
                0x00007798        0xe C:\Users\Vu\AppData\Local\Temp\VMBuilds\VentusVentFirmware\adafruit_adafruit_feather_m0\Release/core.a(Uart.cpp.o)
                0x00007798                Uart::extractNbStopBit(unsigned short)
 .text._ZN4Uart15extractCharSizeEt
                0x000077a6       0x2c C:\Users\Vu\AppData\Local\Temp\VMBuilds\VentusVentFirmware\adafruit_adafruit_feather_m0\Release/core.a(Uart.cpp.o)
                0x000077a6                Uart::extractCharSize(unsigned short)
 .text._ZN4Uart13extractParityEt
                0x000077d2       0x18 C:\Users\Vu\AppData\Local\Temp\VMBuilds\VentusVentFirmware\adafruit_adafruit_feather_m0\Release/core.a(Uart.cpp.o)
                0x000077d2                Uart::extractParity(unsigned short)
 *fill*         0x000077ea        0x2 
 .text._ZN4Uart5beginEmt
                0x000077ec       0xf0 C:\Users\Vu\AppData\Local\Temp\VMBuilds\VentusVentFirmware\adafruit_adafruit_feather_m0\Release/core.a(Uart.cpp.o)
                0x000077ec                Uart::begin(unsigned long, unsigned short)
 .text._ZN11RingBufferNILi164EE9availableEv
                0x000078dc       0x12 C:\Users\Vu\AppData\Local\Temp\VMBuilds\VentusVentFirmware\adafruit_adafruit_feather_m0\Release/core.a(Uart.cpp.o)
                0x000078dc                RingBufferN<164>::available()
 .text._ZN4Uart5flushEv
                0x000078ee       0x18 C:\Users\Vu\AppData\Local\Temp\VMBuilds\VentusVentFirmware\adafruit_adafruit_feather_m0\Release/core.a(Uart.cpp.o)
                0x000078ee                Uart::flush()
 .text._ZN4Uart9availableEv
                0x00007906        0xa C:\Users\Vu\AppData\Local\Temp\VMBuilds\VentusVentFirmware\adafruit_adafruit_feather_m0\Release/core.a(Uart.cpp.o)
                0x00007906                Uart::available()
 .text._ZN11RingBufferNILi164EE17availableForStoreEv
                0x00007910       0x22 C:\Users\Vu\AppData\Local\Temp\VMBuilds\VentusVentFirmware\adafruit_adafruit_feather_m0\Release/core.a(Uart.cpp.o)
                0x00007910                RingBufferN<164>::availableForStore()
 .text._ZN4Uart17availableForWriteEv
                0x00007932        0xa C:\Users\Vu\AppData\Local\Temp\VMBuilds\VentusVentFirmware\adafruit_adafruit_feather_m0\Release/core.a(Uart.cpp.o)
                0x00007932                Uart::availableForWrite()
 .text._ZN4Uart10IrqHandlerEv
                0x0000793c       0xde C:\Users\Vu\AppData\Local\Temp\VMBuilds\VentusVentFirmware\adafruit_adafruit_feather_m0\Release/core.a(Uart.cpp.o)
                0x0000793c                Uart::IrqHandler()
 *fill*         0x00007a1a        0x2 
 .text._ZN4Uart5writeEh
                0x00007a1c       0xc8 C:\Users\Vu\AppData\Local\Temp\VMBuilds\VentusVentFirmware\adafruit_adafruit_feather_m0\Release/core.a(Uart.cpp.o)
                0x00007a1c                Uart::write(unsigned char)
 .text._ZN4Uart4readEv
                0x00007ae4       0x56 C:\Users\Vu\AppData\Local\Temp\VMBuilds\VentusVentFirmware\adafruit_adafruit_feather_m0\Release/core.a(Uart.cpp.o)
                0x00007ae4                Uart::read()
 .text._Z3maplllll
                0x00007b3a       0x16 C:\Users\Vu\AppData\Local\Temp\VMBuilds\VentusVentFirmware\adafruit_adafruit_feather_m0\Release/core.a(WMath.cpp.o)
                0x00007b3a                map(long, long, long, long, long)
 .text._ZNK6String14StringIfHelperEv
                0x00007b50        0x2 C:\Users\Vu\AppData\Local\Temp\VMBuilds\VentusVentFirmware\adafruit_adafruit_feather_m0\Release/core.a(WString.cpp.o)
                0x00007b50                String::StringIfHelper() const
 .text._ZN6StringD2Ev
                0x00007b52        0xe C:\Users\Vu\AppData\Local\Temp\VMBuilds\VentusVentFirmware\adafruit_adafruit_feather_m0\Release/core.a(WString.cpp.o)
                0x00007b52                String::~String()
                0x00007b52                String::~String()
 .text._ZN6String10invalidateEv
                0x00007b60       0x18 C:\Users\Vu\AppData\Local\Temp\VMBuilds\VentusVentFirmware\adafruit_adafruit_feather_m0\Release/core.a(WString.cpp.o)
                0x00007b60                String::invalidate()
 .text._ZN6String12changeBufferEj
                0x00007b78       0x18 C:\Users\Vu\AppData\Local\Temp\VMBuilds\VentusVentFirmware\adafruit_adafruit_feather_m0\Release/core.a(WString.cpp.o)
                0x00007b78                String::changeBuffer(unsigned int)
 .text._ZN6String7reserveEj
                0x00007b90       0x28 C:\Users\Vu\AppData\Local\Temp\VMBuilds\VentusVentFirmware\adafruit_adafruit_feather_m0\Release/core.a(WString.cpp.o)
                0x00007b90                String::reserve(unsigned int)
 .text._ZN6String4copyEPKcj
                0x00007bb8       0x28 C:\Users\Vu\AppData\Local\Temp\VMBuilds\VentusVentFirmware\adafruit_adafruit_feather_m0\Release/core.a(WString.cpp.o)
                0x00007bb8                String::copy(char const*, unsigned int)
 .text._ZN6StringC2EPKc
                0x00007be0       0x26 C:\Users\Vu\AppData\Local\Temp\VMBuilds\VentusVentFirmware\adafruit_adafruit_feather_m0\Release/core.a(WString.cpp.o)
                0x00007be0                String::String(char const*)
                0x00007be0                String::String(char const*)
 *fill*         0x00007c06        0x2 
 .text._ZN6String4moveERS_
                0x00007c08       0x4c C:\Users\Vu\AppData\Local\Temp\VMBuilds\VentusVentFirmware\adafruit_adafruit_feather_m0\Release/core.a(WString.cpp.o)
                0x00007c08                String::move(String&)
 .text._ZN6StringaSEOS_
                0x00007c54       0x10 C:\Users\Vu\AppData\Local\Temp\VMBuilds\VentusVentFirmware\adafruit_adafruit_feather_m0\Release/core.a(WString.cpp.o)
                0x00007c54                String::operator=(String&&)
 .text._ZN6StringaSEPKc
                0x00007c64       0x22 C:\Users\Vu\AppData\Local\Temp\VMBuilds\VentusVentFirmware\adafruit_adafruit_feather_m0\Release/core.a(WString.cpp.o)
                0x00007c64                String::operator=(char const*)
 .text._ZN6StringC2Eih
                0x00007c86       0x24 C:\Users\Vu\AppData\Local\Temp\VMBuilds\VentusVentFirmware\adafruit_adafruit_feather_m0\Release/core.a(WString.cpp.o)
                0x00007c86                String::String(int, unsigned char)
                0x00007c86                String::String(int, unsigned char)
 .text._ZN6String6concatEPKcj
                0x00007caa       0x32 C:\Users\Vu\AppData\Local\Temp\VMBuilds\VentusVentFirmware\adafruit_adafruit_feather_m0\Release/core.a(WString.cpp.o)
                0x00007caa                String::concat(char const*, unsigned int)
 .text._ZN6String6concatEc
                0x00007cdc       0x14 C:\Users\Vu\AppData\Local\Temp\VMBuilds\VentusVentFirmware\adafruit_adafruit_feather_m0\Release/core.a(WString.cpp.o)
                0x00007cdc                String::concat(char)
 .text._ZplRK15StringSumHelperRK6String
                0x00007cf0       0x1c C:\Users\Vu\AppData\Local\Temp\VMBuilds\VentusVentFirmware\adafruit_adafruit_feather_m0\Release/core.a(WString.cpp.o)
                0x00007cf0                operator+(StringSumHelper const&, String const&)
 .text._ZplRK15StringSumHelperPKc
                0x00007d0c       0x26 C:\Users\Vu\AppData\Local\Temp\VMBuilds\VentusVentFirmware\adafruit_adafruit_feather_m0\Release/core.a(WString.cpp.o)
                0x00007d0c                operator+(StringSumHelper const&, char const*)
 .text._ZNK6String7indexOfERKS_j
                0x00007d32       0x20 C:\Users\Vu\AppData\Local\Temp\VMBuilds\VentusVentFirmware\adafruit_adafruit_feather_m0\Release/core.a(WString.cpp.o)
                0x00007d32                String::indexOf(String const&, unsigned int) const
 .text._ZNK6String7indexOfERKS_
                0x00007d52        0xa C:\Users\Vu\AppData\Local\Temp\VMBuilds\VentusVentFirmware\adafruit_adafruit_feather_m0\Release/core.a(WString.cpp.o)
                0x00007d52                String::indexOf(String const&) const
 .text._ZNK6String9substringEjj
                0x00007d5c       0x4c C:\Users\Vu\AppData\Local\Temp\VMBuilds\VentusVentFirmware\adafruit_adafruit_feather_m0\Release/core.a(WString.cpp.o)
                0x00007d5c                String::substring(unsigned int, unsigned int) const
 .text._ZNK6String5toIntEv
                0x00007da8        0xe C:\Users\Vu\AppData\Local\Temp\VMBuilds\VentusVentFirmware\adafruit_adafruit_feather_m0\Release/core.a(WString.cpp.o)
                0x00007da8                String::toInt() const
 .text._ZN7Serial_17availableForWriteEv
                0x00007db6        0x4 C:\Users\Vu\AppData\Local\Temp\VMBuilds\VentusVentFirmware\adafruit_adafruit_feather_m0\Release/core.a(CDC.cpp.o)
                0x00007db6                Serial_::availableForWrite()
 .text._ZN7Serial_5writeEh
                0x00007dba       0x14 C:\Users\Vu\AppData\Local\Temp\VMBuilds\VentusVentFirmware\adafruit_adafruit_feather_m0\Release/core.a(CDC.cpp.o)
                0x00007dba                Serial_::write(unsigned char)
 .text._ZN7Serial_9availableEv
                0x00007dce        0xc C:\Users\Vu\AppData\Local\Temp\VMBuilds\VentusVentFirmware\adafruit_adafruit_feather_m0\Release/core.a(CDC.cpp.o)
                0x00007dce                Serial_::available()
 .text._ZN7Serial_5flushEv
                0x00007dda        0xc C:\Users\Vu\AppData\Local\Temp\VMBuilds\VentusVentFirmware\adafruit_adafruit_feather_m0\Release/core.a(CDC.cpp.o)
                0x00007dda                Serial_::flush()
 *fill*         0x00007de6        0x2 
 .text._ZN7Serial_5writeEPKhj
                0x00007de8       0x2c C:\Users\Vu\AppData\Local\Temp\VMBuilds\VentusVentFirmware\adafruit_adafruit_feather_m0\Release/core.a(CDC.cpp.o)
                0x00007de8                Serial_::write(unsigned char const*, unsigned int)
 .text._ZN7Serial_4peekEv
                0x00007e14       0x1c C:\Users\Vu\AppData\Local\Temp\VMBuilds\VentusVentFirmware\adafruit_adafruit_feather_m0\Release/core.a(CDC.cpp.o)
                0x00007e14                Serial_::peek()
 .text._ZN7Serial_4readEv
                0x00007e30       0x24 C:\Users\Vu\AppData\Local\Temp\VMBuilds\VentusVentFirmware\adafruit_adafruit_feather_m0\Release/core.a(CDC.cpp.o)
                0x00007e30                Serial_::read()
 .text._Z16CDC_GetInterfacePh
                0x00007e54       0x1c C:\Users\Vu\AppData\Local\Temp\VMBuilds\VentusVentFirmware\adafruit_adafruit_feather_m0\Release/core.a(CDC.cpp.o)
                0x00007e54                CDC_GetInterface(unsigned char*)
 .text._Z9CDC_SetupR8USBSetup
                0x00007e70       0x80 C:\Users\Vu\AppData\Local\Temp\VMBuilds\VentusVentFirmware\adafruit_adafruit_feather_m0\Release/core.a(CDC.cpp.o)
                0x00007e70                CDC_Setup(USBSetup&)
 .text._ZN7Serial_5beginEm
                0x00007ef0        0x2 C:\Users\Vu\AppData\Local\Temp\VMBuilds\VentusVentFirmware\adafruit_adafruit_feather_m0\Release/core.a(CDC.cpp.o)
                0x00007ef0                Serial_::begin(unsigned long)
 *fill*         0x00007ef2        0x2 
 .text.startup._GLOBAL__sub_I__Z17_CDC_GetInterfacev
                0x00007ef4       0x28 C:\Users\Vu\AppData\Local\Temp\VMBuilds\VentusVentFirmware\adafruit_adafruit_feather_m0\Release/core.a(CDC.cpp.o)
 .text._ZN26DoubleBufferedEPOutHandler4initEv
                0x00007f1c        0x2 C:\Users\Vu\AppData\Local\Temp\VMBuilds\VentusVentFirmware\adafruit_adafruit_feather_m0\Release/core.a(USBCore.cpp.o)
                0x00007f1c                DoubleBufferedEPOutHandler::init()
 .text._ZL5utox8mPc
                0x00007f1e       0x1c C:\Users\Vu\AppData\Local\Temp\VMBuilds\VentusVentFirmware\adafruit_adafruit_feather_m0\Release/core.a(USBCore.cpp.o)
 *fill*         0x00007f3a        0x2 
 .text._ZN14USBDeviceClass6initEPEmm.part.4
                0x00007f3c       0xe0 C:\Users\Vu\AppData\Local\Temp\VMBuilds\VentusVentFirmware\adafruit_adafruit_feather_m0\Release/core.a(USBCore.cpp.o)
 .text._ZN7__GuardC2Ev
                0x0000801c        0xe C:\Users\Vu\AppData\Local\Temp\VMBuilds\VentusVentFirmware\adafruit_adafruit_feather_m0\Release/core.a(USBCore.cpp.o)
                0x0000801c                __Guard::__Guard()
                0x0000801c                __Guard::__Guard()
 .text._ZN7__GuardD2Ev
                0x0000802a        0xe C:\Users\Vu\AppData\Local\Temp\VMBuilds\VentusVentFirmware\adafruit_adafruit_feather_m0\Release/core.a(USBCore.cpp.o)
                0x0000802a                __Guard::~__Guard()
                0x0000802a                __Guard::~__Guard()
 .text._ZNK26DoubleBufferedEPOutHandler9availableEv
                0x00008038       0x5e C:\Users\Vu\AppData\Local\Temp\VMBuilds\VentusVentFirmware\adafruit_adafruit_feather_m0\Release/core.a(USBCore.cpp.o)
                0x00008038                DoubleBufferedEPOutHandler::available() const
 *fill*         0x00008096        0x2 
 .text._ZN26DoubleBufferedEPOutHandler7releaseEv
                0x00008098       0x58 C:\Users\Vu\AppData\Local\Temp\VMBuilds\VentusVentFirmware\adafruit_adafruit_feather_m0\Release/core.a(USBCore.cpp.o)
                0x00008098                DoubleBufferedEPOutHandler::release()
 .text._ZN26DoubleBufferedEPOutHandler4recvEPvm
                0x000080f0      0x11c C:\Users\Vu\AppData\Local\Temp\VMBuilds\VentusVentFirmware\adafruit_adafruit_feather_m0\Release/core.a(USBCore.cpp.o)
                0x000080f0                DoubleBufferedEPOutHandler::recv(void*, unsigned long)
 .text._ZN26DoubleBufferedEPOutHandler14handleEndpointEv
                0x0000820c       0xc8 C:\Users\Vu\AppData\Local\Temp\VMBuilds\VentusVentFirmware\adafruit_adafruit_feather_m0\Release/core.a(USBCore.cpp.o)
                0x0000820c                DoubleBufferedEPOutHandler::handleEndpoint()
 .text._ZN14USBDeviceClass14SendInterfacesEPm
                0x000082d4       0x2c C:\Users\Vu\AppData\Local\Temp\VMBuilds\VentusVentFirmware\adafruit_adafruit_feather_m0\Release/core.a(USBCore.cpp.o)
                0x000082d4                USBDeviceClass::SendInterfaces(unsigned long*)
 .text._ZN14USBDeviceClass14handleEndpointEh
                0x00008300       0x40 C:\Users\Vu\AppData\Local\Temp\VMBuilds\VentusVentFirmware\adafruit_adafruit_feather_m0\Release/core.a(USBCore.cpp.o)
                0x00008300                USBDeviceClass::handleEndpoint(unsigned char)
 .text._ZN14USBDeviceClass4initEv
                0x00008340       0xf0 C:\Users\Vu\AppData\Local\Temp\VMBuilds\VentusVentFirmware\adafruit_adafruit_feather_m0\Release/core.a(USBCore.cpp.o)
                0x00008340                USBDeviceClass::init()
 .text._ZN14USBDeviceClass6attachEv
                0x00008430       0x34 C:\Users\Vu\AppData\Local\Temp\VMBuilds\VentusVentFirmware\adafruit_adafruit_feather_m0\Release/core.a(USBCore.cpp.o)
                0x00008430                USBDeviceClass::attach()
 .text._ZN14USBDeviceClass10setAddressEm
                0x00008464       0x48 C:\Users\Vu\AppData\Local\Temp\VMBuilds\VentusVentFirmware\adafruit_adafruit_feather_m0\Release/core.a(USBCore.cpp.o)
                0x00008464                USBDeviceClass::setAddress(unsigned long)
 .text._ZN14USBDeviceClass25handleClassInterfaceSetupER8USBSetup
                0x000084ac       0x40 C:\Users\Vu\AppData\Local\Temp\VMBuilds\VentusVentFirmware\adafruit_adafruit_feather_m0\Release/core.a(USBCore.cpp.o)
                0x000084ac                USBDeviceClass::handleClassInterfaceSetup(USBSetup&)
 .text._ZN14USBDeviceClass6initEPEmm
                0x000084ec      0x108 C:\Users\Vu\AppData\Local\Temp\VMBuilds\VentusVentFirmware\adafruit_adafruit_feather_m0\Release/core.a(USBCore.cpp.o)
                0x000084ec                USBDeviceClass::initEP(unsigned long, unsigned long)
 .text._ZN14USBDeviceClass13initEndpointsEv
                0x000085f4       0x24 C:\Users\Vu\AppData\Local\Temp\VMBuilds\VentusVentFirmware\adafruit_adafruit_feather_m0\Release/core.a(USBCore.cpp.o)
                0x000085f4                USBDeviceClass::initEndpoints()
 .text._ZN14USBDeviceClass9availableEm
                0x00008618       0x2c C:\Users\Vu\AppData\Local\Temp\VMBuilds\VentusVentFirmware\adafruit_adafruit_feather_m0\Release/core.a(USBCore.cpp.o)
                0x00008618                USBDeviceClass::available(unsigned long)
 .text._ZN14USBDeviceClass5flushEm
                0x00008644       0x2c C:\Users\Vu\AppData\Local\Temp\VMBuilds\VentusVentFirmware\adafruit_adafruit_feather_m0\Release/core.a(USBCore.cpp.o)
                0x00008644                USBDeviceClass::flush(unsigned long)
 .text._ZN14USBDeviceClass14armRecvCtrlOUTEm
                0x00008670       0x60 C:\Users\Vu\AppData\Local\Temp\VMBuilds\VentusVentFirmware\adafruit_adafruit_feather_m0\Release/core.a(USBCore.cpp.o)
                0x00008670                USBDeviceClass::armRecvCtrlOUT(unsigned long)
 .text._ZN14USBDeviceClass11recvControlEPvm
                0x000086d0       0x3c C:\Users\Vu\AppData\Local\Temp\VMBuilds\VentusVentFirmware\adafruit_adafruit_feather_m0\Release/core.a(USBCore.cpp.o)
                0x000086d0                USBDeviceClass::recvControl(void*, unsigned long)
 .text._ZN14USBDeviceClass7armRecvEm
                0x0000870c       0x3c C:\Users\Vu\AppData\Local\Temp\VMBuilds\VentusVentFirmware\adafruit_adafruit_feather_m0\Release/core.a(USBCore.cpp.o)
                0x0000870c                USBDeviceClass::armRecv(unsigned long)
 .text._ZN14USBDeviceClass4recvEmPvm
                0x00008748       0xd8 C:\Users\Vu\AppData\Local\Temp\VMBuilds\VentusVentFirmware\adafruit_adafruit_feather_m0\Release/core.a(USBCore.cpp.o)
                0x00008748                USBDeviceClass::recv(unsigned long, void*, unsigned long)
 .text._ZN14USBDeviceClass4recvEm
                0x00008820       0x1c C:\Users\Vu\AppData\Local\Temp\VMBuilds\VentusVentFirmware\adafruit_adafruit_feather_m0\Release/core.a(USBCore.cpp.o)
                0x00008820                USBDeviceClass::recv(unsigned long)
 .text._ZN14USBDeviceClass4sendEmPKvm
                0x0000883c      0x124 C:\Users\Vu\AppData\Local\Temp\VMBuilds\VentusVentFirmware\adafruit_adafruit_feather_m0\Release/core.a(USBCore.cpp.o)
                0x0000883c                USBDeviceClass::send(unsigned long, void const*, unsigned long)
 .text._ZN14USBDeviceClass7armSendEmPKvm
                0x00008960       0x48 C:\Users\Vu\AppData\Local\Temp\VMBuilds\VentusVentFirmware\adafruit_adafruit_feather_m0\Release/core.a(USBCore.cpp.o)
                0x00008960                USBDeviceClass::armSend(unsigned long, void const*, unsigned long)
 .text._ZN14USBDeviceClass11sendControlEPKvm
                0x000089a8       0x58 C:\Users\Vu\AppData\Local\Temp\VMBuilds\VentusVentFirmware\adafruit_adafruit_feather_m0\Release/core.a(USBCore.cpp.o)
                0x000089a8                USBDeviceClass::sendControl(void const*, unsigned long)
 .text._ZN14USBDeviceClass20sendStringDescriptorEPKhh
                0x00008a00       0x68 C:\Users\Vu\AppData\Local\Temp\VMBuilds\VentusVentFirmware\adafruit_adafruit_feather_m0\Release/core.a(USBCore.cpp.o)
                0x00008a00                USBDeviceClass::sendStringDescriptor(unsigned char const*, unsigned char)
 .text._ZN14USBDeviceClass12packMessagesEb.part.6
                0x00008a68       0x20 C:\Users\Vu\AppData\Local\Temp\VMBuilds\VentusVentFirmware\adafruit_adafruit_feather_m0\Release/core.a(USBCore.cpp.o)
 .text._ZN14USBDeviceClass17sendConfigurationEm
                0x00008a88       0x90 C:\Users\Vu\AppData\Local\Temp\VMBuilds\VentusVentFirmware\adafruit_adafruit_feather_m0\Release/core.a(USBCore.cpp.o)
                0x00008a88                USBDeviceClass::sendConfiguration(unsigned long)
 .text._ZN14USBDeviceClass14sendDescriptorER8USBSetup
                0x00008b18       0xec C:\Users\Vu\AppData\Local\Temp\VMBuilds\VentusVentFirmware\adafruit_adafruit_feather_m0\Release/core.a(USBCore.cpp.o)
                0x00008b18                USBDeviceClass::sendDescriptor(USBSetup&)
 .text._ZN14USBDeviceClass19handleStandardSetupER8USBSetup
                0x00008c04      0x118 C:\Users\Vu\AppData\Local\Temp\VMBuilds\VentusVentFirmware\adafruit_adafruit_feather_m0\Release/core.a(USBCore.cpp.o)
                0x00008c04                USBDeviceClass::handleStandardSetup(USBSetup&)
 .text._ZN14USBDeviceClass10ISRHandlerEv
                0x00008d1c      0x150 C:\Users\Vu\AppData\Local\Temp\VMBuilds\VentusVentFirmware\adafruit_adafruit_feather_m0\Release/core.a(USBCore.cpp.o)
                0x00008d1c                USBDeviceClass::ISRHandler()
 .text.UDD_Handler
                0x00008e6c       0x10 C:\Users\Vu\AppData\Local\Temp\VMBuilds\VentusVentFirmware\adafruit_adafruit_feather_m0\Release/core.a(USBCore.cpp.o)
                0x00008e6c                UDD_Handler
 .text.startup._GLOBAL__sub_I_usbd
                0x00008e7c       0x10 C:\Users\Vu\AppData\Local\Temp\VMBuilds\VentusVentFirmware\adafruit_adafruit_feather_m0\Release/core.a(USBCore.cpp.o)
 .text.ltoa     0x00008e8c       0x8a C:\Users\Vu\AppData\Local\Temp\VMBuilds\VentusVentFirmware\adafruit_adafruit_feather_m0\Release/core.a(itoa.c.o)
                0x00008e8c                ltoa
 .text.itoa     0x00008f16        0x8 C:\Users\Vu\AppData\Local\Temp\VMBuilds\VentusVentFirmware\adafruit_adafruit_feather_m0\Release/core.a(itoa.c.o)
                0x00008f16                itoa
 .text._ZN13PluggableUSB_12getInterfaceEPh
                0x00008f1e       0x2a C:\Users\Vu\AppData\Local\Temp\VMBuilds\VentusVentFirmware\adafruit_adafruit_feather_m0\Release/core.a(PluggableUSB.cpp.o)
                0x00008f1e                PluggableUSB_::getInterface(unsigned char*)
 .text._ZN13PluggableUSB_13getDescriptorER8USBSetup
                0x00008f48       0x20 C:\Users\Vu\AppData\Local\Temp\VMBuilds\VentusVentFirmware\adafruit_adafruit_feather_m0\Release/core.a(PluggableUSB.cpp.o)
                0x00008f48                PluggableUSB_::getDescriptor(USBSetup&)
 .text._ZN13PluggableUSB_12getShortNameEPc
                0x00008f68       0x1e C:\Users\Vu\AppData\Local\Temp\VMBuilds\VentusVentFirmware\adafruit_adafruit_feather_m0\Release/core.a(PluggableUSB.cpp.o)
                0x00008f68                PluggableUSB_::getShortName(char*)
 .text._ZN13PluggableUSB_5setupER8USBSetup
                0x00008f86       0x24 C:\Users\Vu\AppData\Local\Temp\VMBuilds\VentusVentFirmware\adafruit_adafruit_feather_m0\Release/core.a(PluggableUSB.cpp.o)
                0x00008f86                PluggableUSB_::setup(USBSetup&)
 *fill*         0x00008faa        0x2 
 .text._Z12PluggableUSBv
                0x00008fac       0x24 C:\Users\Vu\AppData\Local\Temp\VMBuilds\VentusVentFirmware\adafruit_adafruit_feather_m0\Release/core.a(PluggableUSB.cpp.o)
                0x00008fac                PluggableUSB()
 .text._ZN20USBDevice_SAMD21G18x5resetEv
                0x00008fd0       0x32 C:\Users\Vu\AppData\Local\Temp\VMBuilds\VentusVentFirmware\adafruit_adafruit_feather_m0\Release/core.a(SAMD21_USBDevice.cpp.o)
                0x00008fd0                USBDevice_SAMD21G18x::reset()
 *fill*         0x00009002        0x2 
 .text._ZN20USBDevice_SAMD21G18x9calibrateEv
                0x00009004       0x5c C:\Users\Vu\AppData\Local\Temp\VMBuilds\VentusVentFirmware\adafruit_adafruit_feather_m0\Release/core.a(SAMD21_USBDevice.cpp.o)
                0x00009004                USBDevice_SAMD21G18x::calibrate()
 .text          0x00009060       0x14 c:/users/vu/appdata/local/arduino15/packages/arduino/tools/arm-none-eabi-gcc/4.8.3-2014q1/bin/../lib/gcc/arm-none-eabi/4.8.3/armv6-m\libgcc.a(_thumb1_case_uqi.o)
                0x00009060                __gnu_thumb1_case_uqi
 .text          0x00009074       0x9c c:/users/vu/appdata/local/arduino15/packages/arduino/tools/arm-none-eabi-gcc/4.8.3-2014q1/bin/../lib/gcc/arm-none-eabi/4.8.3/armv6-m\libgcc.a(_udivsi3.o)
                0x00009074                __aeabi_uidiv
                0x00009074                __udivsi3
                0x000090fc                __aeabi_uidivmod
 .text          0x00009110       0xc0 c:/users/vu/appdata/local/arduino15/packages/arduino/tools/arm-none-eabi-gcc/4.8.3-2014q1/bin/../lib/gcc/arm-none-eabi/4.8.3/armv6-m\libgcc.a(_divsi3.o)
                0x00009110                __divsi3
                0x00009110                __aeabi_idiv
                0x000091bc                __aeabi_idivmod
 .text          0x000091d0        0x4 c:/users/vu/appdata/local/arduino15/packages/arduino/tools/arm-none-eabi-gcc/4.8.3-2014q1/bin/../lib/gcc/arm-none-eabi/4.8.3/armv6-m\libgcc.a(_dvmd_tls.o)
                0x000091d0                __aeabi_idiv0
                0x000091d0                __aeabi_ldiv0
 .text          0x000091d4       0x7c c:/users/vu/appdata/local/arduino15/packages/arduino/tools/arm-none-eabi-gcc/4.8.3-2014q1/bin/../lib/gcc/arm-none-eabi/4.8.3/armv6-m\libgcc.a(_arm_cmpdf2.o)
                0x000091d4                __aeabi_cdrcmple
                0x000091e4                __aeabi_cdcmple
                0x000091e4                __aeabi_cdcmpeq
                0x000091f4                __aeabi_dcmpeq
                0x00009200                __aeabi_dcmplt
                0x00009214                __aeabi_dcmple
                0x00009228                __aeabi_dcmpgt
                0x0000923c                __aeabi_dcmpge
 .text          0x00009250       0x74 c:/users/vu/appdata/local/arduino15/packages/arduino/tools/arm-none-eabi-gcc/4.8.3-2014q1/bin/../lib/gcc/arm-none-eabi/4.8.3/armv6-m\libgcc.a(_arm_cmpsf2.o)
                0x00009250                __aeabi_cfrcmple
                0x00009258                __aeabi_cfcmpeq
                0x00009258                __aeabi_cfcmple
                0x00009268                __aeabi_fcmpeq
                0x00009274                __aeabi_fcmplt
                0x00009288                __aeabi_fcmple
                0x0000929c                __aeabi_fcmpgt
                0x000092b0                __aeabi_fcmpge
 *fill*         0x000092c4        0x4 
 .text          0x000092c8       0x40 c:/users/vu/appdata/local/arduino15/packages/arduino/tools/arm-none-eabi-gcc/4.8.3-2014q1/bin/../lib/gcc/arm-none-eabi/4.8.3/armv6-m\libgcc.a(_fixunsdfsi.o)
                0x000092c8                __aeabi_d2uiz
                0x000092c8                __fixunsdfsi
 .text          0x00009308      0x2c8 c:/users/vu/appdata/local/arduino15/packages/arduino/tools/arm-none-eabi-gcc/4.8.3-2014q1/bin/../lib/gcc/arm-none-eabi/4.8.3/armv6-m\libgcc.a(addsf3.o)
                0x00009308                __aeabi_fadd
 .text          0x000095d0       0x54 c:/users/vu/appdata/local/arduino15/packages/arduino/tools/arm-none-eabi-gcc/4.8.3-2014q1/bin/../lib/gcc/arm-none-eabi/4.8.3/armv6-m\libgcc.a(eqsf2.o)
                0x000095d0                __eqsf2
                0x000095d0                __nesf2
 .text          0x00009624       0x90 c:/users/vu/appdata/local/arduino15/packages/arduino/tools/arm-none-eabi-gcc/4.8.3-2014q1/bin/../lib/gcc/arm-none-eabi/4.8.3/armv6-m\libgcc.a(gesf2.o)
                0x00009624                __gesf2
                0x00009624                __gtsf2
 .text          0x000096b4       0x98 c:/users/vu/appdata/local/arduino15/packages/arduino/tools/arm-none-eabi-gcc/4.8.3-2014q1/bin/../lib/gcc/arm-none-eabi/4.8.3/armv6-m\libgcc.a(lesf2.o)
                0x000096b4                __ltsf2
                0x000096b4                __lesf2
 .text          0x0000974c      0x254 c:/users/vu/appdata/local/arduino15/packages/arduino/tools/arm-none-eabi-gcc/4.8.3-2014q1/bin/../lib/gcc/arm-none-eabi/4.8.3/armv6-m\libgcc.a(mulsf3.o)
                0x0000974c                __aeabi_fmul
 .text          0x000099a0      0x2e0 c:/users/vu/appdata/local/arduino15/packages/arduino/tools/arm-none-eabi-gcc/4.8.3-2014q1/bin/../lib/gcc/arm-none-eabi/4.8.3/armv6-m\libgcc.a(subsf3.o)
                0x000099a0                __aeabi_fsub
 .text          0x00009c80       0x40 c:/users/vu/appdata/local/arduino15/packages/arduino/tools/arm-none-eabi-gcc/4.8.3-2014q1/bin/../lib/gcc/arm-none-eabi/4.8.3/armv6-m\libgcc.a(fixsfsi.o)
                0x00009c80                __aeabi_f2iz
 .text          0x00009cc0       0xb8 c:/users/vu/appdata/local/arduino15/packages/arduino/tools/arm-none-eabi-gcc/4.8.3-2014q1/bin/../lib/gcc/arm-none-eabi/4.8.3/armv6-m\libgcc.a(floatsisf.o)
                0x00009cc0                __aeabi_i2f
 .text          0x00009d78       0xa0 c:/users/vu/appdata/local/arduino15/packages/arduino/tools/arm-none-eabi-gcc/4.8.3-2014q1/bin/../lib/gcc/arm-none-eabi/4.8.3/armv6-m\libgcc.a(floatunsisf.o)
                0x00009d78                __aeabi_ui2f
 .text          0x00009e18      0x638 c:/users/vu/appdata/local/arduino15/packages/arduino/tools/arm-none-eabi-gcc/4.8.3-2014q1/bin/../lib/gcc/arm-none-eabi/4.8.3/armv6-m\libgcc.a(adddf3.o)
                0x00009e18                __aeabi_dadd
 .text          0x0000a450      0x648 c:/users/vu/appdata/local/arduino15/packages/arduino/tools/arm-none-eabi-gcc/4.8.3-2014q1/bin/../lib/gcc/arm-none-eabi/4.8.3/armv6-m\libgcc.a(divdf3.o)
                0x0000a450                __aeabi_ddiv
 .text          0x0000aa98       0x94 c:/users/vu/appdata/local/arduino15/packages/arduino/tools/arm-none-eabi-gcc/4.8.3-2014q1/bin/../lib/gcc/arm-none-eabi/4.8.3/armv6-m\libgcc.a(eqdf2.o)
                0x0000aa98                __nedf2
                0x0000aa98                __eqdf2
 .text          0x0000ab2c       0xfc c:/users/vu/appdata/local/arduino15/packages/arduino/tools/arm-none-eabi-gcc/4.8.3-2014q1/bin/../lib/gcc/arm-none-eabi/4.8.3/armv6-m\libgcc.a(gedf2.o)
                0x0000ab2c                __gedf2
                0x0000ab2c                __gtdf2
 .text          0x0000ac28       0xfc c:/users/vu/appdata/local/arduino15/packages/arduino/tools/arm-none-eabi-gcc/4.8.3-2014q1/bin/../lib/gcc/arm-none-eabi/4.8.3/armv6-m\libgcc.a(ledf2.o)
                0x0000ac28                __ledf2
                0x0000ac28                __ltdf2
 .text          0x0000ad24      0x520 c:/users/vu/appdata/local/arduino15/packages/arduino/tools/arm-none-eabi-gcc/4.8.3-2014q1/bin/../lib/gcc/arm-none-eabi/4.8.3/armv6-m\libgcc.a(muldf3.o)
                0x0000ad24                __aeabi_dmul
 .text          0x0000b244      0x654 c:/users/vu/appdata/local/arduino15/packages/arduino/tools/arm-none-eabi-gcc/4.8.3-2014q1/bin/../lib/gcc/arm-none-eabi/4.8.3/armv6-m\libgcc.a(subdf3.o)
                0x0000b244                __aeabi_dsub
 .text          0x0000b898       0x68 c:/users/vu/appdata/local/arduino15/packages/arduino/tools/arm-none-eabi-gcc/4.8.3-2014q1/bin/../lib/gcc/arm-none-eabi/4.8.3/armv6-m\libgcc.a(fixdfsi.o)
                0x0000b898                __aeabi_d2iz